Archive member included to satisfy reference by file (symbol)

c:/st/stm32cubeide_1.6.0/stm32cubeide/plugins/com.st.stm32cube.ide.mcu.externaltools.gnu-tools-for-stm32.9-2020-q2-update.win32_1.5.0.202011040924/tools/bin/../lib/gcc/arm-none-eabi/9.3.1/../../../../arm-none-eabi/lib/thumb/v7e-m+fp/hard\libc_nano.a(lib_a-errno.o)
                              Core/Src/syscalls.o (__errno)
c:/st/stm32cubeide_1.6.0/stm32cubeide/plugins/com.st.stm32cube.ide.mcu.externaltools.gnu-tools-for-stm32.9-2020-q2-update.win32_1.5.0.202011040924/tools/bin/../lib/gcc/arm-none-eabi/9.3.1/../../../../arm-none-eabi/lib/thumb/v7e-m+fp/hard\libc_nano.a(lib_a-exit.o)
                              c:/st/stm32cubeide_1.6.0/stm32cubeide/plugins/com.st.stm32cube.ide.mcu.externaltools.gnu-tools-for-stm32.9-2020-q2-update.win32_1.5.0.202011040924/tools/bin/../lib/gcc/arm-none-eabi/9.3.1/../../../../arm-none-eabi/lib/thumb/v7e-m+fp/hard/crt0.o (exit)
c:/st/stm32cubeide_1.6.0/stm32cubeide/plugins/com.st.stm32cube.ide.mcu.externaltools.gnu-tools-for-stm32.9-2020-q2-update.win32_1.5.0.202011040924/tools/bin/../lib/gcc/arm-none-eabi/9.3.1/../../../../arm-none-eabi/lib/thumb/v7e-m+fp/hard\libc_nano.a(lib_a-impure.o)
                              c:/st/stm32cubeide_1.6.0/stm32cubeide/plugins/com.st.stm32cube.ide.mcu.externaltools.gnu-tools-for-stm32.9-2020-q2-update.win32_1.5.0.202011040924/tools/bin/../lib/gcc/arm-none-eabi/9.3.1/../../../../arm-none-eabi/lib/thumb/v7e-m+fp/hard\libc_nano.a(lib_a-exit.o) (_global_impure_ptr)
c:/st/stm32cubeide_1.6.0/stm32cubeide/plugins/com.st.stm32cube.ide.mcu.externaltools.gnu-tools-for-stm32.9-2020-q2-update.win32_1.5.0.202011040924/tools/bin/../lib/gcc/arm-none-eabi/9.3.1/../../../../arm-none-eabi/lib/thumb/v7e-m+fp/hard\libc_nano.a(lib_a-init.o)
                              c:/st/stm32cubeide_1.6.0/stm32cubeide/plugins/com.st.stm32cube.ide.mcu.externaltools.gnu-tools-for-stm32.9-2020-q2-update.win32_1.5.0.202011040924/tools/bin/../lib/gcc/arm-none-eabi/9.3.1/../../../../arm-none-eabi/lib/thumb/v7e-m+fp/hard/crt0.o (__libc_init_array)
c:/st/stm32cubeide_1.6.0/stm32cubeide/plugins/com.st.stm32cube.ide.mcu.externaltools.gnu-tools-for-stm32.9-2020-q2-update.win32_1.5.0.202011040924/tools/bin/../lib/gcc/arm-none-eabi/9.3.1/../../../../arm-none-eabi/lib/thumb/v7e-m+fp/hard\libc_nano.a(lib_a-memcpy-stub.o)
                              Middlewares/Third_Party/FreeRTOS/Source/queue.o (memcpy)
c:/st/stm32cubeide_1.6.0/stm32cubeide/plugins/com.st.stm32cube.ide.mcu.externaltools.gnu-tools-for-stm32.9-2020-q2-update.win32_1.5.0.202011040924/tools/bin/../lib/gcc/arm-none-eabi/9.3.1/../../../../arm-none-eabi/lib/thumb/v7e-m+fp/hard\libc_nano.a(lib_a-memset.o)
                              c:/st/stm32cubeide_1.6.0/stm32cubeide/plugins/com.st.stm32cube.ide.mcu.externaltools.gnu-tools-for-stm32.9-2020-q2-update.win32_1.5.0.202011040924/tools/bin/../lib/gcc/arm-none-eabi/9.3.1/../../../../arm-none-eabi/lib/thumb/v7e-m+fp/hard/crt0.o (memset)
c:/st/stm32cubeide_1.6.0/stm32cubeide/plugins/com.st.stm32cube.ide.mcu.externaltools.gnu-tools-for-stm32.9-2020-q2-update.win32_1.5.0.202011040924/tools/bin/../lib/gcc/arm-none-eabi/9.3.1/thumb/v7e-m+fp/hard\libgcc.a(_arm_muldf3.o)
                              Core/Src/main.o (__aeabi_dmul)
c:/st/stm32cubeide_1.6.0/stm32cubeide/plugins/com.st.stm32cube.ide.mcu.externaltools.gnu-tools-for-stm32.9-2020-q2-update.win32_1.5.0.202011040924/tools/bin/../lib/gcc/arm-none-eabi/9.3.1/thumb/v7e-m+fp/hard\libgcc.a(_arm_addsubdf3.o)
                              Core/Src/main.o (__aeabi_f2d)
c:/st/stm32cubeide_1.6.0/stm32cubeide/plugins/com.st.stm32cube.ide.mcu.externaltools.gnu-tools-for-stm32.9-2020-q2-update.win32_1.5.0.202011040924/tools/bin/../lib/gcc/arm-none-eabi/9.3.1/thumb/v7e-m+fp/hard\libgcc.a(_arm_muldivdf3.o)
                              Core/Src/main.o (__aeabi_ddiv)
c:/st/stm32cubeide_1.6.0/stm32cubeide/plugins/com.st.stm32cube.ide.mcu.externaltools.gnu-tools-for-stm32.9-2020-q2-update.win32_1.5.0.202011040924/tools/bin/../lib/gcc/arm-none-eabi/9.3.1/thumb/v7e-m+fp/hard\libgcc.a(_arm_truncdfsf2.o)
                              Core/Src/main.o (__aeabi_d2f)
c:/st/stm32cubeide_1.6.0/stm32cubeide/plugins/com.st.stm32cube.ide.mcu.externaltools.gnu-tools-for-stm32.9-2020-q2-update.win32_1.5.0.202011040924/tools/bin/../lib/gcc/arm-none-eabi/9.3.1/thumb/v7e-m+fp/hard\libgcc.a(_aeabi_uldivmod.o)
                              Drivers/STM32F4xx_HAL_Driver/Src/stm32f4xx_hal_rcc.o (__aeabi_uldivmod)
c:/st/stm32cubeide_1.6.0/stm32cubeide/plugins/com.st.stm32cube.ide.mcu.externaltools.gnu-tools-for-stm32.9-2020-q2-update.win32_1.5.0.202011040924/tools/bin/../lib/gcc/arm-none-eabi/9.3.1/thumb/v7e-m+fp/hard\libgcc.a(_udivmoddi4.o)
[...]
Memory Configuration

Name             Origin             Length             Attributes
CCMRAM           0x0000000010000000 0x0000000000010000 xrw
RAM              0x0000000020000000 0x0000000000020000 xrw
FLASH            0x0000000008000000 0x0000000000100000 xr
*default*        0x0000000000000000 0xffffffffffffffff

Linker script and memory map

LOAD c:/st/stm32cubeide_1.6.0/stm32cubeide/plugins/com.st.stm32cube.ide.mcu.externaltools.gnu-tools-for-stm32.9-2020-q2-update.win32_1.5.0.202011040924/tools/bin/../lib/gcc/arm-none-eabi/9.3.1/thumb/v7e-m+fp/hard/crti.o
LOAD c:/st/stm32cubeide_1.6.0/stm32cubeide/plugins/com.st.stm32cube.ide.mcu.externaltools.gnu-tools-for-stm32.9-2020-q2-update.win32_1.5.0.202011040924/tools/bin/../lib/gcc/arm-none-eabi/9.3.1/thumb/v7e-m+fp/hard/crtbegin.o
LOAD c:/st/stm32cubeide_1.6.0/stm32cubeide/plugins/com.st.stm32cube.ide.mcu.externaltools.gnu-tools-for-stm32.9-2020-q2-update.win32_1.5.0.202011040924/tools/bin/../lib/gcc/arm-none-eabi/9.3.1/../../../../arm-none-eabi/lib/thumb/v7e-m+fp/hard/crt0.o
LOAD Core/Src/freertos.o
LOAD Core/Src/main.o
LOAD Core/Src/stm32f4xx_hal_msp.o
LOAD Core/Src/stm32f4xx_hal_timebase_tim.o
LOAD Core/Src/stm32f4xx_it.o
LOAD Core/Src/syscalls.o
LOAD Core/Src/sysmem.o
LOAD Core/Src/system_stm32f4xx.o
LOAD Core/Startup/startup_stm32f407zgtx.o
LOAD Drivers/STM32F4xx_HAL_Driver/Src/stm32f4xx_hal.o
LOAD Drivers/STM32F4xx_HAL_Driver/Src/stm32f4xx_hal_cortex.o
LOAD Drivers/STM32F4xx_HAL_Driver/Src/stm32f4xx_hal_dma.o
LOAD Drivers/STM32F4xx_HAL_Driver/Src/stm32f4xx_hal_dma_ex.o
LOAD Drivers/STM32F4xx_HAL_Driver/Src/stm32f4xx_hal_exti.o
LOAD Drivers/STM32F4xx_HAL_Driver/Src/stm32f4xx_hal_flash.o
LOAD Drivers/STM32F4xx_HAL_Driver/Src/stm32f4xx_hal_flash_ex.o
LOAD Drivers/STM32F4xx_HAL_Driver/Src/stm32f4xx_hal_flash_ramfunc.o
LOAD Drivers/STM32F4xx_HAL_Driver/Src/stm32f4xx_hal_gpio.o
LOAD Drivers/STM32F4xx_HAL_Driver/Src/stm32f4xx_hal_pwr.o
LOAD Drivers/STM32F4xx_HAL_Driver/Src/stm32f4xx_hal_pwr_ex.o
LOAD Drivers/STM32F4xx_HAL_Driver/Src/stm32f4xx_hal_rcc.o
LOAD Drivers/STM32F4xx_HAL_Driver/Src/stm32f4xx_hal_rcc_ex.o
LOAD Drivers/STM32F4xx_HAL_Driver/Src/stm32f4xx_hal_tim.o
LOAD Drivers/STM32F4xx_HAL_Driver/Src/stm32f4xx_hal_tim_ex.o
LOAD Drivers/STM32F4xx_HAL_Driver/Src/stm32f4xx_hal_uart.o
LOAD Middlewares/Third_Party/FreeRTOS/Source/CMSIS_RTOS/cmsis_os.o
LOAD Middlewares/Third_Party/FreeRTOS/Source/croutine.o
LOAD Middlewares/Third_Party/FreeRTOS/Source/event_groups.o
LOAD Middlewares/Third_Party/FreeRTOS/Source/list.o
LOAD Middlewares/Third_Party/FreeRTOS/Source/queue.o
LOAD Middlewares/Third_Party/FreeRTOS/Source/stream_buffer.o
LOAD Middlewares/Third_Party/FreeRTOS/Source/tasks.o
LOAD Middlewares/Third_Party/FreeRTOS/Source/timers.o
LOAD Middlewares/Third_Party/FreeRTOS/Source/portable/GCC/ARM_CM4F/port.o
LOAD Middlewares/Third_Party/FreeRTOS/Source/portable/MemMang/heap_4.o
START GROUP
LOAD c:/st/stm32cubeide_1.6.0/stm32cubeide/plugins/com.st.stm32cube.ide.mcu.externaltools.gnu-tools-for-stm32.9-2020-q2-update.win32_1.5.0.202011040924/tools/bin/../lib/gcc/arm-none-eabi/9.3.1/../../../../arm-none-eabi/lib/thumb/v7e-m+fp/hard\libstdc++_nano.a
LOAD c:/st/stm32cubeide_1.6.0/stm32cubeide/plugins/com.st.stm32cube.ide.mcu.externaltools.gnu-tools-for-stm32.9-2020-q2-update.win32_1.5.0.202011040924/tools/bin/../lib/gcc/arm-none-eabi/9.3.1/../../../../arm-none-eabi/lib/thumb/v7e-m+fp/hard\libsupc++_nano.a
END GROUP
LOAD c:/st/stm32cubeide_1.6.0/stm32cubeide/plugins/com.st.stm32cube.ide.mcu.externaltools.gnu-tools-for-stm32.9-2020-q2-update.win32_1.5.0.202011040924/tools/bin/../lib/gcc/arm-none-eabi/9.3.1/../../../../arm-none-eabi/lib/thumb/v7e-m+fp/hard\libstdc++_nano.a
LOAD c:/st/stm32cubeide_1.6.0/stm32cubeide/plugins/com.st.stm32cube.ide.mcu.externaltools.gnu-tools-for-stm32.9-2020-q2-update.win32_1.5.0.202011040924/tools/bin/../lib/gcc/arm-none-eabi/9.3.1/../../../../arm-none-eabi/lib/thumb/v7e-m+fp/hard\libm.a
LOAD c:/st/stm32cubeide_1.6.0/stm32cubeide/plugins/com.st.stm32cube.ide.mcu.externaltools.gnu-tools-for-stm32.9-2020-q2-update.win32_1.5.0.202011040924/tools/bin/../lib/gcc/arm-none-eabi/9.3.1/../../../../arm-none-eabi/lib/thumb/v7e-m+fp/hard\libc_nano.a
START GROUP
LOAD c:/st/stm32cubeide_1.6.0/stm32cubeide/plugins/com.st.stm32cube.ide.mcu.externaltools.gnu-tools-for-stm32.9-2020-q2-update.win32_1.5.0.202011040924/tools/bin/../lib/gcc/arm-none-eabi/9.3.1/thumb/v7e-m+fp/hard\libgcc.a
LOAD c:/st/stm32cubeide_1.6.0/stm32cubeide/plugins/com.st.stm32cube.ide.mcu.externaltools.gnu-tools-for-stm32.9-2020-q2-update.win32_1.5.0.202011040924/tools/bin/../lib/gcc/arm-none-eabi/9.3.1/../../../../arm-none-eabi/lib/thumb/v7e-m+fp/hard\libc_nano.a
END GROUP
START GROUP
LOAD c:/st/stm32cubeide_1.6.0/stm32cubeide/plugins/com.st.stm32cube.ide.mcu.externaltools.gnu-tools-for-stm32.9-2020-q2-update.win32_1.5.0.202011040924/tools/bin/../lib/gcc/arm-none-eabi/9.3.1/thumb/v7e-m+fp/hard\libgcc.a
LOAD c:/st/stm32cubeide_1.6.0/stm32cubeide/plugins/com.st.stm32cube.ide.mcu.externaltools.gnu-tools-for-stm32.9-2020-q2-update.win32_1.5.0.202011040924/tools/bin/../lib/gcc/arm-none-eabi/9.3.1/../../../../arm-none-eabi/lib/thumb/v7e-m+fp/hard\libc_nano.a
LOAD c:/st/stm32cubeide_1.6.0/stm32cubeide/plugins/com.st.stm32cube.ide.mcu.externaltools.gnu-tools-for-stm32.9-2020-q2-update.win32_1.5.0.202011040924/tools/bin/../lib/gcc/arm-none-eabi/9.3.1/../../../../arm-none-eabi/lib/thumb/v7e-m+fp/hard\libnosys.a
END GROUP
START GROUP
LOAD c:/st/stm32cubeide_1.6.0/stm32cubeide/plugins/com.st.stm32cube.ide.mcu.externaltools.gnu-tools-for-stm32.9-2020-q2-update.win32_1.5.0.202011040924/tools/bin/../lib/gcc/arm-none-eabi/9.3.1/thumb/v7e-m+fp/hard\libgcc.a
LOAD c:/st/stm32cubeide_1.6.0/stm32cubeide/plugins/com.st.stm32cube.ide.mcu.externaltools.gnu-tools-for-stm32.9-2020-q2-update.win32_1.5.0.202011040924/tools/bin/../lib/gcc/arm-none-eabi/9.3.1/../../../../arm-none-eabi/lib/thumb/v7e-m+fp/hard\libc_nano.a
LOAD c:/st/stm32cubeide_1.6.0/stm32cubeide/plugins/com.st.stm32cube.ide.mcu.externaltools.gnu-tools-for-stm32.9-2020-q2-update.win32_1.5.0.202011040924/tools/bin/../lib/gcc/arm-none-eabi/9.3.1/../../../../arm-none-eabi/lib/thumb/v7e-m+fp/hard\libnosys.a
END GROUP
LOAD c:/st/stm32cubeide_1.6.0/stm32cubeide/plugins/com.st.stm32cube.ide.mcu.externaltools.gnu-tools-for-stm32.9-2020-q2-update.win32_1.5.0.202011040924/tools/bin/../lib/gcc/arm-none-eabi/9.3.1/thumb/v7e-m+fp/hard/crtend.o
LOAD c:/st/stm32cubeide_1.6.0/stm32cubeide/plugins/com.st.stm32cube.ide.mcu.externaltools.gnu-tools-for-stm32.9-2020-q2-update.win32_1.5.0.202011040924/tools/bin/../lib/gcc/arm-none-eabi/9.3.1/thumb/v7e-m+fp/hard/crtn.o
                0x0000000020020000                _estack = (ORIGIN (RAM) + LENGTH (RAM))
                0x0000000000000200                _Min_Heap_Size = 0x200
                0x0000000000000400                _Min_Stack_Size = 0x400

.isr_vector     0x0000000008000000      0x188
                0x0000000008000000                . = ALIGN (0x4)
 *(.isr_vector)
 .isr_vector    0x0000000008000000      0x188 Core/Startup/startup_stm32f407zgtx.o
                0x0000000008000000                g_pfnVectors
                0x0000000008000188                . = ALIGN (0x4)

.text           0x0000000008000190     0x89c8
                0x0000000008000190                . = ALIGN (0x4)
 *(.text)
 .text          0x0000000008000190       0x40 c:/st/stm32cubeide_1.6.0/stm32cubeide/plugins/com.st.stm32cube.ide.mcu.externaltools.gnu-tools-for-stm32.9-2020-q2-update.win32_1.5.0.202011040924/tools/bin/../lib/gcc/arm-none-eabi/9.3.1/thumb/v7e-m+fp/hard/crtbegin.o
 .text          0x00000000080001d0      0x378 c:/st/stm32cubeide_1.6.0/stm32cubeide/plugins/com.st.stm32cube.ide.mcu.externaltools.gnu-tools-for-stm32.9-2020-q2-update.win32_1.5.0.202011040924/tools/bin/../lib/gcc/arm-none-eabi/9.3.1/thumb/v7e-m+fp/hard\libgcc.a(_arm_addsubdf3.o)
                0x00000000080001d0                __aeabi_drsub
                0x00000000080001d8                __aeabi_dsub
                0x00000000080001d8                __subdf3
                0x00000000080001dc                __aeabi_dadd
                0x00000000080001dc                __adddf3
                0x0000000008000454                __floatunsidf
                0x0000000008000454                __aeabi_ui2d
                0x0000000008000474                __floatsidf
                0x0000000008000474                __aeabi_i2d
                0x0000000008000498                __aeabi_f2d
                0x0000000008000498                __extendsfdf2
                0x00000000080004dc                __floatundidf
                0x00000000080004dc                __aeabi_ul2d
                0x00000000080004ec                __floatdidf
                0x00000000080004ec                __aeabi_l2d
 .text          0x0000000008000548      0x424 c:/st/stm32cubeide_1.6.0/stm32cubeide/plugins/com.st.stm32cube.ide.mcu.externaltools.gnu-tools-for-stm32.9-2020-q2-update.win32_1.5.0.202011040924/tools/bin/../lib/gcc/arm-none-eabi/9.3.1/thumb/v7e-m+fp/hard\libgcc.a(_arm_muldivdf3.o)
                0x0000000008000548                __aeabi_dmul
                0x0000000008000548                __muldf3
                0x000000000800079c                __divdf3
                0x000000000800079c                __aeabi_ddiv
 .text          0x000000000800096c       0xa0 c:/st/stm32cubeide_1.6.0/stm32cubeide/plugins/com.st.stm32cube.ide.mcu.externaltools.gnu-tools-for-stm32.9-2020-q2-update.win32_1.5.0.202011040924/tools/bin/../lib/gcc/arm-none-eabi/9.3.1/thumb/v7e-m+fp/hard\libgcc.a(_arm_truncdfsf2.o)
                0x000000000800096c                __truncdfsf2
                0x000000000800096c                __aeabi_d2f
 .text          0x0000000008000a0c       0x30 c:/st/stm32cubeide_1.6.0/stm32cubeide/plugins/com.st.stm32cube.ide.mcu.externaltools.gnu-tools-for-stm32.9-2020-q2-update.win32_1.5.0.202011040924/tools/bin/../lib/gcc/arm-none-eabi/9.3.1/thumb/v7e-m+fp/hard\libgcc.a(_aeabi_uldivmod.o)
                0x0000000008000a0c                __aeabi_uldivmod
 .text          0x0000000008000a3c      0x2c4 c:/st/stm32cubeide_1.6.0/stm32cubeide/plugins/com.st.stm32cube.ide.mcu.externaltools.gnu-tools-for-stm32.9-2020-q2-update.win32_1.5.0.202011040924/tools/bin/../lib/gcc/arm-none-eabi/9.3.1/thumb/v7e-m+fp/hard\libgcc.a(_udivmoddi4.o)
                0x0000000008000a3c                __udivmoddi4
 .text          0x0000000008000d00        0x4 c:/st/stm32cubeide_1.6.0/stm32cubeide/plugins/com.st.stm32cube.ide.mcu.externaltools.gnu-tools-for-stm32.9-2020-q2-update.win32_1.5.0.202011040924/tools/bin/../lib/gcc/arm-none-eabi/9.3.1/thumb/v7e-m+fp/hard\libgcc.a(_dvmd_tls.o)
                0x0000000008000d00                __aeabi_idiv0
                0x0000000008000d00                __aeabi_ldiv0
 *(.text*)
 .text.vApplicationGetIdleTaskMemory
                0x0000000008000d04       0x34 Core/Src/freertos.o
                0x0000000008000d04                vApplicationGetIdleTaskMemory
 .text.main     0x0000000008000d38      0x1f4 Core/Src/main.o
                0x0000000008000d38                main
 .text.SystemClock_Config
                0x0000000008000f2c       0xd8 Core/Src/main.o
                0x0000000008000f2c                SystemClock_Config
 .text.MX_TIM2_Init
                0x0000000008001004       0xa8 Core/Src/main.o
 .text.MX_TIM3_Init
                0x00000000080010ac       0xec Core/Src/main.o
 .text.MX_TIM4_Init
                0x0000000008001198       0xec Core/Src/main.o
 .text.MX_TIM8_Init
                0x0000000008001284       0xac Core/Src/main.o
 .text.MX_UART5_Init
                0x0000000008001330       0x54 Core/Src/main.o
 .text.MX_USART1_UART_Init
                0x0000000008001384       0x54 Core/Src/main.o
 .text.MX_USART2_UART_Init
                0x00000000080013d8       0x54 Core/Src/main.o
 .text.MX_USART3_UART_Init
                0x000000000800142c       0x54 Core/Src/main.o
 .text.MX_GPIO_Init
                0x0000000008001480      0x154 Core/Src/main.o
 .text.Car_Initial
                0x00000000080015d4       0x58 Core/Src/main.o
                0x00000000080015d4                Car_Initial
 .text.Car_Stop
                0x000000000800162c       0x1c Core/Src/main.o
                0x000000000800162c                Car_Stop
 .text.delay    0x0000000008001648       0x24 Core/Src/main.o
                0x0000000008001648                delay
 .text.Angle_Diff
                0x000000000800166c       0xcc Core/Src/main.o
                0x000000000800166c                Angle_Diff
 .text.PID_Turning
                0x0000000008001738      0x2cc Core/Src/main.o
                0x0000000008001738                PID_Turning
 .text.PID_Straight
                0x0000000008001a04      0x1fc Core/Src/main.o
                0x0000000008001a04                PID_Straight
 .text.PID_Line_Follow
                0x0000000008001c00      0x20c Core/Src/main.o
                0x0000000008001c00                PID_Line_Follow
 .text.Ultrasonic_Feedback
                0x0000000008001e0c       0xb8 Core/Src/main.o
                0x0000000008001e0c                Ultrasonic_Feedback
 .text.HAL_UART_RxCpltCallback
                0x0000000008001ec4       0x94 Core/Src/main.o
                0x0000000008001ec4                HAL_UART_RxCpltCallback
 .text.State_Transition
                0x0000000008001f58       0xd8 Core/Src/main.o
                0x0000000008001f58                State_Transition
 .text.PWM_SET_LEFT
                0x0000000008002030       0x70 Core/Src/main.o
                0x0000000008002030                PWM_SET_LEFT
 .text.PWM_SET_RIGHT
                0x00000000080020a0       0x70 Core/Src/main.o
                0x00000000080020a0                PWM_SET_RIGHT
 .text.StreamTask
                0x0000000008002110      0x1d4 Core/Src/main.o
                0x0000000008002110                StreamTask
 .text.GyroReceiveTask
                0x00000000080022e4      0x2a8 Core/Src/main.o
                0x00000000080022e4                GyroReceiveTask
 .text.DistanceCheckTask
                0x000000000800258c       0xb8 Core/Src/main.o
                0x000000000800258c                DistanceCheckTask
 .text.MileageTask
                0x0000000008002644       0x7c Core/Src/main.o
                0x0000000008002644                MileageTask
 .text.GoStraightTask
                0x00000000080026c0       0x34 Core/Src/main.o
                0x00000000080026c0                GoStraightTask
 .text.LineSearchTask
                0x00000000080026f4      0x11c Core/Src/main.o
                0x00000000080026f4                LineSearchTask
 .text.HAL_TIM_PeriodElapsedCallback
                0x0000000008002810       0x4c Core/Src/main.o
                0x0000000008002810                HAL_TIM_PeriodElapsedCallback
 .text.Error_Handler
                0x000000000800285c        0xa Core/Src/main.o
                0x000000000800285c                Error_Handler
 *fill*         0x0000000008002866        0x2 
 .text.HAL_MspInit
                0x0000000008002868       0x58 Core/Src/stm32f4xx_hal_msp.o
                0x0000000008002868                HAL_MspInit
 .text.HAL_TIM_Encoder_MspInit
                0x00000000080028c0      0x108 Core/Src/stm32f4xx_hal_msp.o
                0x00000000080028c0                HAL_TIM_Encoder_MspInit
 .text.HAL_TIM_Base_MspInit
                0x00000000080029c8       0x70 Core/Src/stm32f4xx_hal_msp.o
                0x00000000080029c8                HAL_TIM_Base_MspInit
 .text.HAL_TIM_MspPostInit
                0x0000000008002a38       0xc4 Core/Src/stm32f4xx_hal_msp.o
                0x0000000008002a38                HAL_TIM_MspPostInit
 .text.HAL_UART_MspInit
                0x0000000008002afc      0x234 Core/Src/stm32f4xx_hal_msp.o
                0x0000000008002afc                HAL_UART_MspInit
 .text.HAL_InitTick
                0x0000000008002d30       0xb4 Core/Src/stm32f4xx_hal_timebase_tim.o
                0x0000000008002d30                HAL_InitTick
 .text.NMI_Handler
                0x0000000008002de4        0xa Core/Src/stm32f4xx_it.o
                0x0000000008002de4                NMI_Handler
 .text.HardFault_Handler
                0x0000000008002dee        0x6 Core/Src/stm32f4xx_it.o
                0x0000000008002dee                HardFault_Handler
 .text.MemManage_Handler
                0x0000000008002df4        0x6 Core/Src/stm32f4xx_it.o
                0x0000000008002df4                MemManage_Handler
 .text.BusFault_Handler
                0x0000000008002dfa        0x6 Core/Src/stm32f4xx_it.o
                0x0000000008002dfa                BusFault_Handler
 .text.UsageFault_Handler
                0x0000000008002e00        0x6 Core/Src/stm32f4xx_it.o
                0x0000000008002e00                UsageFault_Handler
 .text.DebugMon_Handler
                0x0000000008002e06        0xe Core/Src/stm32f4xx_it.o
                0x0000000008002e06                DebugMon_Handler
 .text.TIM1_UP_TIM10_IRQHandler
                0x0000000008002e14       0x14 Core/Src/stm32f4xx_it.o
                0x0000000008002e14                TIM1_UP_TIM10_IRQHandler
 .text.TIM2_IRQHandler
                0x0000000008002e28       0x14 Core/Src/stm32f4xx_it.o
                0x0000000008002e28                TIM2_IRQHandler
 .text.USART1_IRQHandler
                0x0000000008002e3c       0x14 Core/Src/stm32f4xx_it.o
                0x0000000008002e3c                USART1_IRQHandler
 .text.USART2_IRQHandler
                0x0000000008002e50       0x14 Core/Src/stm32f4xx_it.o
                0x0000000008002e50                USART2_IRQHandler
 .text.SystemInit
                0x0000000008002e64       0x24 Core/Src/system_stm32f4xx.o
                0x0000000008002e64                SystemInit
 .text.Reset_Handler
                0x0000000008002e88       0x50 Core/Startup/startup_stm32f407zgtx.o
                0x0000000008002e88                Reset_Handler
 .text.Default_Handler
                0x0000000008002ed8        0x2 Core/Startup/startup_stm32f407zgtx.o
                0x0000000008002ed8                RTC_Alarm_IRQHandler
                0x0000000008002ed8                HASH_RNG_IRQHandler
                0x0000000008002ed8                EXTI2_IRQHandler
                0x0000000008002ed8                TIM8_CC_IRQHandler
                0x0000000008002ed8                TIM1_CC_IRQHandler
                0x0000000008002ed8                DMA2_Stream5_IRQHandler
                0x0000000008002ed8                DMA1_Stream5_IRQHandler
                0x0000000008002ed8                PVD_IRQHandler
                0x0000000008002ed8                SDIO_IRQHandler
                0x0000000008002ed8                TAMP_STAMP_IRQHandler
                0x0000000008002ed8                CAN2_RX1_IRQHandler
                0x0000000008002ed8                EXTI3_IRQHandler
                0x0000000008002ed8                TIM8_TRG_COM_TIM14_IRQHandler
                0x0000000008002ed8                TIM8_UP_TIM13_IRQHandler
                0x0000000008002ed8                I2C3_ER_IRQHandler
                0x0000000008002ed8                EXTI0_IRQHandler
                0x0000000008002ed8                I2C2_EV_IRQHandler
                0x0000000008002ed8                DMA1_Stream2_IRQHandler
                0x0000000008002ed8                CAN1_RX0_IRQHandler
                0x0000000008002ed8                FPU_IRQHandler
                0x0000000008002ed8                OTG_HS_WKUP_IRQHandler
                0x0000000008002ed8                CAN2_SCE_IRQHandler
                0x0000000008002ed8                DMA2_Stream2_IRQHandler
                0x0000000008002ed8                SPI1_IRQHandler
                0x0000000008002ed8                TIM6_DAC_IRQHandler
                0x0000000008002ed8                TIM1_BRK_TIM9_IRQHandler
                0x0000000008002ed8                DCMI_IRQHandler
                0x0000000008002ed8                CAN2_RX0_IRQHandler
                0x0000000008002ed8                DMA2_Stream3_IRQHandler
                0x0000000008002ed8                USART6_IRQHandler
                0x0000000008002ed8                USART3_IRQHandler
                0x0000000008002ed8                CAN1_RX1_IRQHandler
                0x0000000008002ed8                UART5_IRQHandler
                0x0000000008002ed8                DMA2_Stream0_IRQHandler
                0x0000000008002ed8                TIM4_IRQHandler
                0x0000000008002ed8                I2C1_EV_IRQHandler
                0x0000000008002ed8                DMA1_Stream6_IRQHandler
                0x0000000008002ed8                DMA1_Stream1_IRQHandler
                0x0000000008002ed8                UART4_IRQHandler
                0x0000000008002ed8                TIM3_IRQHandler
                0x0000000008002ed8                RCC_IRQHandler
                0x0000000008002ed8                TIM8_BRK_TIM12_IRQHandler
                0x0000000008002ed8                Default_Handler
                0x0000000008002ed8                EXTI15_10_IRQHandler
                0x0000000008002ed8                ADC_IRQHandler
                0x0000000008002ed8                DMA1_Stream7_IRQHandler
                0x0000000008002ed8                TIM7_IRQHandler
                0x0000000008002ed8                CAN2_TX_IRQHandler
                0x0000000008002ed8                TIM5_IRQHandler
                0x0000000008002ed8                DMA2_Stream7_IRQHandler
                0x0000000008002ed8                I2C3_EV_IRQHandler
                0x0000000008002ed8                EXTI9_5_IRQHandler
                0x0000000008002ed8                RTC_WKUP_IRQHandler
                0x0000000008002ed8                ETH_WKUP_IRQHandler
                0x0000000008002ed8                SPI2_IRQHandler
                0x0000000008002ed8                OTG_HS_EP1_IN_IRQHandler
                0x0000000008002ed8                DMA1_Stream0_IRQHandler
                0x0000000008002ed8                CAN1_TX_IRQHandler
                0x0000000008002ed8                EXTI4_IRQHandler
                0x0000000008002ed8                FSMC_IRQHandler
                0x0000000008002ed8                ETH_IRQHandler
                0x0000000008002ed8                OTG_HS_EP1_OUT_IRQHandler
                0x0000000008002ed8                WWDG_IRQHandler
                0x0000000008002ed8                OTG_FS_WKUP_IRQHandler
                0x0000000008002ed8                TIM1_TRG_COM_TIM11_IRQHandler
                0x0000000008002ed8                OTG_HS_IRQHandler
                0x0000000008002ed8                EXTI1_IRQHandler
                0x0000000008002ed8                I2C2_ER_IRQHandler
                0x0000000008002ed8                DMA2_Stream1_IRQHandler
                0x0000000008002ed8                CAN1_SCE_IRQHandler
                0x0000000008002ed8                FLASH_IRQHandler
                0x0000000008002ed8                DMA2_Stream4_IRQHandler
                0x0000000008002ed8                OTG_FS_IRQHandler
                0x0000000008002ed8                SPI3_IRQHandler
                0x0000000008002ed8                DMA1_Stream4_IRQHandler
                0x0000000008002ed8                I2C1_ER_IRQHandler
                0x0000000008002ed8                DMA2_Stream6_IRQHandler
                0x0000000008002ed8                DMA1_Stream3_IRQHandler
 *fill*         0x0000000008002eda        0x2 
 .text.HAL_Init
                0x0000000008002edc       0x44 Drivers/STM32F4xx_HAL_Driver/Src/stm32f4xx_hal.o
                0x0000000008002edc                HAL_Init
 .text.HAL_IncTick
                0x0000000008002f20       0x28 Drivers/STM32F4xx_HAL_Driver/Src/stm32f4xx_hal.o
                0x0000000008002f20                HAL_IncTick
 .text.HAL_GetTick
                0x0000000008002f48       0x18 Drivers/STM32F4xx_HAL_Driver/Src/stm32f4xx_hal.o
                0x0000000008002f48                HAL_GetTick
 .text.__NVIC_SetPriorityGrouping
                0x0000000008002f60       0x48 Drivers/STM32F4xx_HAL_Driver/Src/stm32f4xx_hal_cortex.o
 .text.__NVIC_GetPriorityGrouping
                0x0000000008002fa8       0x1c Drivers/STM32F4xx_HAL_Driver/Src/stm32f4xx_hal_cortex.o
 .text.__NVIC_EnableIRQ
                0x0000000008002fc4       0x3c Drivers/STM32F4xx_HAL_Driver/Src/stm32f4xx_hal_cortex.o
 .text.__NVIC_SetPriority
                0x0000000008003000       0x54 Drivers/STM32F4xx_HAL_Driver/Src/stm32f4xx_hal_cortex.o
 .text.NVIC_EncodePriority
                0x0000000008003054       0x66 Drivers/STM32F4xx_HAL_Driver/Src/stm32f4xx_hal_cortex.o
 .text.HAL_NVIC_SetPriorityGrouping
                0x00000000080030ba       0x16 Drivers/STM32F4xx_HAL_Driver/Src/stm32f4xx_hal_cortex.o
                0x00000000080030ba                HAL_NVIC_SetPriorityGrouping
 .text.HAL_NVIC_SetPriority
                0x00000000080030d0       0x38 Drivers/STM32F4xx_HAL_Driver/Src/stm32f4xx_hal_cortex.o
                0x00000000080030d0                HAL_NVIC_SetPriority
 .text.HAL_NVIC_EnableIRQ
                0x0000000008003108       0x1c Drivers/STM32F4xx_HAL_Driver/Src/stm32f4xx_hal_cortex.o
                0x0000000008003108                HAL_NVIC_EnableIRQ
 .text.HAL_DMA_Abort
                0x0000000008003124       0xe0 Drivers/STM32F4xx_HAL_Driver/Src/stm32f4xx_hal_dma.o
                0x0000000008003124                HAL_DMA_Abort
 .text.HAL_DMA_Abort_IT
                0x0000000008003204       0x44 Drivers/STM32F4xx_HAL_Driver/Src/stm32f4xx_hal_dma.o
                0x0000000008003204                HAL_DMA_Abort_IT
 .text.HAL_GPIO_Init
                0x0000000008003248      0x338 Drivers/STM32F4xx_HAL_Driver/Src/stm32f4xx_hal_gpio.o
                0x0000000008003248                HAL_GPIO_Init
 .text.HAL_GPIO_WritePin
                0x0000000008003580       0x32 Drivers/STM32F4xx_HAL_Driver/Src/stm32f4xx_hal_gpio.o
                0x0000000008003580                HAL_GPIO_WritePin
 .text.HAL_GPIO_TogglePin
                0x00000000080035b2       0x34 Drivers/STM32F4xx_HAL_Driver/Src/stm32f4xx_hal_gpio.o
                0x00000000080035b2                HAL_GPIO_TogglePin
 *fill*         0x00000000080035e6        0x2 
 .text.HAL_RCC_OscConfig
                0x00000000080035e8      0x4f0 Drivers/STM32F4xx_HAL_Driver/Src/stm32f4xx_hal_rcc.o
                0x00000000080035e8                HAL_RCC_OscConfig
 .text.HAL_RCC_ClockConfig
                0x0000000008003ad8      0x1cc Drivers/STM32F4xx_HAL_Driver/Src/stm32f4xx_hal_rcc.o
                0x0000000008003ad8                HAL_RCC_ClockConfig
 .text.HAL_RCC_EnableCSS
                0x0000000008003ca4       0x18 Drivers/STM32F4xx_HAL_Driver/Src/stm32f4xx_hal_rcc.o
                0x0000000008003ca4                HAL_RCC_EnableCSS
 .text.HAL_RCC_GetSysClockFreq
                0x0000000008003cbc      0x1c4 Drivers/STM32F4xx_HAL_Driver/Src/stm32f4xx_hal_rcc.o
                0x0000000008003cbc                HAL_RCC_GetSysClockFreq
 .text.HAL_RCC_GetHCLKFreq
                0x0000000008003e80       0x18 Drivers/STM32F4xx_HAL_Driver/Src/stm32f4xx_hal_rcc.o
                0x0000000008003e80                HAL_RCC_GetHCLKFreq
 .text.HAL_RCC_GetPCLK1Freq
                0x0000000008003e98       0x28 Drivers/STM32F4xx_HAL_Driver/Src/stm32f4xx_hal_rcc.o
                0x0000000008003e98                HAL_RCC_GetPCLK1Freq
 .text.HAL_RCC_GetPCLK2Freq
                0x0000000008003ec0       0x28 Drivers/STM32F4xx_HAL_Driver/Src/stm32f4xx_hal_rcc.o
                0x0000000008003ec0                HAL_RCC_GetPCLK2Freq
 .text.HAL_RCC_GetClockConfig
                0x0000000008003ee8       0x64 Drivers/STM32F4xx_HAL_Driver/Src/stm32f4xx_hal_rcc.o
                0x0000000008003ee8                HAL_RCC_GetClockConfig
 .text.HAL_RCC_NMI_IRQHandler
                0x0000000008003f4c       0x28 Drivers/STM32F4xx_HAL_Driver/Src/stm32f4xx_hal_rcc.o
                0x0000000008003f4c                HAL_RCC_NMI_IRQHandler
 .text.HAL_RCC_CSSCallback
                0x0000000008003f74        0xe Drivers/STM32F4xx_HAL_Driver/Src/stm32f4xx_hal_rcc.o
                0x0000000008003f74                HAL_RCC_CSSCallback
 .text.HAL_TIM_Base_Init
                0x0000000008003f82       0x9e Drivers/STM32F4xx_HAL_Driver/Src/stm32f4xx_hal_tim.o
                0x0000000008003f82                HAL_TIM_Base_Init
 .text.HAL_TIM_Base_Start_IT
                0x0000000008004020       0xe0 Drivers/STM32F4xx_HAL_Driver/Src/stm32f4xx_hal_tim.o
                0x0000000008004020                HAL_TIM_Base_Start_IT
 .text.HAL_TIM_PWM_Init
                0x0000000008004100       0x9e Drivers/STM32F4xx_HAL_Driver/Src/stm32f4xx_hal_tim.o
                0x0000000008004100                HAL_TIM_PWM_Init
 .text.HAL_TIM_PWM_MspInit
                0x000000000800419e       0x14 Drivers/STM32F4xx_HAL_Driver/Src/stm32f4xx_hal_tim.o
                0x000000000800419e                HAL_TIM_PWM_MspInit
 *fill*         0x00000000080041b2        0x2 
 .text.HAL_TIM_PWM_Start
                0x00000000080041b4      0x190 Drivers/STM32F4xx_HAL_Driver/Src/stm32f4xx_hal_tim.o
                0x00000000080041b4                HAL_TIM_PWM_Start
 .text.HAL_TIM_Encoder_Init
                0x0000000008004344      0x14c Drivers/STM32F4xx_HAL_Driver/Src/stm32f4xx_hal_tim.o
                0x0000000008004344                HAL_TIM_Encoder_Init
 .text.HAL_TIM_Encoder_Start
                0x0000000008004490      0x11c Drivers/STM32F4xx_HAL_Driver/Src/stm32f4xx_hal_tim.o
                0x0000000008004490                HAL_TIM_Encoder_Start
 .text.HAL_TIM_IRQHandler
                0x00000000080045ac      0x210 Drivers/STM32F4xx_HAL_Driver/Src/stm32f4xx_hal_tim.o
                0x00000000080045ac                HAL_TIM_IRQHandler
 .text.HAL_TIM_PWM_ConfigChannel
                0x00000000080047bc      0x17c Drivers/STM32F4xx_HAL_Driver/Src/stm32f4xx_hal_tim.o
                0x00000000080047bc                HAL_TIM_PWM_ConfigChannel
 .text.HAL_TIM_ConfigClockSource
                0x0000000008004938      0x188 Drivers/STM32F4xx_HAL_Driver/Src/stm32f4xx_hal_tim.o
                0x0000000008004938                HAL_TIM_ConfigClockSource
 .text.HAL_TIM_OC_DelayElapsedCallback
                0x0000000008004ac0       0x14 Drivers/STM32F4xx_HAL_Driver/Src/stm32f4xx_hal_tim.o
                0x0000000008004ac0                HAL_TIM_OC_DelayElapsedCallback
 .text.HAL_TIM_IC_CaptureCallback
                0x0000000008004ad4       0x14 Drivers/STM32F4xx_HAL_Driver/Src/stm32f4xx_hal_tim.o
                0x0000000008004ad4                HAL_TIM_IC_CaptureCallback
 .text.HAL_TIM_PWM_PulseFinishedCallback
                0x0000000008004ae8       0x14 Drivers/STM32F4xx_HAL_Driver/Src/stm32f4xx_hal_tim.o
                0x0000000008004ae8                HAL_TIM_PWM_PulseFinishedCallback
 .text.HAL_TIM_TriggerCallback
                0x0000000008004afc       0x14 Drivers/STM32F4xx_HAL_Driver/Src/stm32f4xx_hal_tim.o
                0x0000000008004afc                HAL_TIM_TriggerCallback
 .text.TIM_Base_SetConfig
                0x0000000008004b10      0x140 Drivers/STM32F4xx_HAL_Driver/Src/stm32f4xx_hal_tim.o
                0x0000000008004b10                TIM_Base_SetConfig
 .text.TIM_OC1_SetConfig
                0x0000000008004c50       0xe0 Drivers/STM32F4xx_HAL_Driver/Src/stm32f4xx_hal_tim.o
 .text.TIM_OC2_SetConfig
                0x0000000008004d30       0xec Drivers/STM32F4xx_HAL_Driver/Src/stm32f4xx_hal_tim.o
                0x0000000008004d30                TIM_OC2_SetConfig
 .text.TIM_OC3_SetConfig
                0x0000000008004e1c       0xe8 Drivers/STM32F4xx_HAL_Driver/Src/stm32f4xx_hal_tim.o
 .text.TIM_OC4_SetConfig
                0x0000000008004f04       0xac Drivers/STM32F4xx_HAL_Driver/Src/stm32f4xx_hal_tim.o
 .text.TIM_TI1_ConfigInputStage
                0x0000000008004fb0       0x5e Drivers/STM32F4xx_HAL_Driver/Src/stm32f4xx_hal_tim.o
 .text.TIM_TI2_ConfigInputStage
                0x000000000800500e       0x60 Drivers/STM32F4xx_HAL_Driver/Src/stm32f4xx_hal_tim.o
 .text.TIM_ITRx_SetConfig
                0x000000000800506e       0x36 Drivers/STM32F4xx_HAL_Driver/Src/stm32f4xx_hal_tim.o
 .text.TIM_ETR_SetConfig
                0x00000000080050a4       0x40 Drivers/STM32F4xx_HAL_Driver/Src/stm32f4xx_hal_tim.o
                0x00000000080050a4                TIM_ETR_SetConfig
 .text.TIM_CCxChannelCmd
                0x00000000080050e4       0x4a Drivers/STM32F4xx_HAL_Driver/Src/stm32f4xx_hal_tim.o
                0x00000000080050e4                TIM_CCxChannelCmd
 *fill*         0x000000000800512e        0x2 
 .text.HAL_TIMEx_MasterConfigSynchronization
                0x0000000008005130       0xf8 Drivers/STM32F4xx_HAL_Driver/Src/stm32f4xx_hal_tim_ex.o
                0x0000000008005130                HAL_TIMEx_MasterConfigSynchronization
 .text.HAL_TIMEx_CommutCallback
                0x0000000008005228       0x14 Drivers/STM32F4xx_HAL_Driver/Src/stm32f4xx_hal_tim_ex.o
                0x0000000008005228                HAL_TIMEx_CommutCallback
 .text.HAL_TIMEx_BreakCallback
                0x000000000800523c       0x14 Drivers/STM32F4xx_HAL_Driver/Src/stm32f4xx_hal_tim_ex.o
                0x000000000800523c                HAL_TIMEx_BreakCallback
 .text.HAL_UART_Init
                0x0000000008005250       0x9a Drivers/STM32F4xx_HAL_Driver/Src/stm32f4xx_hal_uart.o
                0x0000000008005250                HAL_UART_Init
 .text.HAL_UART_Transmit
                0x00000000080052ea      0x124 Drivers/STM32F4xx_HAL_Driver/Src/stm32f4xx_hal_uart.o
                0x00000000080052ea                HAL_UART_Transmit
 .text.HAL_UART_Receive
                0x000000000800540e      0x144 Drivers/STM32F4xx_HAL_Driver/Src/stm32f4xx_hal_uart.o
                0x000000000800540e                HAL_UART_Receive
 .text.HAL_UART_Receive_IT
                0x0000000008005552       0x60 Drivers/STM32F4xx_HAL_Driver/Src/stm32f4xx_hal_uart.o
                0x0000000008005552                HAL_UART_Receive_IT
 *fill*         0x00000000080055b2        0x2 
 .text.HAL_UART_IRQHandler
                0x00000000080055b4      0x358 Drivers/STM32F4xx_HAL_Driver/Src/stm32f4xx_hal_uart.o
                0x00000000080055b4                HAL_UART_IRQHandler
 .text.HAL_UART_TxCpltCallback
                0x000000000800590c       0x14 Drivers/STM32F4xx_HAL_Driver/Src/stm32f4xx_hal_uart.o
                0x000000000800590c                HAL_UART_TxCpltCallback
 .text.HAL_UART_ErrorCallback
                0x0000000008005920       0x14 Drivers/STM32F4xx_HAL_Driver/Src/stm32f4xx_hal_uart.o
                0x0000000008005920                HAL_UART_ErrorCallback
 .text.HAL_UARTEx_RxEventCallback
                0x0000000008005934       0x18 Drivers/STM32F4xx_HAL_Driver/Src/stm32f4xx_hal_uart.o
                0x0000000008005934                HAL_UARTEx_RxEventCallback
 .text.UART_WaitOnFlagUntilTimeout
                0x000000000800594c       0x94 Drivers/STM32F4xx_HAL_Driver/Src/stm32f4xx_hal_uart.o
 .text.UART_Start_Receive_IT
                0x00000000080059e0       0x74 Drivers/STM32F4xx_HAL_Driver/Src/stm32f4xx_hal_uart.o
                0x00000000080059e0                UART_Start_Receive_IT
 .text.UART_EndRxTransfer
                0x0000000008005a54       0x5a Drivers/STM32F4xx_HAL_Driver/Src/stm32f4xx_hal_uart.o
 .text.UART_DMAAbortOnError
                0x0000000008005aae       0x28 Drivers/STM32F4xx_HAL_Driver/Src/stm32f4xx_hal_uart.o
 .text.UART_Transmit_IT
                0x0000000008005ad6       0xa0 Drivers/STM32F4xx_HAL_Driver/Src/stm32f4xx_hal_uart.o
 .text.UART_EndTransmit_IT
                0x0000000008005b76       0x30 Drivers/STM32F4xx_HAL_Driver/Src/stm32f4xx_hal_uart.o
 .text.UART_Receive_IT
                0x0000000008005ba6      0x12e Drivers/STM32F4xx_HAL_Driver/Src/stm32f4xx_hal_uart.o
 .text.UART_SetConfig
                0x0000000008005cd4      0x390 Drivers/STM32F4xx_HAL_Driver/Src/stm32f4xx_hal_uart.o
 .text.makeFreeRtosPriority
                0x0000000008006064       0x30 Middlewares/Third_Party/FreeRTOS/Source/CMSIS_RTOS/cmsis_os.o
 .text.inHandlerMode
                0x0000000008006094       0x24 Middlewares/Third_Party/FreeRTOS/Source/CMSIS_RTOS/cmsis_os.o
 .text.osKernelStart
                0x00000000080060b8        0xe Middlewares/Third_Party/FreeRTOS/Source/CMSIS_RTOS/cmsis_os.o
                0x00000000080060b8                osKernelStart
 .text.osKernelSysTick
                0x00000000080060c6       0x20 Middlewares/Third_Party/FreeRTOS/Source/CMSIS_RTOS/cmsis_os.o
                0x00000000080060c6                osKernelSysTick
 .text.osThreadCreate
                0x00000000080060e6       0x98 Middlewares/Third_Party/FreeRTOS/Source/CMSIS_RTOS/cmsis_os.o
                0x00000000080060e6                osThreadCreate
 .text.osSemaphoreCreate
                0x000000000800617e       0x64 Middlewares/Third_Party/FreeRTOS/Source/CMSIS_RTOS/cmsis_os.o
                0x000000000800617e                osSemaphoreCreate
 *fill*         0x00000000080061e2        0x2 
 .text.osSemaphoreWait
                0x00000000080061e4       0x9c Middlewares/Third_Party/FreeRTOS/Source/CMSIS_RTOS/cmsis_os.o
                0x00000000080061e4                osSemaphoreWait
 .text.osSemaphoreRelease
                0x0000000008006280       0x6c Middlewares/Third_Party/FreeRTOS/Source/CMSIS_RTOS/cmsis_os.o
                0x0000000008006280                osSemaphoreRelease
 .text.osDelayUntil
                0x00000000080062ec       0x2c Middlewares/Third_Party/FreeRTOS/Source/CMSIS_RTOS/cmsis_os.o
                0x00000000080062ec                osDelayUntil
 .text.vListInitialise
                0x0000000008006318       0x40 Middlewares/Third_Party/FreeRTOS/Source/list.o
                0x0000000008006318                vListInitialise
 .text.vListInitialiseItem
                0x0000000008006358       0x1a Middlewares/Third_Party/FreeRTOS/Source/list.o
                0x0000000008006358                vListInitialiseItem
 .text.vListInsertEnd
                0x0000000008006372       0x48 Middlewares/Third_Party/FreeRTOS/Source/list.o
                0x0000000008006372                vListInsertEnd
 .text.vListInsert
                0x00000000080063ba       0x72 Middlewares/Third_Party/FreeRTOS/Source/list.o
                0x00000000080063ba                vListInsert
 .text.uxListRemove
                0x000000000800642c       0x54 Middlewares/Third_Party/FreeRTOS/Source/list.o
                0x000000000800642c                uxListRemove
 .text.xQueueGenericReset
                0x0000000008006480       0xd0 Middlewares/Third_Party/FreeRTOS/Source/queue.o
                0x0000000008006480                xQueueGenericReset
 .text.xQueueGenericCreateStatic
                0x0000000008006550       0xf0 Middlewares/Third_Party/FreeRTOS/Source/queue.o
                0x0000000008006550                xQueueGenericCreateStatic
 .text.xQueueGenericCreate
                0x0000000008006640       0x74 Middlewares/Third_Party/FreeRTOS/Source/queue.o
                0x0000000008006640                xQueueGenericCreate
 .text.prvInitialiseNewQueue
                0x00000000080066b4       0x3e Middlewares/Third_Party/FreeRTOS/Source/queue.o
 *fill*         0x00000000080066f2        0x2 
 .text.xQueueGenericSend
                0x00000000080066f4      0x1fc Middlewares/Third_Party/FreeRTOS/Source/queue.o
                0x00000000080066f4                xQueueGenericSend
 .text.xQueueGiveFromISR
                0x00000000080068f0      0x11a Middlewares/Third_Party/FreeRTOS/Source/queue.o
                0x00000000080068f0                xQueueGiveFromISR
 *fill*         0x0000000008006a0a        0x2 
 .text.xQueueSemaphoreTake
                0x0000000008006a0c      0x218 Middlewares/Third_Party/FreeRTOS/Source/queue.o
                0x0000000008006a0c                xQueueSemaphoreTake
 .text.xQueueReceiveFromISR
                0x0000000008006c24      0x100 Middlewares/Third_Party/FreeRTOS/Source/queue.o
                0x0000000008006c24                xQueueReceiveFromISR
 .text.prvGetDisinheritPriorityAfterTimeout
                0x0000000008006d24       0x30 Middlewares/Third_Party/FreeRTOS/Source/queue.o
 .text.prvCopyDataToQueue
                0x0000000008006d54       0xd4 Middlewares/Third_Party/FreeRTOS/Source/queue.o
 .text.prvCopyDataFromQueue
                0x0000000008006e28       0x4c Middlewares/Third_Party/FreeRTOS/Source/queue.o
 .text.prvUnlockQueue
                0x0000000008006e74       0xa4 Middlewares/Third_Party/FreeRTOS/Source/queue.o
 .text.prvIsQueueEmpty
                0x0000000008006f18       0x2c Middlewares/Third_Party/FreeRTOS/Source/queue.o
 .text.prvIsQueueFull
                0x0000000008006f44       0x30 Middlewares/Third_Party/FreeRTOS/Source/queue.o
 .text.xTaskCreateStatic
                0x0000000008006f74       0xba Middlewares/Third_Party/FreeRTOS/Source/tasks.o
                0x0000000008006f74                xTaskCreateStatic
 .text.xTaskCreate
                0x000000000800702e       0x8a Middlewares/Third_Party/FreeRTOS/Source/tasks.o
                0x000000000800702e                xTaskCreate
 .text.prvInitialiseNewTask
                0x00000000080070b8      0x10e Middlewares/Third_Party/FreeRTOS/Source/tasks.o
 *fill*         0x00000000080071c6        0x2 
 .text.prvAddNewTaskToReadyList
                0x00000000080071c8       0xd4 Middlewares/Third_Party/FreeRTOS/Source/tasks.o
 .text.vTaskDelayUntil
                0x000000000800729c       0xfc Middlewares/Third_Party/FreeRTOS/Source/tasks.o
                0x000000000800729c                vTaskDelayUntil
 .text.vTaskSuspend
                0x0000000008007398      0x124 Middlewares/Third_Party/FreeRTOS/Source/tasks.o
                0x0000000008007398                vTaskSuspend
 .text.prvTaskIsTaskSuspended
                0x00000000080074bc       0x64 Middlewares/Third_Party/FreeRTOS/Source/tasks.o
 .text.vTaskResume
                0x0000000008007520       0xbc Middlewares/Third_Party/FreeRTOS/Source/tasks.o
                0x0000000008007520                vTaskResume
 .text.vTaskStartScheduler
                0x00000000080075dc       0xc0 Middlewares/Third_Party/FreeRTOS/Source/tasks.o
                0x00000000080075dc                vTaskStartScheduler
 .text.vTaskSuspendAll
                0x000000000800769c       0x1c Middlewares/Third_Party/FreeRTOS/Source/tasks.o
                0x000000000800769c                vTaskSuspendAll
 .text.xTaskResumeAll
                0x00000000080076b8      0x138 Middlewares/Third_Party/FreeRTOS/Source/tasks.o
                0x00000000080076b8                xTaskResumeAll
 .text.xTaskGetTickCount
                0x00000000080077f0       0x20 Middlewares/Third_Party/FreeRTOS/Source/tasks.o
                0x00000000080077f0                xTaskGetTickCount
 .text.xTaskGetTickCountFromISR
                0x0000000008007810       0x24 Middlewares/Third_Party/FreeRTOS/Source/tasks.o
                0x0000000008007810                xTaskGetTickCountFromISR
 .text.xTaskIncrementTick
                0x0000000008007834      0x170 Middlewares/Third_Party/FreeRTOS/Source/tasks.o
                0x0000000008007834                xTaskIncrementTick
 .text.vTaskSwitchContext
                0x00000000080079a4       0xb8 Middlewares/Third_Party/FreeRTOS/Source/tasks.o
                0x00000000080079a4                vTaskSwitchContext
 .text.vTaskPlaceOnEventList
                0x0000000008007a5c       0x48 Middlewares/Third_Party/FreeRTOS/Source/tasks.o
                0x0000000008007a5c                vTaskPlaceOnEventList
 .text.xTaskRemoveFromEventList
                0x0000000008007aa4       0xc4 Middlewares/Third_Party/FreeRTOS/Source/tasks.o
                0x0000000008007aa4                xTaskRemoveFromEventList
 .text.vTaskInternalSetTimeOutState
                0x0000000008007b68       0x2c Middlewares/Third_Party/FreeRTOS/Source/tasks.o
                0x0000000008007b68                vTaskInternalSetTimeOutState
 .text.xTaskCheckForTimeOut
                0x0000000008007b94       0xc4 Middlewares/Third_Party/FreeRTOS/Source/tasks.o
                0x0000000008007b94                xTaskCheckForTimeOut
 .text.vTaskMissedYield
                0x0000000008007c58       0x18 Middlewares/Third_Party/FreeRTOS/Source/tasks.o
                0x0000000008007c58                vTaskMissedYield
 .text.prvIdleTask
                0x0000000008007c70       0x30 Middlewares/Third_Party/FreeRTOS/Source/tasks.o
 .text.prvInitialiseTaskLists
                0x0000000008007ca0       0x80 Middlewares/Third_Party/FreeRTOS/Source/tasks.o
 .text.prvCheckTasksWaitingTermination
                0x0000000008007d20       0x5c Middlewares/Third_Party/FreeRTOS/Source/tasks.o
 .text.prvDeleteTCB
                0x0000000008007d7c       0x5e Middlewares/Third_Party/FreeRTOS/Source/tasks.o
 *fill*         0x0000000008007dda        0x2 
 .text.prvResetNextTaskUnblockTime
                0x0000000008007ddc       0x40 Middlewares/Third_Party/FreeRTOS/Source/tasks.o
 .text.xTaskGetSchedulerState
                0x0000000008007e1c       0x3c Middlewares/Third_Party/FreeRTOS/Source/tasks.o
                0x0000000008007e1c                xTaskGetSchedulerState
 .text.xTaskPriorityInherit
                0x0000000008007e58       0xec Middlewares/Third_Party/FreeRTOS/Source/tasks.o
                0x0000000008007e58                xTaskPriorityInherit
 .text.xTaskPriorityDisinherit
                0x0000000008007f44      0x10c Middlewares/Third_Party/FreeRTOS/Source/tasks.o
                0x0000000008007f44                xTaskPriorityDisinherit
 .text.vTaskPriorityDisinheritAfterTimeout
                0x0000000008008050      0x11c Middlewares/Third_Party/FreeRTOS/Source/tasks.o
                0x0000000008008050                vTaskPriorityDisinheritAfterTimeout
 .text.pvTaskIncrementMutexHeldCount
                0x000000000800816c       0x28 Middlewares/Third_Party/FreeRTOS/Source/tasks.o
                0x000000000800816c                pvTaskIncrementMutexHeldCount
 .text.prvAddCurrentTaskToDelayedList
                0x0000000008008194       0xcc Middlewares/Third_Party/FreeRTOS/Source/tasks.o
 .text.pxPortInitialiseStack
                0x0000000008008260       0x68 Middlewares/Third_Party/FreeRTOS/Source/portable/GCC/ARM_CM4F/port.o
                0x0000000008008260                pxPortInitialiseStack
 .text.prvTaskExitError
                0x00000000080082c8       0x58 Middlewares/Third_Party/FreeRTOS/Source/portable/GCC/ARM_CM4F/port.o
 .text.SVC_Handler
                0x0000000008008320       0x28 Middlewares/Third_Party/FreeRTOS/Source/portable/GCC/ARM_CM4F/port.o
                0x0000000008008320                SVC_Handler
 .text.prvPortStartFirstTask
                0x0000000008008348       0x28 Middlewares/Third_Party/FreeRTOS/Source/portable/GCC/ARM_CM4F/port.o
 .text.xPortStartScheduler
                0x0000000008008370      0x144 Middlewares/Third_Party/FreeRTOS/Source/portable/GCC/ARM_CM4F/port.o
                0x0000000008008370                xPortStartScheduler
 .text.vPortEnterCritical
                0x00000000080084b4       0x60 Middlewares/Third_Party/FreeRTOS/Source/portable/GCC/ARM_CM4F/port.o
                0x00000000080084b4                vPortEnterCritical
 .text.vPortExitCritical
                0x0000000008008514       0x54 Middlewares/Third_Party/FreeRTOS/Source/portable/GCC/ARM_CM4F/port.o
                0x0000000008008514                vPortExitCritical
 *fill*         0x0000000008008568        0x8 
 .text.PendSV_Handler
                0x0000000008008570       0x68 Middlewares/Third_Party/FreeRTOS/Source/portable/GCC/ARM_CM4F/port.o
                0x0000000008008570                PendSV_Handler
 .text.SysTick_Handler
                0x00000000080085d8       0x44 Middlewares/Third_Party/FreeRTOS/Source/portable/GCC/ARM_CM4F/port.o
                0x00000000080085d8                SysTick_Handler
 .text.vPortSetupTimerInterrupt
                0x000000000800861c       0x48 Middlewares/Third_Party/FreeRTOS/Source/portable/GCC/ARM_CM4F/port.o
                0x000000000800861c                vPortSetupTimerInterrupt
 .text.vPortEnableVFP
                0x0000000008008664       0x14 Middlewares/Third_Party/FreeRTOS/Source/portable/GCC/ARM_CM4F/port.o
 .text.vPortValidateInterruptPriority
                0x0000000008008678       0x80 Middlewares/Third_Party/FreeRTOS/Source/portable/GCC/ARM_CM4F/port.o
                0x0000000008008678                vPortValidateInterruptPriority
 .text.pvPortMalloc
                0x00000000080086f8      0x198 Middlewares/Third_Party/FreeRTOS/Source/portable/MemMang/heap_4.o
                0x00000000080086f8                pvPortMalloc
 .text.vPortFree
                0x0000000008008890       0xc4 Middlewares/Third_Party/FreeRTOS/Source/portable/MemMang/heap_4.o
                0x0000000008008890                vPortFree
 .text.prvHeapInit
                0x0000000008008954       0xc4 Middlewares/Third_Party/FreeRTOS/Source/portable/MemMang/heap_4.o
 .text.prvInsertBlockIntoFreeList
                0x0000000008008a18       0xb4 Middlewares/Third_Party/FreeRTOS/Source/portable/MemMang/heap_4.o
 .text.__libc_init_array
                0x0000000008008acc       0x48 c:/st/stm32cubeide_1.6.0/stm32cubeide/plugins/com.st.stm32cube.ide.mcu.externaltools.gnu-tools-for-stm32.9-2020-q2-update.win32_1.5.0.202011040924/tools/bin/../lib/gcc/arm-none-eabi/9.3.1/../../../../arm-none-eabi/lib/thumb/v7e-m+fp/hard\libc_nano.a(lib_a-init.o)
                0x0000000008008acc                __libc_init_array
 .text.memcpy   0x0000000008008b14       0x1c c:/st/stm32cubeide_1.6.0/stm32cubeide/plugins/com.st.stm32cube.ide.mcu.externaltools.gnu-tools-for-stm32.9-2020-q2-update.win32_1.5.0.202011040924/tools/bin/../lib/gcc/arm-none-eabi/9.3.1/../../../../arm-none-eabi/lib/thumb/v7e-m+fp/hard\libc_nano.a(lib_a-memcpy-stub.o)
                0x0000000008008b14                memcpy
 .text.memset   0x0000000008008b30       0x10 c:/st/stm32cubeide_1.6.0/stm32cubeide/plugins/com.st.stm32cube.ide.mcu.externaltools.gnu-tools-for-stm32.9-2020-q2-update.win32_1.5.0.202011040924/tools/bin/../lib/gcc/arm-none-eabi/9.3.1/../../../../arm-none-eabi/lib/thumb/v7e-m+fp/hard\libc_nano.a(lib_a-memset.o)
                0x0000000008008b30                memset
 *(.glue_7)
 .glue_7        0x0000000008008b40        0x0 linker stubs
 *(.glue_7t)
 .glue_7t       0x0000000008008b40        0x0 linker stubs
 *(.eh_frame)
 .eh_frame      0x0000000008008b40        0x0 c:/st/stm32cubeide_1.6.0/stm32cubeide/plugins/com.st.stm32cube.ide.mcu.externaltools.gnu-tools-for-stm32.9-2020-q2-update.win32_1.5.0.202011040924/tools/bin/../lib/gcc/arm-none-eabi/9.3.1/thumb/v7e-m+fp/hard/crtbegin.o
 *(.init)
 .init          0x0000000008008b40        0x4 c:/st/stm32cubeide_1.6.0/stm32cubeide/plugins/com.st.stm32cube.ide.mcu.externaltools.gnu-tools-for-stm32.9-2020-q2-update.win32_1.5.0.202011040924/tools/bin/../lib/gcc/arm-none-eabi/9.3.1/thumb/v7e-m+fp/hard/crti.o
                0x0000000008008b40                _init
 .init          0x0000000008008b44        0x8 c:/st/stm32cubeide_1.6.0/stm32cubeide/plugins/com.st.stm32cube.ide.mcu.externaltools.gnu-tools-for-stm32.9-2020-q2-update.win32_1.5.0.202011040924/tools/bin/../lib/gcc/arm-none-eabi/9.3.1/thumb/v7e-m+fp/hard/crtn.o
 *(.fini)
 .fini          0x0000000008008b4c        0x4 c:/st/stm32cubeide_1.6.0/stm32cubeide/plugins/com.st.stm32cube.ide.mcu.externaltools.gnu-tools-for-stm32.9-2020-q2-update.win32_1.5.0.202011040924/tools/bin/../lib/gcc/arm-none-eabi/9.3.1/thumb/v7e-m+fp/hard/crti.o
                0x0000000008008b4c                _fini
 .fini          0x0000000008008b50        0x8 c:/st/stm32cubeide_1.6.0/stm32cubeide/plugins/com.st.stm32cube.ide.mcu.externaltools.gnu-tools-for-stm32.9-2020-q2-update.win32_1.5.0.202011040924/tools/bin/../lib/gcc/arm-none-eabi/9.3.1/thumb/v7e-m+fp/hard/crtn.o
                0x0000000008008b58                . = ALIGN (0x4)
                0x0000000008008b58                _etext = .

.vfp11_veneer   0x0000000008008b58        0x0
 .vfp11_veneer  0x0000000008008b58        0x0 linker stubs

.v4_bx          0x0000000008008b58        0x0
 .v4_bx         0x0000000008008b58        0x0 linker stubs

.iplt           0x0000000008008b58        0x0
 .iplt          0x0000000008008b58        0x0 c:/st/stm32cubeide_1.6.0/stm32cubeide/plugins/com.st.stm32cube.ide.mcu.externaltools.gnu-tools-for-stm32.9-2020-q2-update.win32_1.5.0.202011040924/tools/bin/../lib/gcc/arm-none-eabi/9.3.1/thumb/v7e-m+fp/hard/crtbegin.o

.rodata         0x0000000008008b58      0x110
                0x0000000008008b58                . = ALIGN (0x4)
 *(.rodata)
 .rodata        0x0000000008008b58       0xef Core/Src/main.o
 *fill*         0x0000000008008c47        0x1 
 .rodata        0x0000000008008c48        0x5 Middlewares/Third_Party/FreeRTOS/Source/tasks.o
 *(.rodata*)
 *fill*         0x0000000008008c4d        0x3 
 .rodata.AHBPrescTable
                0x0000000008008c50       0x10 Core/Src/system_stm32f4xx.o
                0x0000000008008c50                AHBPrescTable
 .rodata.APBPrescTable
                0x0000000008008c60        0x8 Core/Src/system_stm32f4xx.o
                0x0000000008008c60                APBPrescTable
                0x0000000008008c68                . = ALIGN (0x4)

.ARM.extab      0x0000000008008c68        0x0
                0x0000000008008c68                . = ALIGN (0x4)
 *(.ARM.extab* .gnu.linkonce.armextab.*)
                0x0000000008008c68                . = ALIGN (0x4)

.ARM            0x0000000008008c68        0x8
                0x0000000008008c68                . = ALIGN (0x4)
                0x0000000008008c68                __exidx_start = .
 *(.ARM.exidx*)
 .ARM.exidx     0x0000000008008c68        0x8 c:/st/stm32cubeide_1.6.0/stm32cubeide/plugins/com.st.stm32cube.ide.mcu.externaltools.gnu-tools-for-stm32.9-2020-q2-update.win32_1.5.0.202011040924/tools/bin/../lib/gcc/arm-none-eabi/9.3.1/thumb/v7e-m+fp/hard\libgcc.a(_udivmoddi4.o)
                0x0000000008008c70                __exidx_end = .
                0x0000000008008c70                . = ALIGN (0x4)

.rel.dyn        0x0000000008008c70        0x0
 .rel.iplt      0x0000000008008c70        0x0 c:/st/stm32cubeide_1.6.0/stm32cubeide/plugins/com.st.stm32cube.ide.mcu.externaltools.gnu-tools-for-stm32.9-2020-q2-update.win32_1.5.0.202011040924/tools/bin/../lib/gcc/arm-none-eabi/9.3.1/thumb/v7e-m+fp/hard/crtbegin.o

.preinit_array  0x0000000008008c70        0x0
                0x0000000008008c70                . = ALIGN (0x4)
                0x0000000008008c70                PROVIDE (__preinit_array_start = .)
 *(.preinit_array*)
                0x0000000008008c70                PROVIDE (__preinit_array_end = .)
                0x0000000008008c70                . = ALIGN (0x4)

.init_array     0x0000000008008c70        0x4
                0x0000000008008c70                . = ALIGN (0x4)
                0x0000000008008c70                PROVIDE (__init_array_start = .)
 *(SORT_BY_NAME(.init_array.*))
 *(.init_array*)
 .init_array    0x0000000008008c70        0x4 c:/st/stm32cubeide_1.6.0/stm32cubeide/plugins/com.st.stm32cube.ide.mcu.externaltools.gnu-tools-for-stm32.9-2020-q2-update.win32_1.5.0.202011040924/tools/bin/../lib/gcc/arm-none-eabi/9.3.1/thumb/v7e-m+fp/hard/crtbegin.o
                0x0000000008008c74                PROVIDE (__init_array_end = .)
                0x0000000008008c74                . = ALIGN (0x4)

.fini_array     0x0000000008008c74        0x4
                0x0000000008008c74                . = ALIGN (0x4)
                [!provide]                        PROVIDE (__fini_array_start = .)
 *(SORT_BY_NAME(.fini_array.*))
 *(.fini_array*)
 .fini_array    0x0000000008008c74        0x4 c:/st/stm32cubeide_1.6.0/stm32cubeide/plugins/com.st.stm32cube.ide.mcu.externaltools.gnu-tools-for-stm32.9-2020-q2-update.win32_1.5.0.202011040924/tools/bin/../lib/gcc/arm-none-eabi/9.3.1/thumb/v7e-m+fp/hard/crtbegin.o
                [!provide]                        PROVIDE (__fini_array_end = .)
                0x0000000008008c78                . = ALIGN (0x4)
                0x0000000008008c78                _sidata = LOADADDR (.data)

.data           0x0000000020000000       0x18 load address 0x0000000008008c78
                0x0000000020000000                . = ALIGN (0x4)
                0x0000000020000000                _sdata = .
 *(.data)
 *(.data*)
 .data.mileage_IT_number
                0x0000000020000000        0x4 Core/Src/main.o
                0x0000000020000000                mileage_IT_number
 .data.PID_Straight_Reset_Flag
                0x0000000020000004        0x4 Core/Src/main.o
                0x0000000020000004                PID_Straight_Reset_Flag
 .data.SystemCoreClock
                0x0000000020000008        0x4 Core/Src/system_stm32f4xx.o
                0x0000000020000008                SystemCoreClock
 .data.uwTickPrio
                0x000000002000000c        0x4 Drivers/STM32F4xx_HAL_Driver/Src/stm32f4xx_hal.o
                0x000000002000000c                uwTickPrio
 .data.uwTickFreq
                0x0000000020000010        0x1 Drivers/STM32F4xx_HAL_Driver/Src/stm32f4xx_hal.o
                0x0000000020000010                uwTickFreq
 *fill*         0x0000000020000011        0x3 
 .data.uxCriticalNesting
                0x0000000020000014        0x4 Middlewares/Third_Party/FreeRTOS/Source/portable/GCC/ARM_CM4F/port.o
 *(.RamFunc)
 *(.RamFunc*)
                0x0000000020000018                . = ALIGN (0x4)
                0x0000000020000018                _edata = .

.igot.plt       0x0000000020000018        0x0 load address 0x0000000008008c90
 .igot.plt      0x0000000020000018        0x0 c:/st/stm32cubeide_1.6.0/stm32cubeide/plugins/com.st.stm32cube.ide.mcu.externaltools.gnu-tools-for-stm32.9-2020-q2-update.win32_1.5.0.202011040924/tools/bin/../lib/gcc/arm-none-eabi/9.3.1/thumb/v7e-m+fp/hard/crtbegin.o
                0x0000000020000018                . = ALIGN (0x4)

.bss            0x0000000020000018     0x429c load address 0x0000000008008c90
                0x0000000020000018                _sbss = .
                0x0000000020000018                __bss_start__ = _sbss
 *(.bss)
 .bss           0x0000000020000018       0x1c c:/st/stm32cubeide_1.6.0/stm32cubeide/plugins/com.st.stm32cube.ide.mcu.externaltools.gnu-tools-for-stm32.9-2020-q2-update.win32_1.5.0.202011040924/tools/bin/../lib/gcc/arm-none-eabi/9.3.1/thumb/v7e-m+fp/hard/crtbegin.o
 *(.bss*)
 .bss.xIdleTaskTCBBuffer
                0x0000000020000034       0x54 Core/Src/freertos.o
 .bss.xIdleStack
                0x0000000020000088      0x200 Core/Src/freertos.o
 .bss.Rx_Buf    0x0000000020000288        0x2 Core/Src/main.o
                0x0000000020000288                Rx_Buf
 .bss.Camera_Data
                0x000000002000028a        0x2 Core/Src/main.o
                0x000000002000028a                Camera_Data
 .bss.angle     0x000000002000028c        0xc Core/Src/main.o
                0x000000002000028c                angle
 .bss.critical_distance
                0x0000000020000298        0x8 Core/Src/main.o
                0x0000000020000298                critical_distance
 .bss.distance_flag
                0x00000000200002a0        0x4 Core/Src/main.o
                0x00000000200002a0                distance_flag
 .bss.camera_recieve_IT_flag
                0x00000000200002a4        0x4 Core/Src/main.o
                0x00000000200002a4                camera_recieve_IT_flag
 .bss.number_of_pulses
                0x00000000200002a8        0x4 Core/Src/main.o
                0x00000000200002a8                number_of_pulses
 .bss.critical_pulses
                0x00000000200002ac        0x4 Core/Src/main.o
                0x00000000200002ac                critical_pulses
 .bss.pxCurrentTCB
                0x00000000200002b0        0x4 Middlewares/Third_Party/FreeRTOS/Source/tasks.o
                0x00000000200002b0                pxCurrentTCB
 .bss.pxReadyTasksLists
                0x00000000200002b4       0x8c Middlewares/Third_Party/FreeRTOS/Source/tasks.o
 .bss.xDelayedTaskList1
                0x0000000020000340       0x14 Middlewares/Third_Party/FreeRTOS/Source/tasks.o
 .bss.xDelayedTaskList2
                0x0000000020000354       0x14 Middlewares/Third_Party/FreeRTOS/Source/tasks.o
 .bss.pxDelayedTaskList
                0x0000000020000368        0x4 Middlewares/Third_Party/FreeRTOS/Source/tasks.o
 .bss.pxOverflowDelayedTaskList
                0x000000002000036c        0x4 Middlewares/Third_Party/FreeRTOS/Source/tasks.o
 .bss.xPendingReadyList
                0x0000000020000370       0x14 Middlewares/Third_Party/FreeRTOS/Source/tasks.o
 .bss.xTasksWaitingTermination
                0x0000000020000384       0x14 Middlewares/Third_Party/FreeRTOS/Source/tasks.o
 .bss.uxDeletedTasksWaitingCleanUp
                0x0000000020000398        0x4 Middlewares/Third_Party/FreeRTOS/Source/tasks.o
 .bss.xSuspendedTaskList
                0x000000002000039c       0x14 Middlewares/Third_Party/FreeRTOS/Source/tasks.o
 .bss.uxCurrentNumberOfTasks
                0x00000000200003b0        0x4 Middlewares/Third_Party/FreeRTOS/Source/tasks.o
 .bss.xTickCount
                0x00000000200003b4        0x4 Middlewares/Third_Party/FreeRTOS/Source/tasks.o
 .bss.uxTopReadyPriority
                0x00000000200003b8        0x4 Middlewares/Third_Party/FreeRTOS/Source/tasks.o
 .bss.xSchedulerRunning
                0x00000000200003bc        0x4 Middlewares/Third_Party/FreeRTOS/Source/tasks.o
 .bss.xPendedTicks
                0x00000000200003c0        0x4 Middlewares/Third_Party/FreeRTOS/Source/tasks.o
 .bss.xYieldPending
                0x00000000200003c4        0x4 Middlewares/Third_Party/FreeRTOS/Source/tasks.o
 .bss.xNumOfOverflows
                0x00000000200003c8        0x4 Middlewares/Third_Party/FreeRTOS/Source/tasks.o
 .bss.uxTaskNumber
                0x00000000200003cc        0x4 Middlewares/Third_Party/FreeRTOS/Source/tasks.o
 .bss.xNextTaskUnblockTime
                0x00000000200003d0        0x4 Middlewares/Third_Party/FreeRTOS/Source/tasks.o
 .bss.xIdleTaskHandle
                0x00000000200003d4        0x4 Middlewares/Third_Party/FreeRTOS/Source/tasks.o
 .bss.uxSchedulerSuspended
                0x00000000200003d8        0x4 Middlewares/Third_Party/FreeRTOS/Source/tasks.o
 .bss.ucMaxSysCallPriority
                0x00000000200003dc        0x1 Middlewares/Third_Party/FreeRTOS/Source/portable/GCC/ARM_CM4F/port.o
 *fill*         0x00000000200003dd        0x3 
 .bss.ulMaxPRIGROUPValue
                0x00000000200003e0        0x4 Middlewares/Third_Party/FreeRTOS/Source/portable/GCC/ARM_CM4F/port.o
 .bss.ucHeap    0x00000000200003e4     0x3c00 Middlewares/Third_Party/FreeRTOS/Source/portable/MemMang/heap_4.o
 .bss.xStart    0x0000000020003fe4        0x8 Middlewares/Third_Party/FreeRTOS/Source/portable/MemMang/heap_4.o
 .bss.pxEnd     0x0000000020003fec        0x4 Middlewares/Third_Party/FreeRTOS/Source/portable/MemMang/heap_4.o
 .bss.xFreeBytesRemaining
                0x0000000020003ff0        0x4 Middlewares/Third_Party/FreeRTOS/Source/portable/MemMang/heap_4.o
 .bss.xMinimumEverFreeBytesRemaining
                0x0000000020003ff4        0x4 Middlewares/Third_Party/FreeRTOS/Source/portable/MemMang/heap_4.o
 .bss.xNumberOfSuccessfulAllocations
                0x0000000020003ff8        0x4 Middlewares/Third_Party/FreeRTOS/Source/portable/MemMang/heap_4.o
 .bss.xNumberOfSuccessfulFrees
                0x0000000020003ffc        0x4 Middlewares/Third_Party/FreeRTOS/Source/portable/MemMang/heap_4.o
 .bss.xBlockAllocatedBit
                0x0000000020004000        0x4 Middlewares/Third_Party/FreeRTOS/Source/portable/MemMang/heap_4.o
 *(COMMON)
 COMMON         0x0000000020004004      0x264 Core/Src/main.o
                0x0000000020004004                CriticalDistanceSemHandle
                0x0000000020004008                MileageHandle
                0x000000002000400c                htim8
                0x0000000020004054                htim4
                0x000000002000409c                huart3
                0x00000000200040e0                LineSearchHandle
                0x00000000200040e4                CameraUARTSemHandle
                0x00000000200040e8                DistanceCheckHandle
                0x00000000200040ec                GoStraightHandle
                0x00000000200040f0                htim3
                0x0000000020004138                state
                0x000000002000413c                huart5
                0x0000000020004180                huart1
                0x00000000200041c4                StreamHandle
                0x00000000200041c8                MileageSemHandle
                0x00000000200041cc                temp_state
                0x00000000200041d0                GyroReadySemHandle
                0x00000000200041d4                MileageNegSemHandle
                0x00000000200041d8                htim2
                0x0000000020004220                huart2
                0x0000000020004264                GyroReceiveHandle
 COMMON         0x0000000020004268       0x48 Core/Src/stm32f4xx_hal_timebase_tim.o
                0x0000000020004268                htim1
 COMMON         0x00000000200042b0        0x4 Drivers/STM32F4xx_HAL_Driver/Src/stm32f4xx_hal.o
                0x00000000200042b0                uwTick
                0x00000000200042b4                . = ALIGN (0x4)
                0x00000000200042b4                _ebss = .
                0x00000000200042b4                __bss_end__ = _ebss

._user_heap_stack
                0x00000000200042b4      0x604 load address 0x0000000008008c90
                0x00000000200042b8                . = ALIGN (0x8)
 *fill*         0x00000000200042b4        0x4 
                [!provide]                        PROVIDE (end = .)
                0x00000000200042b8                PROVIDE (_end = .)
                0x00000000200044b8                . = (. + _Min_Heap_Size)
 *fill*         0x00000000200042b8      0x200 
                0x00000000200048b8                . = (. + _Min_Stack_Size)
 *fill*         0x00000000200044b8      0x400 
                0x00000000200048b8                . = ALIGN (0x8)

/DISCARD/
 libc.a(*)
 libm.a(*)
 libgcc.a(*)

.ARM.attributes
                0x0000000000000000       0x30
 *(.ARM.attributes)
 .ARM.attributes
                0x0000000000000000       0x1e c:/st/stm32cubeide_1.6.0/stm32cubeide/plugins/com.st.stm32cube.ide.mcu.externaltools.gnu-tools-for-stm32.9-2020-q2-update.win32_1.5.0.202011040924/tools/bin/../lib/gcc/arm-none-eabi/9.3.1/thumb/v7e-m+fp/hard/crti.o
 .ARM.attributes
                0x000000000000001e       0x34 c:/st/stm32cubeide_1.6.0/stm32cubeide/plugins/com.st.stm32cube.ide.mcu.externaltools.gnu-tools-for-stm32.9-2020-q2-update.win32_1.5.0.202011040924/tools/bin/../lib/gcc/arm-none-eabi/9.3.1/thumb/v7e-m+fp/hard/crtbegin.o
 .ARM.attributes
                0x0000000000000052       0x34 Core/Src/freertos.o
 .ARM.attributes
                0x0000000000000086       0x34 Core/Src/main.o
 .ARM.attributes
                0x00000000000000ba       0x34 Core/Src/stm32f4xx_hal_msp.o
 .ARM.attributes
                0x00000000000000ee       0x34 Core/Src/stm32f4xx_hal_timebase_tim.o
 .ARM.attributes
                0x0000000000000122       0x34 Core/Src/stm32f4xx_it.o
 .ARM.attributes
                0x0000000000000156       0x34 Core/Src/system_stm32f4xx.o
 .ARM.attributes
                0x000000000000018a       0x21 Core/Startup/startup_stm32f407zgtx.o
 .ARM.attributes
                0x00000000000001ab       0x34 Drivers/STM32F4xx_HAL_Driver/Src/stm32f4xx_hal.o
 .ARM.attributes
                0x00000000000001df       0x34 Drivers/STM32F4xx_HAL_Driver/Src/stm32f4xx_hal_cortex.o
 .ARM.attributes
                0x0000000000000213       0x34 Drivers/STM32F4xx_HAL_Driver/Src/stm32f4xx_hal_dma.o
 .ARM.attributes
                0x0000000000000247       0x34 Drivers/STM32F4xx_HAL_Driver/Src/stm32f4xx_hal_gpio.o
 .ARM.attributes
                0x000000000000027b       0x34 Drivers/STM32F4xx_HAL_Driver/Src/stm32f4xx_hal_rcc.o
 .ARM.attributes
                0x00000000000002af       0x34 Drivers/STM32F4xx_HAL_Driver/Src/stm32f4xx_hal_tim.o
 .ARM.attributes
                0x00000000000002e3       0x34 Drivers/STM32F4xx_HAL_Driver/Src/stm32f4xx_hal_tim_ex.o
 .ARM.attributes
                0x0000000000000317       0x34 Drivers/STM32F4xx_HAL_Driver/Src/stm32f4xx_hal_uart.o
 .ARM.attributes
                0x000000000000034b       0x34 Middlewares/Third_Party/FreeRTOS/Source/CMSIS_RTOS/cmsis_os.o
 .ARM.attributes
                0x000000000000037f       0x34 Middlewares/Third_Party/FreeRTOS/Source/list.o
 .ARM.attributes
                0x00000000000003b3       0x34 Middlewares/Third_Party/FreeRTOS/Source/queue.o
 .ARM.attributes
                0x00000000000003e7       0x34 Middlewares/Third_Party/FreeRTOS/Source/tasks.o
 .ARM.attributes
                0x000000000000041b       0x34 Middlewares/Third_Party/FreeRTOS/Source/portable/GCC/ARM_CM4F/port.o
 .ARM.attributes
                0x000000000000044f       0x34 Middlewares/Third_Party/FreeRTOS/Source/portable/MemMang/heap_4.o
 .ARM.attributes
                0x0000000000000483       0x34 c:/st/stm32cubeide_1.6.0/stm32cubeide/plugins/com.st.stm32cube.ide.mcu.externaltools.gnu-tools-for-stm32.9-2020-q2-update.win32_1.5.0.202011040924/tools/bin/../lib/gcc/arm-none-eabi/9.3.1/../../../../arm-none-eabi/lib/thumb/v7e-m+fp/hard\libc_nano.a(lib_a-init.o)
 .ARM.attributes
                0x00000000000004b7       0x34 c:/st/stm32cubeide_1.6.0/stm32cubeide/plugins/com.st.stm32cube.ide.mcu.externaltools.gnu-tools-for-stm32.9-2020-q2-update.win32_1.5.0.202011040924/tools/bin/../lib/gcc/arm-none-eabi/9.3.1/../../../../arm-none-eabi/lib/thumb/v7e-m+fp/hard\libc_nano.a(lib_a-memcpy-stub.o)
 .ARM.attributes
                0x00000000000004eb       0x34 c:/st/stm32cubeide_1.6.0/stm32cubeide/plugins/com.st.stm32cube.ide.mcu.externaltools.gnu-tools-for-stm32.9-2020-q2-update.win32_1.5.0.202011040924/tools/bin/../lib/gcc/arm-none-eabi/9.3.1/../../../../arm-none-eabi/lib/thumb/v7e-m+fp/hard\libc_nano.a(lib_a-memset.o)
 .ARM.attributes
                0x000000000000051f       0x1e c:/st/stm32cubeide_1.6.0/stm32cubeide/plugins/com.st.stm32cube.ide.mcu.externaltools.gnu-tools-for-stm32.9-2020-q2-update.win32_1.5.0.202011040924/tools/bin/../lib/gcc/arm-none-eabi/9.3.1/thumb/v7e-m+fp/hard\libgcc.a(_arm_addsubdf3.o)
 .ARM.attributes
                0x000000000000053d       0x1e c:/st/stm32cubeide_1.6.0/stm32cubeide/plugins/com.st.stm32cube.ide.mcu.externaltools.gnu-tools-for-stm32.9-2020-q2-update.win32_1.5.0.202011040924/tools/bin/../lib/gcc/arm-none-eabi/9.3.1/thumb/v7e-m+fp/hard\libgcc.a(_arm_muldivdf3.o)
 .ARM.attributes
                0x000000000000055b       0x1e c:/st/stm32cubeide_1.6.0/stm32cubeide/plugins/com.st.stm32cube.ide.mcu.externaltools.gnu-tools-for-stm32.9-2020-q2-update.win32_1.5.0.202011040924/tools/bin/../lib/gcc/arm-none-eabi/9.3.1/thumb/v7e-m+fp/hard\libgcc.a(_arm_truncdfsf2.o)
 .ARM.attributes
                0x0000000000000579       0x1e c:/st/stm32cubeide_1.6.0/stm32cubeide/plugins/com.st.stm32cube.ide.mcu.externaltools.gnu-tools-for-stm32.9-2020-q2-update.win32_1.5.0.202011040924/tools/bin/../lib/gcc/arm-none-eabi/9.3.1/thumb/v7e-m+fp/hard\libgcc.a(_aeabi_uldivmod.o)
 .ARM.attributes
                0x0000000000000597       0x34 c:/st/stm32cubeide_1.6.0/stm32cubeide/plugins/com.st.stm32cube.ide.mcu.externaltools.gnu-tools-for-stm32.9-2020-q2-update.win32_1.5.0.202011040924/tools/bin/../lib/gcc/arm-none-eabi/9.3.1/thumb/v7e-m+fp/hard\libgcc.a(_udivmoddi4.o)
 .ARM.attributes
                0x00000000000005cb       0x1e c:/st/stm32cubeide_1.6.0/stm32cubeide/plugins/com.st.stm32cube.ide.mcu.externaltools.gnu-tools-for-stm32.9-2020-q2-update.win32_1.5.0.202011040924/tools/bin/../lib/gcc/arm-none-eabi/9.3.1/thumb/v7e-m+fp/hard\libgcc.a(_dvmd_tls.o)
 .ARM.attributes
                0x00000000000005e9       0x1e c:/st/stm32cubeide_1.6.0/stm32cubeide/plugins/com.st.stm32cube.ide.mcu.externaltools.gnu-tools-for-stm32.9-2020-q2-update.win32_1.5.0.202011040924/tools/bin/../lib/gcc/arm-none-eabi/9.3.1/thumb/v7e-m+fp/hard/crtn.o
OUTPUT(os2.elf elf32-littlearm)
LOAD linker stubs
LOAD c:/st/stm32cubeide_1.6.0/stm32cubeide/plugins/com.st.stm32cube.ide.mcu.externaltools.gnu-tools-for-stm32.9-2020-q2-update.win32_1.5.0.202011040924/tools/bin/../lib/gcc/arm-none-eabi/9.3.1/../../../../arm-none-eabi/lib/thumb/v7e-m+fp/hard\libc.a
LOAD c:/st/stm32cubeide_1.6.0/stm32cubeide/plugins/com.st.stm32cube.ide.mcu.externaltools.gnu-tools-for-stm32.9-2020-q2-update.win32_1.5.0.202011040924/tools/bin/../lib/gcc/arm-none-eabi/9.3.1/../../../../arm-none-eabi/lib/thumb/v7e-m+fp/hard\libm.a
LOAD c:/st/stm32cubeide_1.6.0/stm32cubeide/plugins/com.st.stm32cube.ide.mcu.externaltools.gnu-tools-for-stm32.9-2020-q2-update.win32_1.5.0.202011040924/tools/bin/../lib/gcc/arm-none-eabi/9.3.1/thumb/v7e-m+fp/hard\libgcc.a

.debug_info     0x0000000000000000    0x1637e
 .debug_info    0x0000000000000000      0x36d Core/Src/freertos.o
 .debug_info    0x000000000000036d     0x2274 Core/Src/main.o
 .debug_info    0x00000000000025e1     0x11fd Core/Src/stm32f4xx_hal_msp.o
 .debug_info    0x00000000000037de      0xc6c Core/Src/stm32f4xx_hal_timebase_tim.o
 .debug_info    0x000000000000444a      0xa75 Core/Src/stm32f4xx_it.o
 .debug_info    0x0000000000004ebf      0x5a4 Core/Src/system_stm32f4xx.o
 .debug_info    0x0000000000005463       0x22 Core/Startup/startup_stm32f407zgtx.o
 .debug_info    0x0000000000005485      0x9b2 Drivers/STM32F4xx_HAL_Driver/Src/stm32f4xx_hal.o
 .debug_info    0x0000000000005e37      0xed7 Drivers/STM32F4xx_HAL_Driver/Src/stm32f4xx_hal_cortex.o
 .debug_info    0x0000000000006d0e      0x9f1 Drivers/STM32F4xx_HAL_Driver/Src/stm32f4xx_hal_dma.o
 .debug_info    0x00000000000076ff      0x83e Drivers/STM32F4xx_HAL_Driver/Src/stm32f4xx_hal_gpio.o
 .debug_info    0x0000000000007f3d      0x996 Drivers/STM32F4xx_HAL_Driver/Src/stm32f4xx_hal_rcc.o
 .debug_info    0x00000000000088d3     0x2a90 Drivers/STM32F4xx_HAL_Driver/Src/stm32f4xx_hal_tim.o
 .debug_info    0x000000000000b363     0x1522 Drivers/STM32F4xx_HAL_Driver/Src/stm32f4xx_hal_tim_ex.o
 .debug_info    0x000000000000c885     0x1665 Drivers/STM32F4xx_HAL_Driver/Src/stm32f4xx_hal_uart.o
 .debug_info    0x000000000000deea     0x204a Middlewares/Third_Party/FreeRTOS/Source/CMSIS_RTOS/cmsis_os.o
 .debug_info    0x000000000000ff34      0xb82 Middlewares/Third_Party/FreeRTOS/Source/list.o
 .debug_info    0x0000000000010ab6     0x1ffc Middlewares/Third_Party/FreeRTOS/Source/queue.o
 .debug_info    0x0000000000012ab2     0x2651 Middlewares/Third_Party/FreeRTOS/Source/tasks.o
 .debug_info    0x0000000000015103      0x4f1 Middlewares/Third_Party/FreeRTOS/Source/portable/GCC/ARM_CM4F/port.o
 .debug_info    0x00000000000155f4      0xd8a Middlewares/Third_Party/FreeRTOS/Source/portable/MemMang/heap_4.o

.debug_abbrev   0x0000000000000000     0x2ff4
 .debug_abbrev  0x0000000000000000      0x11d Core/Src/freertos.o
 .debug_abbrev  0x000000000000011d      0x319 Core/Src/main.o
 .debug_abbrev  0x0000000000000436      0x23e Core/Src/stm32f4xx_hal_msp.o
 .debug_abbrev  0x0000000000000674      0x1bf Core/Src/stm32f4xx_hal_timebase_tim.o
 .debug_abbrev  0x0000000000000833      0x176 Core/Src/stm32f4xx_it.o
 .debug_abbrev  0x00000000000009a9      0x145 Core/Src/system_stm32f4xx.o
 .debug_abbrev  0x0000000000000aee       0x12 Core/Startup/startup_stm32f407zgtx.o
 .debug_abbrev  0x0000000000000b00      0x1ed Drivers/STM32F4xx_HAL_Driver/Src/stm32f4xx_hal.o
 .debug_abbrev  0x0000000000000ced      0x33c Drivers/STM32F4xx_HAL_Driver/Src/stm32f4xx_hal_cortex.o
 .debug_abbrev  0x0000000000001029      0x259 Drivers/STM32F4xx_HAL_Driver/Src/stm32f4xx_hal_dma.o
 .debug_abbrev  0x0000000000001282      0x1f1 Drivers/STM32F4xx_HAL_Driver/Src/stm32f4xx_hal_gpio.o
 .debug_abbrev  0x0000000000001473      0x275 Drivers/STM32F4xx_HAL_Driver/Src/stm32f4xx_hal_rcc.o
 .debug_abbrev  0x00000000000016e8      0x25e Drivers/STM32F4xx_HAL_Driver/Src/stm32f4xx_hal_tim.o
 .debug_abbrev  0x0000000000001946      0x266 Drivers/STM32F4xx_HAL_Driver/Src/stm32f4xx_hal_tim_ex.o
 .debug_abbrev  0x0000000000001bac      0x28b Drivers/STM32F4xx_HAL_Driver/Src/stm32f4xx_hal_uart.o
 .debug_abbrev  0x0000000000001e37      0x3c2 Middlewares/Third_Party/FreeRTOS/Source/CMSIS_RTOS/cmsis_os.o
 .debug_abbrev  0x00000000000021f9      0x1f7 Middlewares/Third_Party/FreeRTOS/Source/list.o
 .debug_abbrev  0x00000000000023f0      0x380 Middlewares/Third_Party/FreeRTOS/Source/queue.o
 .debug_abbrev  0x0000000000002770      0x380 Middlewares/Third_Party/FreeRTOS/Source/tasks.o
 .debug_abbrev  0x0000000000002af0      0x231 Middlewares/Third_Party/FreeRTOS/Source/portable/GCC/ARM_CM4F/port.o
 .debug_abbrev  0x0000000000002d21      0x2d3 Middlewares/Third_Party/FreeRTOS/Source/portable/MemMang/heap_4.o

.debug_aranges  0x0000000000000000     0x12d8
 .debug_aranges
                0x0000000000000000       0x20 Core/Src/freertos.o
 .debug_aranges
                0x0000000000000020      0x110 Core/Src/main.o
 .debug_aranges
                0x0000000000000130       0x58 Core/Src/stm32f4xx_hal_msp.o
 .debug_aranges
                0x0000000000000188       0x30 Core/Src/stm32f4xx_hal_timebase_tim.o
 .debug_aranges
                0x00000000000001b8       0x68 Core/Src/stm32f4xx_it.o
 .debug_aranges
                0x0000000000000220       0x28 Core/Src/system_stm32f4xx.o
 .debug_aranges
                0x0000000000000248       0x28 Core/Startup/startup_stm32f407zgtx.o
 .debug_aranges
                0x0000000000000270       0xf0 Drivers/STM32F4xx_HAL_Driver/Src/stm32f4xx_hal.o
 .debug_aranges
                0x0000000000000360      0x118 Drivers/STM32F4xx_HAL_Driver/Src/stm32f4xx_hal_cortex.o
 .debug_aranges
                0x0000000000000478       0x90 Drivers/STM32F4xx_HAL_Driver/Src/stm32f4xx_hal_dma.o
 .debug_aranges
                0x0000000000000508       0x58 Drivers/STM32F4xx_HAL_Driver/Src/stm32f4xx_hal_gpio.o
 .debug_aranges
                0x0000000000000560       0x88 Drivers/STM32F4xx_HAL_Driver/Src/stm32f4xx_hal_rcc.o
 .debug_aranges
                0x00000000000005e8      0x3d0 Drivers/STM32F4xx_HAL_Driver/Src/stm32f4xx_hal_tim.o
 .debug_aranges
                0x00000000000009b8      0x168 Drivers/STM32F4xx_HAL_Driver/Src/stm32f4xx_hal_tim_ex.o
 .debug_aranges
                0x0000000000000b20      0x200 Drivers/STM32F4xx_HAL_Driver/Src/stm32f4xx_hal_uart.o
 .debug_aranges
                0x0000000000000d20      0x1d8 Middlewares/Third_Party/FreeRTOS/Source/CMSIS_RTOS/cmsis_os.o
 .debug_aranges
                0x0000000000000ef8       0x40 Middlewares/Third_Party/FreeRTOS/Source/list.o
 .debug_aranges
                0x0000000000000f38      0x108 Middlewares/Third_Party/FreeRTOS/Source/queue.o
 .debug_aranges
                0x0000000000001040      0x1c0 Middlewares/Third_Party/FreeRTOS/Source/tasks.o
 .debug_aranges
                0x0000000000001200       0x80 Middlewares/Third_Party/FreeRTOS/Source/portable/GCC/ARM_CM4F/port.o
 .debug_aranges
                0x0000000000001280       0x58 Middlewares/Third_Party/FreeRTOS/Source/portable/MemMang/heap_4.o

.debug_ranges   0x0000000000000000     0x11c0
 .debug_ranges  0x0000000000000000       0x10 Core/Src/freertos.o
 .debug_ranges  0x0000000000000010      0x100 Core/Src/main.o
 .debug_ranges  0x0000000000000110       0x48 Core/Src/stm32f4xx_hal_msp.o
 .debug_ranges  0x0000000000000158       0x20 Core/Src/stm32f4xx_hal_timebase_tim.o
 .debug_ranges  0x0000000000000178       0x58 Core/Src/stm32f4xx_it.o
 .debug_ranges  0x00000000000001d0       0x18 Core/Src/system_stm32f4xx.o
 .debug_ranges  0x00000000000001e8       0x20 Core/Startup/startup_stm32f407zgtx.o
 .debug_ranges  0x0000000000000208       0xe0 Drivers/STM32F4xx_HAL_Driver/Src/stm32f4xx_hal.o
 .debug_ranges  0x00000000000002e8      0x108 Drivers/STM32F4xx_HAL_Driver/Src/stm32f4xx_hal_cortex.o
 .debug_ranges  0x00000000000003f0       0x80 Drivers/STM32F4xx_HAL_Driver/Src/stm32f4xx_hal_dma.o
 .debug_ranges  0x0000000000000470       0x48 Drivers/STM32F4xx_HAL_Driver/Src/stm32f4xx_hal_gpio.o
 .debug_ranges  0x00000000000004b8       0x78 Drivers/STM32F4xx_HAL_Driver/Src/stm32f4xx_hal_rcc.o
 .debug_ranges  0x0000000000000530      0x3c0 Drivers/STM32F4xx_HAL_Driver/Src/stm32f4xx_hal_tim.o
 .debug_ranges  0x00000000000008f0      0x158 Drivers/STM32F4xx_HAL_Driver/Src/stm32f4xx_hal_tim_ex.o
 .debug_ranges  0x0000000000000a48      0x220 Drivers/STM32F4xx_HAL_Driver/Src/stm32f4xx_hal_uart.o
 .debug_ranges  0x0000000000000c68      0x1c8 Middlewares/Third_Party/FreeRTOS/Source/CMSIS_RTOS/cmsis_os.o
 .debug_ranges  0x0000000000000e30       0x30 Middlewares/Third_Party/FreeRTOS/Source/list.o
 .debug_ranges  0x0000000000000e60       0xf8 Middlewares/Third_Party/FreeRTOS/Source/queue.o
 .debug_ranges  0x0000000000000f58      0x1b0 Middlewares/Third_Party/FreeRTOS/Source/tasks.o
 .debug_ranges  0x0000000000001108       0x70 Middlewares/Third_Party/FreeRTOS/Source/portable/GCC/ARM_CM4F/port.o
 .debug_ranges  0x0000000000001178       0x48 Middlewares/Third_Party/FreeRTOS/Source/portable/MemMang/heap_4.o

.debug_macro    0x0000000000000000    0x22037
 .debug_macro   0x0000000000000000      0x245 Core/Src/freertos.o
 .debug_macro   0x0000000000000245      0xaa8 Core/Src/freertos.o
 .debug_macro   0x0000000000000ced      0x174 Core/Src/freertos.o
 .debug_macro   0x0000000000000e61       0x22 Core/Src/freertos.o
 .debug_macro   0x0000000000000e83       0x8e Core/Src/freertos.o
 .debug_macro   0x0000000000000f11       0x51 Core/Src/freertos.o
 .debug_macro   0x0000000000000f62      0x103 Core/Src/freertos.o
 .debug_macro   0x0000000000001065       0x6a Core/Src/freertos.o
 .debug_macro   0x00000000000010cf      0x1df Core/Src/freertos.o
 .debug_macro   0x00000000000012ae       0xea Core/Src/freertos.o
 .debug_macro   0x0000000000001398      0x15a Core/Src/freertos.o
 .debug_macro   0x00000000000014f2       0xde Core/Src/freertos.o
 .debug_macro   0x00000000000015d0       0x1c Core/Src/freertos.o
 .debug_macro   0x00000000000015ec       0x26 Core/Src/freertos.o
 .debug_macro   0x0000000000001612      0x504 Core/Src/freertos.o
 .debug_macro   0x0000000000001b16       0xb5 Core/Src/freertos.o
 .debug_macro   0x0000000000001bcb       0xaa Core/Src/freertos.o
 .debug_macro   0x0000000000001c75      0x29b Core/Src/freertos.o
 .debug_macro   0x0000000000001f10       0x2e Core/Src/freertos.o
 .debug_macro   0x0000000000001f3e       0x2f Core/Src/freertos.o
 .debug_macro   0x0000000000001f6d       0x1c Core/Src/freertos.o
 .debug_macro   0x0000000000001f89       0x22 Core/Src/freertos.o
 .debug_macro   0x0000000000001fab       0xdf Core/Src/freertos.o
 .debug_macro   0x000000000000208a     0x102d Core/Src/freertos.o
 .debug_macro   0x00000000000030b7      0x11f Core/Src/freertos.o
 .debug_macro   0x00000000000031d6    0x15e3c Core/Src/freertos.o
 .debug_macro   0x0000000000019012       0x43 Core/Src/freertos.o
 .debug_macro   0x0000000000019055     0x3659 Core/Src/freertos.o
 .debug_macro   0x000000000001c6ae       0x5c Core/Src/freertos.o
 .debug_macro   0x000000000001c70a      0x96b Core/Src/freertos.o
 .debug_macro   0x000000000001d075      0x9fe Core/Src/freertos.o
 .debug_macro   0x000000000001da73      0x117 Core/Src/freertos.o
 .debug_macro   0x000000000001db8a      0x13e Core/Src/freertos.o
 .debug_macro   0x000000000001dcc8       0x82 Core/Src/freertos.o
 .debug_macro   0x000000000001dd4a      0x174 Core/Src/freertos.o
 .debug_macro   0x000000000001debe      0x287 Core/Src/freertos.o
 .debug_macro   0x000000000001e145       0x5f Core/Src/freertos.o
 .debug_macro   0x000000000001e1a4      0x236 Core/Src/freertos.o
 .debug_macro   0x000000000001e3da      0x12c Core/Src/freertos.o
 .debug_macro   0x000000000001e506      0x21e Core/Src/freertos.o
 .debug_macro   0x000000000001e724       0x2e Core/Src/freertos.o
 .debug_macro   0x000000000001e752      0x11a Core/Src/freertos.o
 .debug_macro   0x000000000001e86c       0x7e Core/Src/freertos.o
 .debug_macro   0x000000000001e8ea       0x89 Core/Src/freertos.o
 .debug_macro   0x000000000001e973      0x8d1 Core/Src/freertos.o
 .debug_macro   0x000000000001f244       0x47 Core/Src/freertos.o
 .debug_macro   0x000000000001f28b      0x295 Core/Src/freertos.o
 .debug_macro   0x000000000001f520      0x12d Core/Src/freertos.o
 .debug_macro   0x000000000001f64d       0x4c Core/Src/freertos.o
 .debug_macro   0x000000000001f699      0x2af Core/Src/main.o
 .debug_macro   0x000000000001f948       0xea Core/Src/main.o
 .debug_macro   0x000000000001fa32       0x91 Core/Src/main.o
 .debug_macro   0x000000000001fac3       0x8d Core/Src/main.o
 .debug_macro   0x000000000001fb50       0x7e Core/Src/main.o
 .debug_macro   0x000000000001fbce       0x19 Core/Src/main.o
 .debug_macro   0x000000000001fbe7       0xf2 Core/Src/main.o
 .debug_macro   0x000000000001fcd9      0x1dd Core/Src/stm32f4xx_hal_msp.o
 .debug_macro   0x000000000001feb6      0x1ce Core/Src/stm32f4xx_hal_timebase_tim.o
 .debug_macro   0x0000000000020084      0x1e7 Core/Src/stm32f4xx_it.o
 .debug_macro   0x000000000002026b      0x1ce Core/Src/system_stm32f4xx.o
 .debug_macro   0x0000000000020439      0x22e Drivers/STM32F4xx_HAL_Driver/Src/stm32f4xx_hal.o
 .debug_macro   0x0000000000020667      0x1ce Drivers/STM32F4xx_HAL_Driver/Src/stm32f4xx_hal_cortex.o
 .debug_macro   0x0000000000020835      0x1d4 Drivers/STM32F4xx_HAL_Driver/Src/stm32f4xx_hal_dma.o
 .debug_macro   0x0000000000020a09      0x1d4 Drivers/STM32F4xx_HAL_Driver/Src/stm32f4xx_hal_gpio.o
 .debug_macro   0x0000000000020bdd      0x1f2 Drivers/STM32F4xx_HAL_Driver/Src/stm32f4xx_hal_rcc.o
 .debug_macro   0x0000000000020dcf      0x1cf Drivers/STM32F4xx_HAL_Driver/Src/stm32f4xx_hal_tim.o
 .debug_macro   0x0000000000020f9e      0x1ce Drivers/STM32F4xx_HAL_Driver/Src/stm32f4xx_hal_tim_ex.o
 .debug_macro   0x000000000002116c      0x1cf Drivers/STM32F4xx_HAL_Driver/Src/stm32f4xx_hal_uart.o
 .debug_macro   0x000000000002133b      0x1fe Middlewares/Third_Party/FreeRTOS/Source/CMSIS_RTOS/cmsis_os.o
 .debug_macro   0x0000000000021539       0x10 Middlewares/Third_Party/FreeRTOS/Source/CMSIS_RTOS/cmsis_os.o
 .debug_macro   0x0000000000021549       0x20 Middlewares/Third_Party/FreeRTOS/Source/CMSIS_RTOS/cmsis_os.o
 .debug_macro   0x0000000000021569       0xc7 Middlewares/Third_Party/FreeRTOS/Source/CMSIS_RTOS/cmsis_os.o
 .debug_macro   0x0000000000021630      0x187 Middlewares/Third_Party/FreeRTOS/Source/list.o
 .debug_macro   0x00000000000217b7      0x216 Middlewares/Third_Party/FreeRTOS/Source/queue.o
 .debug_macro   0x00000000000219cd       0x16 Middlewares/Third_Party/FreeRTOS/Source/queue.o
 .debug_macro   0x00000000000219e3       0x87 Middlewares/Third_Party/FreeRTOS/Source/queue.o
 .debug_macro   0x0000000000021a6a      0x279 Middlewares/Third_Party/FreeRTOS/Source/tasks.o
 .debug_macro   0x0000000000021ce3       0x10 Middlewares/Third_Party/FreeRTOS/Source/tasks.o
 .debug_macro   0x0000000000021cf3      0x196 Middlewares/Third_Party/FreeRTOS/Source/portable/GCC/ARM_CM4F/port.o
 .debug_macro   0x0000000000021e89      0x1ae Middlewares/Third_Party/FreeRTOS/Source/portable/MemMang/heap_4.o

.debug_line     0x0000000000000000    0x13a60
 .debug_line    0x0000000000000000      0x7c5 Core/Src/freertos.o
 .debug_line    0x00000000000007c5     0x13ae Core/Src/main.o
 .debug_line    0x0000000000001b73      0x8ef Core/Src/stm32f4xx_hal_msp.o
 .debug_line    0x0000000000002462      0x726 Core/Src/stm32f4xx_hal_timebase_tim.o
 .debug_line    0x0000000000002b88      0x7ae Core/Src/stm32f4xx_it.o
 .debug_line    0x0000000000003336      0x748 Core/Src/system_stm32f4xx.o
 .debug_line    0x0000000000003a7e       0x88 Core/Startup/startup_stm32f407zgtx.o
 .debug_line    0x0000000000003b06      0x9ae Drivers/STM32F4xx_HAL_Driver/Src/stm32f4xx_hal.o
 .debug_line    0x00000000000044b4      0xc5d Drivers/STM32F4xx_HAL_Driver/Src/stm32f4xx_hal_cortex.o
 .debug_line    0x0000000000005111      0xf17 Drivers/STM32F4xx_HAL_Driver/Src/stm32f4xx_hal_dma.o
 .debug_line    0x0000000000006028      0xb26 Drivers/STM32F4xx_HAL_Driver/Src/stm32f4xx_hal_gpio.o
 .debug_line    0x0000000000006b4e      0xd2a Drivers/STM32F4xx_HAL_Driver/Src/stm32f4xx_hal_rcc.o
 .debug_line    0x0000000000007878     0x35da Drivers/STM32F4xx_HAL_Driver/Src/stm32f4xx_hal_tim.o
 .debug_line    0x000000000000ae52     0x197b Drivers/STM32F4xx_HAL_Driver/Src/stm32f4xx_hal_tim_ex.o
 .debug_line    0x000000000000c7cd     0x1a74 Drivers/STM32F4xx_HAL_Driver/Src/stm32f4xx_hal_uart.o
 .debug_line    0x000000000000e241     0x11e1 Middlewares/Third_Party/FreeRTOS/Source/CMSIS_RTOS/cmsis_os.o
 .debug_line    0x000000000000f422      0x70b Middlewares/Third_Party/FreeRTOS/Source/list.o
 .debug_line    0x000000000000fb2d     0x148c Middlewares/Third_Party/FreeRTOS/Source/queue.o
 .debug_line    0x0000000000010fb9     0x19c3 Middlewares/Third_Party/FreeRTOS/Source/tasks.o
 .debug_line    0x000000000001297c      0x7af Middlewares/Third_Party/FreeRTOS/Source/portable/GCC/ARM_CM4F/port.o
 .debug_line    0x000000000001312b      0x935 Middlewares/Third_Party/FreeRTOS/Source/portable/MemMang/heap_4.o

.debug_str      0x0000000000000000    0xd31e4
 .debug_str     0x0000000000000000    0xc6d3f Core/Src/freertos.o
                                      0xc6ff5 (size before relaxing)
 .debug_str     0x00000000000c6d3f     0x3565 Core/Src/main.o
                                      0xca625 (size before relaxing)
 .debug_str     0x00000000000ca2a4      0x5aa Core/Src/stm32f4xx_hal_msp.o
                                      0xc3f09 (size before relaxing)
 .debug_str     0x00000000000ca84e       0xaa Core/Src/stm32f4xx_hal_timebase_tim.o
                                      0xc3bc0 (size before relaxing)
 .debug_str     0x00000000000ca8f8       0xdf Core/Src/stm32f4xx_it.o
                                      0xc38c5 (size before relaxing)
 .debug_str     0x00000000000ca9d7       0xaf Core/Src/system_stm32f4xx.o
                                      0xc3133 (size before relaxing)
 .debug_str     0x00000000000caa86       0x36 Core/Startup/startup_stm32f407zgtx.o
                                         0x56 (size before relaxing)
 .debug_str     0x00000000000caabc      0x542 Drivers/STM32F4xx_HAL_Driver/Src/stm32f4xx_hal.o
                                      0xc3c15 (size before relaxing)
 .debug_str     0x00000000000caffe      0x389 Drivers/STM32F4xx_HAL_Driver/Src/stm32f4xx_hal_cortex.o
                                      0xc3a04 (size before relaxing)
 .debug_str     0x00000000000cb387      0x31d Drivers/STM32F4xx_HAL_Driver/Src/stm32f4xx_hal_dma.o
                                      0xc355d (size before relaxing)
 .debug_str     0x00000000000cb6a4      0x15a Drivers/STM32F4xx_HAL_Driver/Src/stm32f4xx_hal_gpio.o
                                      0xc32da (size before relaxing)
 .debug_str     0x00000000000cb7fe      0x24f Drivers/STM32F4xx_HAL_Driver/Src/stm32f4xx_hal_rcc.o
                                      0xc3535 (size before relaxing)
 .debug_str     0x00000000000cba4d      0xcaa Drivers/STM32F4xx_HAL_Driver/Src/stm32f4xx_hal_tim.o
                                      0xc445b (size before relaxing)
 .debug_str     0x00000000000cc6f7      0x4ee Drivers/STM32F4xx_HAL_Driver/Src/stm32f4xx_hal_tim_ex.o
                                      0xc3c0c (size before relaxing)
 .debug_str     0x00000000000ccbe5      0x5d0 Drivers/STM32F4xx_HAL_Driver/Src/stm32f4xx_hal_uart.o
                                      0xc3a97 (size before relaxing)
 .debug_str     0x00000000000cd1b5     0x391b Middlewares/Third_Party/FreeRTOS/Source/CMSIS_RTOS/cmsis_os.o
                                       0xe51a (size before relaxing)
 .debug_str     0x00000000000d0ad0      0x219 Middlewares/Third_Party/FreeRTOS/Source/list.o
                                       0xab48 (size before relaxing)
 .debug_str     0x00000000000d0ce9      0x816 Middlewares/Third_Party/FreeRTOS/Source/queue.o
                                       0xc352 (size before relaxing)
 .debug_str     0x00000000000d14ff     0x119e Middlewares/Third_Party/FreeRTOS/Source/tasks.o
                                       0xcdf1 (size before relaxing)
 .debug_str     0x00000000000d269d      0x803 Middlewares/Third_Party/FreeRTOS/Source/portable/GCC/ARM_CM4F/port.o
                                       0x8687 (size before relaxing)
 .debug_str     0x00000000000d2ea0      0x344 Middlewares/Third_Party/FreeRTOS/Source/portable/MemMang/heap_4.o
                                       0xb43b (size before relaxing)

.comment        0x0000000000000000       0x53
 .comment       0x0000000000000000       0x53 Core/Src/freertos.o
                                         0x54 (size before relaxing)
 .comment       0x0000000000000053       0x54 Core/Src/main.o
 .comment       0x0000000000000053       0x54 Core/Src/stm32f4xx_hal_msp.o
 .comment       0x0000000000000053       0x54 Core/Src/stm32f4xx_hal_timebase_tim.o
 .comment       0x0000000000000053       0x54 Core/Src/stm32f4xx_it.o
 .comment       0x0000000000000053       0x54 Core/Src/system_stm32f4xx.o
 .comment       0x0000000000000053       0x54 Drivers/STM32F4xx_HAL_Driver/Src/stm32f4xx_hal.o
 .comment       0x0000000000000053       0x54 Drivers/STM32F4xx_HAL_Driver/Src/stm32f4xx_hal_cortex.o
 .comment       0x0000000000000053       0x54 Drivers/STM32F4xx_HAL_Driver/Src/stm32f4xx_hal_dma.o
 .comment       0x0000000000000053       0x54 Drivers/STM32F4xx_HAL_Driver/Src/stm32f4xx_hal_gpio.o
 .comment       0x0000000000000053       0x54 Drivers/STM32F4xx_HAL_Driver/Src/stm32f4xx_hal_rcc.o
 .comment       0x0000000000000053       0x54 Drivers/STM32F4xx_HAL_Driver/Src/stm32f4xx_hal_tim.o
 .comment       0x0000000000000053       0x54 Drivers/STM32F4xx_HAL_Driver/Src/stm32f4xx_hal_tim_ex.o
 .comment       0x0000000000000053       0x54 Drivers/STM32F4xx_HAL_Driver/Src/stm32f4xx_hal_uart.o
 .comment       0x0000000000000053       0x54 Middlewares/Third_Party/FreeRTOS/Source/CMSIS_RTOS/cmsis_os.o
 .comment       0x0000000000000053       0x54 Middlewares/Third_Party/FreeRTOS/Source/list.o
 .comment       0x0000000000000053       0x54 Middlewares/Third_Party/FreeRTOS/Source/queue.o
 .comment       0x0000000000000053       0x54 Middlewares/Third_Party/FreeRTOS/Source/tasks.o