main.c:162:5:main	256	static
main.c:288:6:SystemClock_Config	88	static
main.c:335:13:MX_TIM2_Init	56	static
main.c:384:13:MX_TIM3_Init	64	static
main.c:443:13:MX_TIM4_Init	64	static
main.c:502:13:MX_TIM8_Init	56	static
main.c:552:13:MX_UART5_Init	8	static
main.c:585:13:MX_USART1_UART_Init	8	static
main.c:618:13:MX_USART2_UART_Init	8	static
main.c:651:13:MX_USART3_UART_Init	8	static
main.c:684:13:MX_GPIO_Init	56	static
main.c:729:6:Car_Initial	8	static
main.c:744:6:Car_Stop	8	static
main.c:752:6:delay	24	static
main.c:758:7:Angle_Diff	24	static
main.c:806:5:PID_Turning	72	static
main.c:924:6:PID_Straight	80	static
main.c:977:7:PID_Line_Follow	64	static
main.c:1028:10:Ultrasonic_Feedback	40	static
main.c:1049:6:HAL_UART_RxCpltCallback	16	static
main.c:1069:6:HAL_UART_ErrorCallback	24	static
main.c:1075:9:State_Transition	24	static
main.c:1154:6:PWM_SET_LEFT	16	static
main.c:1175:6:PWM_SET_RIGHT	16	static
main.c:1206:6:StreamTask	24	static
main.c:1412:6:GyroReceiveTask	64	static
main.c:1493:6:DistanceCheckTask	40	static
main.c:1532:6:MileageTask	16	static
main.c:1565:6:GoStraightTask	16	static
main.c:1587:6:LineSearchTask	40	static
main.c:1630:6:LineSearch2Task	40	static
main.c:1674:6:HAL_TIM_PeriodElapsedCallback	16	static
main.c:1698:6:Error_Handler	4	static,ignoring_inline_asm
