main.c:269:6:SystemClock_Config	88	static,ignoring_inline_asm
main.c:153:5:main	216	static,ignoring_inline_asm
main.c:710:6:Car_Initial	8	static
main.c:729:6:delay	24	static
main.c:1198:6:GyroReceiveTask	64	static
main.c:1323:6:MileageTask	8	static
main.c:735:7:Angle_Diff	0	static
main.c:904:10:Ultrasonic_Feedback	32	static
main.c:1278:6:DistanceCheckTask	32	static
main.c:921:6:HAL_UART_RxCpltCallback	8	static
main.c:956:9:State_Transition	16	static
main.c:998:6:PWM_SET_LEFT	8	static
main.c:1019:6:PWM_SET_RIGHT	8	static
main.c:723:6:Car_Stop	8	static
main.c:783:5:PID_Turning	64	static
main.c:1050:6:StreamTask	24	static
main.c:1142:6:PIDCameraTask	40	static
main.c:1354:6:HAL_TIM_PeriodElapsedCallback	0	static
main.c:1378:6:Error_Handler	0	static,ignoring_inline_asm
