main.c:284:6:SystemClock_Config	88	static,ignoring_inline_asm
main.c:160:5:main	304	static,ignoring_inline_asm
main.c:725:6:Car_Initial	8	static
main.c:746:6:delay	16	static
main.c:1320:6:GyroReceiveTask	56	static
main.c:1445:6:MileageTask	8	static
main.c:752:7:Angle_Diff	0	static
main.c:988:10:Ultrasonic_Feedback	32	static
main.c:1400:6:DistanceCheckTask	32	static
main.c:1005:6:HAL_UART_RxCpltCallback	8	static
main.c:1040:9:State_Transition	0	static
main.c:1098:6:PWM_SET_LEFT	8	static
main.c:1119:6:PWM_SET_RIGHT	8	static
main.c:740:6:Car_Stop	8	static
main.c:800:5:PID_Turning	64	static
main.c:921:6:PID_Straight	48	static
main.c:1477:6:GoStraightTask	8	static
main.c:1150:6:StreamTask	48	static
main.c:1264:6:PIDCameraTask	48	static
main.c:1500:6:HAL_TIM_PeriodElapsedCallback	8	static
main.c:1524:6:Error_Handler	0	static,ignoring_inline_asm
