main.c:284:6:SystemClock_Config	88	static,ignoring_inline_asm
main.c:160:5:main	248	static,ignoring_inline_asm
main.c:725:6:Car_Initial	8	static
main.c:746:6:delay	24	static
main.c:1318:6:GyroReceiveTask	64	static
main.c:1443:6:MileageTask	8	static
main.c:752:7:Angle_Diff	0	static
main.c:986:10:Ultrasonic_Feedback	32	static
main.c:1398:6:DistanceCheckTask	32	static
main.c:1003:6:HAL_UART_RxCpltCallback	8	static
main.c:1038:9:State_Transition	0	static
main.c:1096:6:PWM_SET_LEFT	8	static
main.c:1117:6:PWM_SET_RIGHT	8	static
main.c:740:6:Car_Stop	8	static
main.c:800:5:PID_Turning	64	static
main.c:921:6:PID_Straight	56	static
main.c:1475:6:GoStraightTask	8	static
main.c:1148:6:StreamTask	40	static
main.c:1262:6:PIDCameraTask	40	static
main.c:1498:6:HAL_TIM_PeriodElapsedCallback	0	static
main.c:1522:6:Error_Handler	0	static,ignoring_inline_asm
