main.c:213:5:main	304	static
main.c:359:6:SystemClock_Config	104	static
main.c:414:13:MX_RTC_Init	32	static
main.c:476:13:MX_TIM2_Init	56	static
main.c:525:13:MX_TIM3_Init	64	static
main.c:584:13:MX_TIM4_Init	64	static
main.c:643:13:MX_UART4_Init	8	static
main.c:676:13:MX_UART5_Init	8	static
main.c:709:13:MX_USART1_UART_Init	8	static
main.c:742:13:MX_USART2_UART_Init	8	static
main.c:775:13:MX_USART3_UART_Init	8	static
main.c:808:13:MX_USART6_UART_Init	8	static
main.c:841:13:MX_GPIO_Init	56	static
main.c:894:6:Car_Initial	8	static
main.c:910:6:Car_Stop	8	static
main.c:918:6:Car_Turning	16	static
main.c:934:6:Car_Go_Mile	16	static
main.c:956:6:delay	24	static
main.c:962:7:Angle_Diff	24	static
main.c:1010:5:PID_Turning	80	static
main.c:1089:6:PID_Straight	80	static
main.c:1142:10:Ultrasonic_Feedback	40	static
main.c:1161:6:Ultrasonic_Feedback_front	8	static
main.c:1169:7:Ultrasonic_Feedback_front_gomile6	32	static
main.c:1196:7:Ultrasonic_Feedback_right	16	static
main.c:1284:6:HAL_UART_RxCpltCallback	24	static
main.c:1338:6:HAL_UART_ErrorCallback	24	static
main.c:1352:6:color_judge	4	static
main.c:1366:6:PWM_SET_LEFT	16	static
main.c:1387:6:PWM_SET_RIGHT	16	static
main.c:1409:5:PID_Apriltag	64	static
main.c:1483:5:Apriltag_Verify	16	static
main.c:1497:6:stepping	48	static
main.c:1563:6:stepping2	56	static
main.c:1633:6:feeding	16	static
main.c:1644:6:sendall	8	static
main.c:1663:1:__io_putchar	16	static
main.c:1678:9:State_Transition	24	static
main.c:1874:6:StreamTask	24	static
main.c:2162:6:PIDCameraTask	40	static
main.c:2218:6:GyroReceiveTask	64	static
main.c:2298:6:DistanceCheckTask	40	static
main.c:2335:6:MileageTask	16	static
main.c:2368:6:GoStraightTask	16	static
main.c:2390:6:ColorcheckTask	24	static
main.c:2437:6:WirelessTask	24	static
main.c:2471:6:HAL_TIM_PeriodElapsedCallback	16	static
main.c:2495:6:Error_Handler	4	static,ignoring_inline_asm
