main.c:168:5:main	288	static
main.c:302:6:SystemClock_Config	88	static
main.c:349:13:MX_TIM2_Init	56	static
main.c:398:13:MX_TIM3_Init	64	static
main.c:457:13:MX_TIM4_Init	64	static
main.c:516:13:MX_TIM8_Init	56	static
main.c:566:13:MX_UART5_Init	8	static
main.c:599:13:MX_USART1_UART_Init	8	static
main.c:632:13:MX_USART2_UART_Init	8	static
main.c:665:13:MX_USART3_UART_Init	8	static
main.c:698:13:MX_GPIO_Init	56	static
main.c:743:6:Car_Initial	8	static
main.c:758:6:Car_Stop	8	static
main.c:766:6:delay	24	static
main.c:772:7:Angle_Diff	24	static
main.c:820:5:PID_Turning	80	static
main.c:898:6:PID_Straight	80	static
main.c:951:7:PID_Line_Follow	64	static
main.c:1002:5:PID_Apriltag	64	static
main.c:1079:10:Ultrasonic_Feedback	40	static
main.c:1100:6:HAL_UART_RxCpltCallback	16	static
main.c:1139:6:HAL_UART_ErrorCallback	24	static
main.c:1145:9:State_Transition	24	static
main.c:1230:6:PWM_SET_LEFT	16	static
main.c:1251:6:PWM_SET_RIGHT	16	static
main.c:1283:6:StreamTask	24	static
main.c:1522:6:GyroReceiveTask	64	static
main.c:1603:6:DistanceCheckTask	40	static
main.c:1642:6:MileageTask	16	static
main.c:1675:6:GoStraightTask	16	static
main.c:1697:6:LineSearchTask	40	static
main.c:1740:6:LineSearch2Task	40	static
main.c:1783:6:PIDCameraTask	64	static
main.c:1836:6:HAL_TIM_PeriodElapsedCallback	16	static
main.c:1860:6:Error_Handler	4	static,ignoring_inline_asm
