main.c:228:5:main	304	static
main.c:375:6:SystemClock_Config	104	static
main.c:430:13:MX_RTC_Init	32	static
main.c:492:13:MX_TIM2_Init	56	static
main.c:541:13:MX_TIM3_Init	64	static
main.c:600:13:MX_TIM4_Init	64	static
main.c:659:13:MX_TIM8_Init	56	static
main.c:709:13:MX_UART4_Init	8	static
main.c:742:13:MX_UART5_Init	8	static
main.c:775:13:MX_USART1_UART_Init	8	static
main.c:808:13:MX_USART2_UART_Init	8	static
main.c:841:13:MX_USART3_UART_Init	8	static
main.c:874:13:MX_USART6_UART_Init	8	static
main.c:907:13:MX_GPIO_Init	56	static
main.c:960:6:Car_Initial	8	static
main.c:976:6:Car_Stop	8	static
main.c:984:6:delay	24	static
main.c:990:7:Angle_Diff	24	static
main.c:1038:5:PID_Turning	80	static
main.c:1116:6:PID_Straight	80	static
main.c:1169:10:Ultrasonic_Feedback	40	static
main.c:1188:6:Ultrasonic_Feedback_front	8	static
main.c:1196:7:Ultrasonic_Feedback_front_gomile6	32	static
main.c:1223:7:Ultrasonic_Feedback_right	16	static
main.c:1311:6:HAL_UART_RxCpltCallback	24	static
main.c:1365:6:HAL_UART_ErrorCallback	24	static
main.c:1379:6:color_judge	4	static
main.c:1393:6:PWM_SET_LEFT	16	static
main.c:1414:6:PWM_SET_RIGHT	16	static
main.c:1436:5:PID_Apriltag	64	static
main.c:1510:5:Apriltag_Verify	16	static
main.c:1524:6:stepping	48	static
main.c:1589:6:stepping2	56	static
main.c:1658:6:feeding	16	static
main.c:1669:6:sendall	8	static
stdio.h:214:5:fputc	24	static
main.c:1691:9:State_Transition	24	static
main.c:1991:6:StreamTask	24	static
main.c:2626:6:PIDCameraTask	40	static
main.c:2682:6:GyroReceiveTask	64	static
main.c:2762:6:DistanceCheckTask	40	static
main.c:2799:6:MileageTask	16	static
main.c:2832:6:GoStraightTask	16	static
main.c:2854:6:ColorcheckTask	24	static
main.c:2901:6:WirelessTask	24	static
main.c:2934:6:HAL_TIM_PeriodElapsedCallback	16	static
main.c:2958:6:Error_Handler	4	static,ignoring_inline_asm
