main.c:258:6:SystemClock_Config	88	static,ignoring_inline_asm
main.c:146:5:main	208	static,ignoring_inline_asm
main.c:699:6:Car_Initial	8	static
main.c:718:6:delay	24	static
main.c:1171:6:GyroReceiveTask	64	static
main.c:1296:6:MileageTask	8	static
main.c:724:7:Angle_Diff	0	static
main.c:893:10:Ultrasonic_Feedback	32	static
main.c:1251:6:DistanceCheckTask	32	static
main.c:910:6:HAL_UART_RxCpltCallback	8	static
main.c:945:9:State_Transition	0	static
main.c:982:6:PWM_SET_LEFT	8	static
main.c:1003:6:PWM_SET_RIGHT	8	static
main.c:712:6:Car_Stop	8	static
main.c:772:5:PID_Turning	64	static
main.c:1034:6:StreamTask	24	static
main.c:1115:6:PIDCameraTask	40	static
main.c:1320:6:HAL_TIM_PeriodElapsedCallback	0	static
main.c:1344:6:Error_Handler	0	static,ignoring_inline_asm
