main.c:171:5:main	320	static
main.c:309:6:SystemClock_Config	88	static
main.c:356:13:MX_TIM2_Init	56	static
main.c:405:13:MX_TIM3_Init	64	static
main.c:464:13:MX_TIM4_Init	64	static
main.c:523:13:MX_TIM8_Init	56	static
main.c:573:13:MX_UART5_Init	8	static
main.c:606:13:MX_USART1_UART_Init	8	static
main.c:639:13:MX_USART2_UART_Init	8	static
main.c:672:13:MX_USART3_UART_Init	8	static
main.c:705:13:MX_GPIO_Init	56	static
main.c:750:6:Car_Initial	8	static
main.c:765:6:Car_Stop	8	static
main.c:773:6:delay	24	static
main.c:779:7:Angle_Diff	24	static
main.c:827:5:PID_Turning	80	static
main.c:905:6:PID_Straight	80	static
main.c:958:7:PID_Line_Follow	64	static
main.c:1009:5:PID_Apriltag	64	static
main.c:1086:5:Apriltag_Verify	16	static
main.c:1100:10:Ultrasonic_Feedback	40	static
main.c:1121:6:HAL_UART_RxCpltCallback	16	static
main.c:1160:6:HAL_UART_ErrorCallback	24	static
main.c:1166:9:State_Transition	24	static
main.c:1263:6:PWM_SET_LEFT	16	static
main.c:1284:6:PWM_SET_RIGHT	16	static
main.c:1316:6:StreamTask	24	static
main.c:1584:6:GyroReceiveTask	64	static
main.c:1665:6:DistanceCheckTask	40	static
main.c:1704:6:MileageTask	16	static
main.c:1737:6:GoStraightTask	16	static
main.c:1759:6:LineSearchTask	40	static
main.c:1802:6:LineSearch2Task	40	static
main.c:1845:6:PIDCameraTask	64	static
main.c:1897:6:PIDCamera2Task	64	static
main.c:1949:6:HAL_TIM_PeriodElapsedCallback	16	static
main.c:1973:6:Error_Handler	4	static,ignoring_inline_asm
