main.c:201:5:main	272	static
main.c:338:6:SystemClock_Config	88	static
main.c:385:13:MX_TIM2_Init	56	static
main.c:434:13:MX_TIM3_Init	64	static
main.c:493:13:MX_TIM4_Init	64	static
main.c:552:13:MX_TIM8_Init	56	static
main.c:602:13:MX_UART4_Init	8	static
main.c:635:13:MX_UART5_Init	8	static
main.c:668:13:MX_USART1_UART_Init	8	static
main.c:701:13:MX_USART2_UART_Init	8	static
main.c:734:13:MX_USART3_UART_Init	8	static
main.c:767:13:MX_GPIO_Init	56	static
main.c:819:6:Car_Initial	8	static
main.c:835:6:Car_Stop	8	static
main.c:843:6:delay	24	static
main.c:849:7:Angle_Diff	24	static
main.c:897:5:PID_Turning	80	static
main.c:975:6:PID_Straight	80	static
main.c:1028:10:Ultrasonic_Feedback	40	static
main.c:1047:6:Ultrasonic_Feedback_front	8	static
main.c:1055:7:Ultrasonic_Feedback_front_gomile6	32	static
main.c:1082:7:Ultrasonic_Feedback_right	16	static
main.c:1170:6:HAL_UART_RxCpltCallback	24	static
main.c:1223:6:HAL_UART_ErrorCallback	24	static
main.c:1237:6:color_judge	4	static
main.c:1251:6:PWM_SET_LEFT	16	static
main.c:1272:6:PWM_SET_RIGHT	16	static
main.c:1294:6:stepping	48	static
main.c:1359:6:stepping2	56	static
main.c:1428:6:feeding	16	static
main.c:1439:9:State_Transition	24	static
main.c:1733:6:StreamTask	24	static
main.c:2351:6:PIDCameraTask	40	static
main.c:2407:6:GyroReceiveTask	64	static
main.c:2487:6:DistanceCheckTask	40	static
main.c:2524:6:MileageTask	16	static
main.c:2557:6:GoStraightTask	16	static
main.c:2579:6:ColorcheckTask	24	static
main.c:2627:6:HAL_TIM_PeriodElapsedCallback	16	static
main.c:2651:6:Error_Handler	4	static,ignoring_inline_asm
