main.c:165:5:main	264	static
main.c:295:6:SystemClock_Config	88	static
main.c:342:13:MX_TIM2_Init	56	static
main.c:391:13:MX_TIM3_Init	64	static
main.c:450:13:MX_TIM4_Init	64	static
main.c:509:13:MX_TIM8_Init	56	static
main.c:559:13:MX_UART5_Init	8	static
main.c:592:13:MX_USART1_UART_Init	8	static
main.c:625:13:MX_USART2_UART_Init	8	static
main.c:658:13:MX_USART3_UART_Init	8	static
main.c:691:13:MX_GPIO_Init	56	static
main.c:736:6:Car_Initial	8	static
main.c:751:6:Car_Stop	8	static
main.c:759:6:delay	24	static
main.c:765:7:Angle_Diff	24	static
main.c:813:5:PID_Turning	72	static
main.c:933:6:PID_Straight	80	static
main.c:986:7:PID_Line_Follow	64	static
main.c:1037:5:PID_Apriltag	64	static
main.c:1114:10:Ultrasonic_Feedback	40	static
main.c:1135:6:HAL_UART_RxCpltCallback	16	static
main.c:1174:6:HAL_UART_ErrorCallback	24	static
main.c:1180:9:State_Transition	24	static
main.c:1265:6:PWM_SET_LEFT	16	static
main.c:1286:6:PWM_SET_RIGHT	16	static
main.c:1318:6:StreamTask	24	static
main.c:1551:6:GyroReceiveTask	64	static
main.c:1632:6:DistanceCheckTask	40	static
main.c:1671:6:MileageTask	16	static
main.c:1704:6:GoStraightTask	16	static
main.c:1726:6:LineSearchTask	40	static
main.c:1769:6:LineSearch2Task	40	static
main.c:1813:6:HAL_TIM_PeriodElapsedCallback	16	static
main.c:1837:6:Error_Handler	4	static,ignoring_inline_asm
