main.c:162:5:main	256	static
main.c:290:6:SystemClock_Config	88	static
main.c:337:13:MX_TIM2_Init	56	static
main.c:386:13:MX_TIM3_Init	64	static
main.c:445:13:MX_TIM4_Init	64	static
main.c:504:13:MX_TIM8_Init	56	static
main.c:554:13:MX_UART5_Init	8	static
main.c:587:13:MX_USART1_UART_Init	8	static
main.c:620:13:MX_USART2_UART_Init	8	static
main.c:653:13:MX_USART3_UART_Init	8	static
main.c:686:13:MX_GPIO_Init	56	static
main.c:731:6:Car_Initial	8	static
main.c:746:6:Car_Stop	8	static
main.c:754:6:delay	24	static
main.c:760:7:Angle_Diff	24	static
main.c:808:5:PID_Turning	72	static
main.c:927:6:PID_Straight	80	static
main.c:980:7:PID_Line_Follow	64	static
main.c:1031:10:Ultrasonic_Feedback	40	static
main.c:1052:6:HAL_UART_RxCpltCallback	16	static
main.c:1077:6:HAL_UART_ErrorCallback	24	static
main.c:1082:9:State_Transition	24	static
main.c:1161:6:PWM_SET_LEFT	16	static
main.c:1182:6:PWM_SET_RIGHT	16	static
main.c:1213:6:StreamTask	24	static
main.c:1409:6:GyroReceiveTask	64	static
main.c:1490:6:DistanceCheckTask	40	static
main.c:1529:6:MileageTask	16	static
main.c:1561:6:GoStraightTask	16	static
main.c:1583:6:LineSearchTask	40	static
main.c:1626:6:LineSearch2Task	40	static
main.c:1670:6:HAL_TIM_PeriodElapsedCallback	16	static
main.c:1694:6:Error_Handler	4	static,ignoring_inline_asm
