stm32f4xx_hal_msp.c:66:6:HAL_MspInit	8	static
stm32f4xx_hal_msp.c:90:6:HAL_RTC_MspInit	0	static
stm32f4xx_hal_msp.c:112:6:HAL_RTC_MspDeInit	0	static
stm32f4xx_hal_msp.c:134:6:HAL_TIM_Encoder_MspInit	48	static
stm32f4xx_hal_msp.c:173:6:HAL_TIM_Base_MspInit	8	static
stm32f4xx_hal_msp.c:200:6:HAL_TIM_MspPostInit	48	static
stm32f4xx_hal_msp.c:252:6:HAL_TIM_Encoder_MspDeInit	8	static
stm32f4xx_hal_msp.c:283:6:HAL_TIM_Base_MspDeInit	0	static
stm32f4xx_hal_msp.c:316:6:HAL_UART_MspInit	96	static
stm32f4xx_hal_msp.c:489:6:HAL_UART_MspDeInit	8	static
