main.c:129:5:main	128	static
main.c:223:6:SystemClock_Config	88	static
main.c:270:13:MX_TIM3_Init	64	static
main.c:329:13:MX_TIM4_Init	64	static
main.c:388:13:MX_UART5_Init	8	static
main.c:421:13:MX_USART1_UART_Init	8	static
main.c:454:13:MX_USART2_UART_Init	8	static
main.c:487:13:MX_USART3_UART_Init	8	static
main.c:520:13:MX_GPIO_Init	56	static
main.c:565:6:Car_Initial	8	static
main.c:576:6:Car_Stop	8	static
main.c:582:6:delay	24	static
main.c:588:7:Angle_Diff	24	static
main.c:636:5:PID_Turning	72	static
main.c:753:10:Ultrasonic_Feedback	40	static
main.c:770:6:HAL_UART_RxCpltCallback	16	static
main.c:806:9:State_Transition	24	static
main.c:842:6:PWM_SET_LEFT	16	static
main.c:863:6:PWM_SET_RIGHT	16	static
main.c:894:6:StreamTask	24	static
main.c:966:6:PIDCameraTask	40	static
main.c:1019:6:GyroReceiveTask	64	static
main.c:1095:6:DistanceCheckTask	40	static
main.c:1139:6:HAL_TIM_PeriodElapsedCallback	16	static
main.c:1156:6:Error_Handler	4	static,ignoring_inline_asm
