main.c:146:5:main	184	static
main.c:258:6:SystemClock_Config	88	static
main.c:305:13:MX_TIM2_Init	56	static
main.c:354:13:MX_TIM3_Init	64	static
main.c:413:13:MX_TIM4_Init	64	static
main.c:472:13:MX_TIM8_Init	56	static
main.c:522:13:MX_UART5_Init	8	static
main.c:555:13:MX_USART1_UART_Init	8	static
main.c:588:13:MX_USART2_UART_Init	8	static
main.c:621:13:MX_USART3_UART_Init	8	static
main.c:654:13:MX_GPIO_Init	56	static
main.c:699:6:Car_Initial	8	static
main.c:712:6:Car_Stop	8	static
main.c:718:6:delay	24	static
main.c:724:7:Angle_Diff	24	static
main.c:772:5:PID_Turning	72	static
main.c:893:10:Ultrasonic_Feedback	40	static
main.c:910:6:HAL_UART_RxCpltCallback	16	static
main.c:945:9:State_Transition	24	static
main.c:982:6:PWM_SET_LEFT	16	static
main.c:1003:6:PWM_SET_RIGHT	16	static
main.c:1034:6:StreamTask	24	static
main.c:1115:6:PIDCameraTask	40	static
main.c:1171:6:GyroReceiveTask	64	static
main.c:1251:6:DistanceCheckTask	40	static
main.c:1296:6:MileageTask	16	static
main.c:1320:6:HAL_TIM_PeriodElapsedCallback	16	static
main.c:1344:6:Error_Handler	4	static,ignoring_inline_asm
