main.c:229:5:main	304	static
main.c:376:6:SystemClock_Config	104	static
main.c:431:13:MX_RTC_Init	32	static
main.c:493:13:MX_TIM2_Init	56	static
main.c:542:13:MX_TIM3_Init	64	static
main.c:601:13:MX_TIM4_Init	64	static
main.c:660:13:MX_TIM8_Init	56	static
main.c:710:13:MX_UART4_Init	8	static
main.c:743:13:MX_UART5_Init	8	static
main.c:776:13:MX_USART1_UART_Init	8	static
main.c:809:13:MX_USART2_UART_Init	8	static
main.c:842:13:MX_USART3_UART_Init	8	static
main.c:875:13:MX_USART6_UART_Init	8	static
main.c:908:13:MX_GPIO_Init	56	static
main.c:961:6:Car_Initial	8	static
main.c:977:6:Car_Stop	8	static
main.c:985:6:delay	24	static
main.c:991:7:Angle_Diff	24	static
main.c:1039:5:PID_Turning	80	static
main.c:1117:6:PID_Straight	80	static
main.c:1170:10:Ultrasonic_Feedback	40	static
main.c:1189:6:Ultrasonic_Feedback_front	8	static
main.c:1197:7:Ultrasonic_Feedback_front_gomile6	32	static
main.c:1224:7:Ultrasonic_Feedback_right	16	static
main.c:1312:6:HAL_UART_RxCpltCallback	24	static
main.c:1366:6:HAL_UART_ErrorCallback	24	static
main.c:1380:6:color_judge	4	static
main.c:1394:6:PWM_SET_LEFT	16	static
main.c:1415:6:PWM_SET_RIGHT	16	static
main.c:1437:5:PID_Apriltag	64	static
main.c:1511:5:Apriltag_Verify	16	static
main.c:1525:6:stepping	48	static
main.c:1590:6:stepping2	56	static
main.c:1659:6:feeding	16	static
main.c:1670:6:sendall	8	static
main.c:1689:1:__io_putchar	16	static
main.c:1704:9:State_Transition	24	static
main.c:2004:6:StreamTask	24	static
main.c:2639:6:PIDCameraTask	40	static
main.c:2695:6:GyroReceiveTask	64	static
main.c:2775:6:DistanceCheckTask	40	static
main.c:2812:6:MileageTask	16	static
main.c:2845:6:GoStraightTask	16	static
main.c:2867:6:ColorcheckTask	24	static
main.c:2914:6:WirelessTask	24	static
main.c:2947:6:HAL_TIM_PeriodElapsedCallback	16	static
main.c:2971:6:Error_Handler	4	static,ignoring_inline_asm
