main.c:164:5:main	264	static
main.c:294:6:SystemClock_Config	88	static
main.c:341:13:MX_TIM2_Init	56	static
main.c:390:13:MX_TIM3_Init	64	static
main.c:449:13:MX_TIM4_Init	64	static
main.c:508:13:MX_TIM8_Init	56	static
main.c:558:13:MX_UART5_Init	8	static
main.c:591:13:MX_USART1_UART_Init	8	static
main.c:624:13:MX_USART2_UART_Init	8	static
main.c:657:13:MX_USART3_UART_Init	8	static
main.c:690:13:MX_GPIO_Init	56	static
main.c:735:6:Car_Initial	8	static
main.c:750:6:Car_Stop	8	static
main.c:758:6:delay	24	static
main.c:764:7:Angle_Diff	24	static
main.c:812:5:PID_Turning	72	static
main.c:932:6:PID_Straight	80	static
main.c:985:7:PID_Line_Follow	64	static
main.c:1036:5:PID_Apriltag	64	static
main.c:1113:10:Ultrasonic_Feedback	40	static
main.c:1134:6:HAL_UART_RxCpltCallback	16	static
main.c:1173:6:HAL_UART_ErrorCallback	24	static
main.c:1179:9:State_Transition	24	static
main.c:1264:6:PWM_SET_LEFT	16	static
main.c:1285:6:PWM_SET_RIGHT	16	static
main.c:1316:6:StreamTask	24	static
main.c:1549:6:GyroReceiveTask	64	static
main.c:1630:6:DistanceCheckTask	40	static
main.c:1669:6:MileageTask	16	static
main.c:1702:6:GoStraightTask	16	static
main.c:1724:6:LineSearchTask	40	static
main.c:1767:6:LineSearch2Task	40	static
main.c:1811:6:HAL_TIM_PeriodElapsedCallback	16	static
main.c:1835:6:Error_Handler	4	static,ignoring_inline_asm
