main.c:160:5:main	224	static
main.c:284:6:SystemClock_Config	88	static
main.c:331:13:MX_TIM2_Init	56	static
main.c:380:13:MX_TIM3_Init	64	static
main.c:439:13:MX_TIM4_Init	64	static
main.c:498:13:MX_TIM8_Init	56	static
main.c:548:13:MX_UART5_Init	8	static
main.c:581:13:MX_USART1_UART_Init	8	static
main.c:614:13:MX_USART2_UART_Init	8	static
main.c:647:13:MX_USART3_UART_Init	8	static
main.c:680:13:MX_GPIO_Init	56	static
main.c:725:6:Car_Initial	8	static
main.c:740:6:Car_Stop	8	static
main.c:746:6:delay	24	static
main.c:752:7:Angle_Diff	24	static
main.c:800:5:PID_Turning	72	static
main.c:921:6:PID_Straight	64	static
main.c:986:10:Ultrasonic_Feedback	40	static
main.c:1003:6:HAL_UART_RxCpltCallback	16	static
main.c:1038:9:State_Transition	24	static
main.c:1096:6:PWM_SET_LEFT	16	static
main.c:1117:6:PWM_SET_RIGHT	16	static
main.c:1148:6:StreamTask	24	static
main.c:1262:6:PIDCameraTask	40	static
main.c:1318:6:GyroReceiveTask	64	static
main.c:1398:6:DistanceCheckTask	40	static
main.c:1443:6:MileageTask	16	static
main.c:1475:6:GoStraightTask	16	static
main.c:1498:6:HAL_TIM_PeriodElapsedCallback	16	static
main.c:1522:6:Error_Handler	4	static,ignoring_inline_asm
