main.c:160:5:main	224	static
main.c:284:6:SystemClock_Config	88	static
main.c:331:13:MX_TIM2_Init	56	static
main.c:380:13:MX_TIM3_Init	64	static
main.c:439:13:MX_TIM4_Init	64	static
main.c:498:13:MX_TIM8_Init	56	static
main.c:548:13:MX_UART5_Init	8	static
main.c:581:13:MX_USART1_UART_Init	8	static
main.c:614:13:MX_USART2_UART_Init	8	static
main.c:647:13:MX_USART3_UART_Init	8	static
main.c:680:13:MX_GPIO_Init	56	static
main.c:725:6:Car_Initial	8	static
main.c:740:6:Car_Stop	8	static
main.c:748:6:delay	24	static
main.c:754:7:Angle_Diff	24	static
main.c:802:5:PID_Turning	72	static
main.c:921:6:PID_Straight	72	static
main.c:989:7:PID_Line_Follow	72	static
main.c:1082:10:Ultrasonic_Feedback	40	static
main.c:1099:6:HAL_UART_RxCpltCallback	16	static
main.c:1136:9:State_Transition	24	static
main.c:1199:6:PWM_SET_LEFT	16	static
main.c:1220:6:PWM_SET_RIGHT	16	static
main.c:1251:6:StreamTask	32	static
main.c:1371:6:GyroReceiveTask	64	static
main.c:1451:6:DistanceCheckTask	40	static
main.c:1496:6:MileageTask	16	static
main.c:1528:6:GoStraightTask	16	static
main.c:1550:6:LineSearchTask	56	static
main.c:1623:6:HAL_TIM_PeriodElapsedCallback	16	static
main.c:1647:6:Error_Handler	4	static,ignoring_inline_asm
