main.c:206:5:main	280	static
main.c:348:6:SystemClock_Config	104	static
main.c:403:13:MX_RTC_Init	32	static
main.c:465:13:MX_TIM2_Init	56	static
main.c:514:13:MX_TIM3_Init	64	static
main.c:573:13:MX_TIM4_Init	64	static
main.c:632:13:MX_TIM8_Init	56	static
main.c:682:13:MX_UART4_Init	8	static
main.c:715:13:MX_UART5_Init	8	static
main.c:748:13:MX_USART1_UART_Init	8	static
main.c:781:13:MX_USART2_UART_Init	8	static
main.c:814:13:MX_USART3_UART_Init	8	static
main.c:847:13:MX_GPIO_Init	56	static
main.c:899:6:Car_Initial	8	static
main.c:915:6:Car_Stop	8	static
main.c:923:6:delay	24	static
main.c:929:7:Angle_Diff	24	static
main.c:977:5:PID_Turning	80	static
main.c:1055:6:PID_Straight	80	static
main.c:1108:10:Ultrasonic_Feedback	40	static
main.c:1127:6:Ultrasonic_Feedback_front	8	static
main.c:1135:7:Ultrasonic_Feedback_front_gomile6	32	static
main.c:1162:7:Ultrasonic_Feedback_right	16	static
main.c:1250:6:HAL_UART_RxCpltCallback	24	static
main.c:1304:6:HAL_UART_ErrorCallback	24	static
main.c:1318:6:color_judge	4	static
main.c:1332:6:PWM_SET_LEFT	16	static
main.c:1353:6:PWM_SET_RIGHT	16	static
main.c:1375:5:PID_Apriltag	64	static
main.c:1449:5:Apriltag_Verify	16	static
main.c:1463:6:stepping	48	static
main.c:1528:6:stepping2	56	static
main.c:1597:6:feeding	16	static
main.c:1608:9:State_Transition	24	static
main.c:1905:6:StreamTask	24	static
main.c:2537:6:PIDCameraTask	40	static
main.c:2593:6:GyroReceiveTask	64	static
main.c:2673:6:DistanceCheckTask	40	static
main.c:2710:6:MileageTask	16	static
main.c:2743:6:GoStraightTask	16	static
main.c:2765:6:ColorcheckTask	24	static
main.c:2813:6:HAL_TIM_PeriodElapsedCallback	16	static
main.c:2837:6:Error_Handler	4	static,ignoring_inline_asm
