main.c:125:5:main	128	static
main.c:216:6:SystemClock_Config	88	static
main.c:263:13:MX_TIM3_Init	64	static
main.c:322:13:MX_TIM4_Init	64	static
main.c:381:13:MX_UART5_Init	8	static
main.c:414:13:MX_USART1_UART_Init	8	static
main.c:447:13:MX_USART2_UART_Init	8	static
main.c:480:13:MX_USART3_UART_Init	8	static
main.c:513:13:MX_GPIO_Init	56	static
main.c:558:6:Car_Initial	8	static
main.c:569:6:Car_Stop	8	static
main.c:575:6:delay	24	static
main.c:581:7:Angle_Diff	24	static
main.c:629:5:PID_Turning	72	static
main.c:718:10:Ultrasonic_Feedback	40	static
main.c:733:6:HAL_UART_RxCpltCallback	16	static
main.c:753:9:State_Transition	24	static
main.c:785:6:PWM_SET_LEFT	16	static
main.c:806:6:PWM_SET_RIGHT	16	static
main.c:837:6:StreamTask	24	static
main.c:902:6:PIDCameraTask	40	static
main.c:949:6:GyroReceiveTask	64	static
main.c:1027:6:DistanceCheckTask	40	static
main.c:1070:6:HAL_TIM_PeriodElapsedCallback	16	static
main.c:1087:6:Error_Handler	4	static,ignoring_inline_asm
