main.c:133:5:main	152	static
main.c:239:6:SystemClock_Config	88	static
main.c:286:13:MX_TIM3_Init	64	static
main.c:345:13:MX_TIM4_Init	64	static
main.c:404:13:MX_UART5_Init	8	static
main.c:437:13:MX_USART1_UART_Init	8	static
main.c:470:13:MX_USART2_UART_Init	8	static
main.c:503:13:MX_USART3_UART_Init	8	static
main.c:536:13:MX_GPIO_Init	56	static
main.c:581:6:Car_Initial	8	static
main.c:592:6:Car_Stop	8	static
main.c:598:6:delay	24	static
main.c:604:7:Angle_Diff	24	static
main.c:652:5:PID_Turning	72	static
main.c:773:10:Ultrasonic_Feedback	40	static
main.c:790:6:HAL_UART_RxCpltCallback	16	static
main.c:825:9:State_Transition	24	static
main.c:862:6:PWM_SET_LEFT	16	static
main.c:883:6:PWM_SET_RIGHT	16	static
main.c:914:6:StreamTask	24	static
main.c:994:6:PIDCameraTask	40	static
main.c:1050:6:GyroReceiveTask	64	static
main.c:1130:6:DistanceCheckTask	40	static
main.c:1176:6:HAL_TIM_PeriodElapsedCallback	16	static
main.c:1193:6:Error_Handler	4	static,ignoring_inline_asm
