main.c:158:5:main	200	static
main.c:278:6:SystemClock_Config	88	static
main.c:325:13:MX_TIM2_Init	56	static
main.c:374:13:MX_TIM3_Init	64	static
main.c:433:13:MX_TIM4_Init	64	static
main.c:492:13:MX_TIM8_Init	56	static
main.c:542:13:MX_UART5_Init	8	static
main.c:575:13:MX_USART1_UART_Init	8	static
main.c:608:13:MX_USART2_UART_Init	8	static
main.c:641:13:MX_USART3_UART_Init	8	static
main.c:674:13:MX_GPIO_Init	56	static
main.c:719:6:Car_Initial	8	static
main.c:734:6:Car_Stop	8	static
main.c:742:6:delay	24	static
main.c:748:7:Angle_Diff	24	static
main.c:796:5:PID_Turning	72	static
main.c:917:6:PID_Straight	72	static
main.c:986:10:Ultrasonic_Feedback	40	static
main.c:1003:6:HAL_UART_RxCpltCallback	16	static
main.c:1038:9:State_Transition	24	static
main.c:1098:6:PWM_SET_LEFT	16	static
main.c:1119:6:PWM_SET_RIGHT	16	static
main.c:1150:6:StreamTask	24	static
main.c:1250:6:GyroReceiveTask	64	static
main.c:1330:6:DistanceCheckTask	40	static
main.c:1375:6:MileageTask	16	static
main.c:1407:6:GoStraightTask	16	static
main.c:1430:6:HAL_TIM_PeriodElapsedCallback	16	static
main.c:1454:6:Error_Handler	4	static,ignoring_inline_asm
