main.c:226:5:main	304	static
main.c:372:6:SystemClock_Config	104	static
main.c:427:13:MX_RTC_Init	32	static
main.c:489:13:MX_TIM2_Init	56	static
main.c:538:13:MX_TIM3_Init	64	static
main.c:597:13:MX_TIM4_Init	64	static
main.c:656:13:MX_UART4_Init	8	static
main.c:689:13:MX_UART5_Init	8	static
main.c:722:13:MX_USART1_UART_Init	8	static
main.c:755:13:MX_USART2_UART_Init	8	static
main.c:788:13:MX_USART3_UART_Init	8	static
main.c:821:13:MX_USART6_UART_Init	8	static
main.c:854:13:MX_GPIO_Init	56	static
main.c:907:6:Car_Initial	8	static
main.c:923:6:Car_Stop	8	static
main.c:931:6:Car_Turning	16	static
main.c:947:6:Car_Go_Mile	16	static
main.c:969:6:delay	24	static
main.c:975:7:Angle_Diff	24	static
main.c:1023:5:PID_Turning	80	static
main.c:1102:6:PID_Straight	80	static
main.c:1155:10:Ultrasonic_Feedback	40	static
main.c:1174:6:Ultrasonic_Feedback_front	8	static
main.c:1182:7:Ultrasonic_Feedback_front_gomile6	32	static
main.c:1209:7:Ultrasonic_Feedback_right	16	static
main.c:1297:6:HAL_UART_RxCpltCallback	24	static
main.c:1351:6:HAL_UART_ErrorCallback	24	static
main.c:1365:6:color_judge	4	static
main.c:1379:6:PWM_SET_LEFT	16	static
main.c:1400:6:PWM_SET_RIGHT	16	static
main.c:1422:5:PID_Apriltag	64	static
main.c:1496:5:Apriltag_Verify	16	static
main.c:1510:6:stepping	48	static
main.c:1576:6:stepping2	56	static
main.c:1646:6:feeding	16	static
main.c:1657:6:sendall	8	static
main.c:1676:1:__io_putchar	16	static
main.c:1691:9:State_Transition	24	static
main.c:1971:6:StreamTask	24	static
main.c:2259:6:PIDCameraTask	40	static
main.c:2315:6:GyroReceiveTask	64	static
main.c:2395:6:DistanceCheckTask	40	static
main.c:2432:6:MileageTask	16	static
main.c:2465:6:GoStraightTask	16	static
main.c:2487:6:ColorcheckTask	24	static
main.c:2534:6:WirelessTask	24	static
main.c:2567:6:HAL_TIM_PeriodElapsedCallback	16	static
main.c:2591:6:Error_Handler	4	static,ignoring_inline_asm
