main.c:203:5:main	280	static
main.c:344:6:SystemClock_Config	88	static
main.c:391:13:MX_TIM2_Init	56	static
main.c:440:13:MX_TIM3_Init	64	static
main.c:499:13:MX_TIM4_Init	64	static
main.c:558:13:MX_TIM8_Init	56	static
main.c:608:13:MX_UART4_Init	8	static
main.c:641:13:MX_UART5_Init	8	static
main.c:674:13:MX_USART1_UART_Init	8	static
main.c:707:13:MX_USART2_UART_Init	8	static
main.c:740:13:MX_USART3_UART_Init	8	static
main.c:773:13:MX_GPIO_Init	56	static
main.c:825:6:Car_Initial	8	static
main.c:841:6:Car_Stop	8	static
main.c:849:6:delay	24	static
main.c:855:7:Angle_Diff	24	static
main.c:903:5:PID_Turning	80	static
main.c:981:6:PID_Straight	80	static
main.c:1034:10:Ultrasonic_Feedback	40	static
main.c:1053:6:Ultrasonic_Feedback_front	8	static
main.c:1061:7:Ultrasonic_Feedback_front_gomile6	32	static
main.c:1088:7:Ultrasonic_Feedback_right	16	static
main.c:1176:6:HAL_UART_RxCpltCallback	24	static
main.c:1230:6:HAL_UART_ErrorCallback	24	static
main.c:1244:6:color_judge	4	static
main.c:1258:6:PWM_SET_LEFT	16	static
main.c:1279:6:PWM_SET_RIGHT	16	static
main.c:1301:5:PID_Apriltag	64	static
main.c:1375:5:Apriltag_Verify	16	static
main.c:1389:6:stepping	48	static
main.c:1454:6:stepping2	56	static
main.c:1523:6:feeding	16	static
main.c:1534:9:State_Transition	24	static
main.c:1831:6:StreamTask	24	static
main.c:2463:6:PIDCameraTask	40	static
main.c:2519:6:GyroReceiveTask	64	static
main.c:2599:6:DistanceCheckTask	40	static
main.c:2636:6:MileageTask	16	static
main.c:2669:6:GoStraightTask	16	static
main.c:2691:6:ColorcheckTask	24	static
main.c:2739:6:HAL_TIM_PeriodElapsedCallback	16	static
main.c:2763:6:Error_Handler	4	static,ignoring_inline_asm
