main.c:161:5:main	256	static
main.c:289:6:SystemClock_Config	88	static
main.c:336:13:MX_TIM2_Init	56	static
main.c:385:13:MX_TIM3_Init	64	static
main.c:444:13:MX_TIM4_Init	64	static
main.c:503:13:MX_TIM8_Init	56	static
main.c:553:13:MX_UART5_Init	8	static
main.c:586:13:MX_USART1_UART_Init	8	static
main.c:619:13:MX_USART2_UART_Init	8	static
main.c:652:13:MX_USART3_UART_Init	8	static
main.c:685:13:MX_GPIO_Init	56	static
main.c:730:6:Car_Initial	8	static
main.c:745:6:Car_Stop	8	static
main.c:753:6:delay	24	static
main.c:759:7:Angle_Diff	24	static
main.c:807:5:PID_Turning	72	static
main.c:926:6:PID_Straight	80	static
main.c:979:7:PID_Line_Follow	64	static
main.c:1030:10:Ultrasonic_Feedback	40	static
main.c:1047:6:HAL_UART_RxCpltCallback	16	static
main.c:1084:9:State_Transition	24	static
main.c:1157:6:PWM_SET_LEFT	16	static
main.c:1178:6:PWM_SET_RIGHT	16	static
main.c:1209:6:StreamTask	24	static
main.c:1349:6:GyroReceiveTask	64	static
main.c:1430:6:DistanceCheckTask	40	static
main.c:1469:6:MileageTask	16	static
main.c:1501:6:GoStraightTask	16	static
main.c:1523:6:LineSearchTask	40	static
main.c:1566:6:LineSearch2Task	40	static
main.c:1610:6:HAL_TIM_PeriodElapsedCallback	16	static
main.c:1634:6:Error_Handler	4	static,ignoring_inline_asm
