main.c:163:5:main	264	static
main.c:293:6:SystemClock_Config	88	static
main.c:340:13:MX_TIM2_Init	56	static
main.c:389:13:MX_TIM3_Init	64	static
main.c:448:13:MX_TIM4_Init	64	static
main.c:507:13:MX_TIM8_Init	56	static
main.c:557:13:MX_UART5_Init	8	static
main.c:590:13:MX_USART1_UART_Init	8	static
main.c:623:13:MX_USART2_UART_Init	8	static
main.c:656:13:MX_USART3_UART_Init	8	static
main.c:689:13:MX_GPIO_Init	56	static
main.c:734:6:Car_Initial	8	static
main.c:749:6:Car_Stop	8	static
main.c:757:6:delay	24	static
main.c:763:7:Angle_Diff	24	static
main.c:811:5:PID_Turning	72	static
main.c:929:6:PID_Straight	80	static
main.c:982:7:PID_Line_Follow	64	static
main.c:1033:10:Ultrasonic_Feedback	40	static
main.c:1054:6:HAL_UART_RxCpltCallback	16	static
main.c:1092:6:HAL_UART_ErrorCallback	24	static
main.c:1098:9:State_Transition	24	static
main.c:1177:6:PWM_SET_LEFT	16	static
main.c:1198:6:PWM_SET_RIGHT	16	static
main.c:1229:6:StreamTask	24	static
main.c:1435:6:GyroReceiveTask	64	static
main.c:1516:6:DistanceCheckTask	40	static
main.c:1555:6:MileageTask	16	static
main.c:1588:6:GoStraightTask	16	static
main.c:1610:6:LineSearchTask	40	static
main.c:1653:6:LineSearch2Task	40	static
main.c:1697:6:HAL_TIM_PeriodElapsedCallback	16	static
main.c:1721:6:Error_Handler	4	static,ignoring_inline_asm
