main.c:156:5:main	200	static
main.c:276:6:SystemClock_Config	88	static
main.c:323:13:MX_TIM2_Init	56	static
main.c:372:13:MX_TIM3_Init	64	static
main.c:431:13:MX_TIM4_Init	64	static
main.c:490:13:MX_TIM8_Init	56	static
main.c:540:13:MX_UART5_Init	8	static
main.c:573:13:MX_USART1_UART_Init	8	static
main.c:606:13:MX_USART2_UART_Init	8	static
main.c:639:13:MX_USART3_UART_Init	8	static
main.c:672:13:MX_GPIO_Init	56	static
main.c:717:6:Car_Initial	8	static
main.c:732:6:Car_Stop	8	static
main.c:738:6:delay	24	static
main.c:744:7:Angle_Diff	24	static
main.c:792:5:PID_Turning	72	static
main.c:913:10:Ultrasonic_Feedback	40	static
main.c:930:6:HAL_UART_RxCpltCallback	16	static
main.c:965:9:State_Transition	24	static
main.c:1023:6:PWM_SET_LEFT	16	static
main.c:1044:6:PWM_SET_RIGHT	16	static
main.c:1075:6:StreamTask	24	static
main.c:1177:6:PIDCameraTask	40	static
main.c:1233:6:GyroReceiveTask	64	static
main.c:1313:6:DistanceCheckTask	40	static
main.c:1358:6:MileageTask	16	static
main.c:1391:6:HAL_TIM_PeriodElapsedCallback	16	static
main.c:1415:6:Error_Handler	4	static,ignoring_inline_asm
