main.c:112:5:main	104	static
main.c:198:6:SystemClock_Config	88	static
main.c:245:13:MX_TIM3_Init	64	static
main.c:304:13:MX_TIM4_Init	64	static
main.c:363:13:MX_USART1_UART_Init	8	static
main.c:396:13:MX_USART2_UART_Init	8	static
main.c:429:13:MX_USART3_UART_Init	8	static
main.c:462:13:MX_GPIO_Init	48	static
main.c:506:6:Car_Initial	8	static
main.c:517:6:Car_Stop	8	static
main.c:523:6:delay	24	static
main.c:529:7:Angle_Diff	24	static
main.c:577:5:PID_Turning	72	static
main.c:666:6:HAL_UART_RxCpltCallback	16	static
main.c:686:9:State_Transition	24	static
main.c:713:6:PWM_SET_LEFT	16	static
main.c:734:6:PWM_SET_RIGHT	16	static
main.c:765:6:StreamTask	24	static
main.c:820:6:PIDCameraTask	40	static
main.c:867:6:GyroReceiveTask	64	static
main.c:946:6:HAL_TIM_PeriodElapsedCallback	16	static
main.c:963:6:Error_Handler	4	static,ignoring_inline_asm
