main.c:228:5:main	304	static
main.c:375:6:SystemClock_Config	104	static
main.c:430:13:MX_RTC_Init	32	static
main.c:492:13:MX_TIM2_Init	56	static
main.c:541:13:MX_TIM3_Init	64	static
main.c:600:13:MX_TIM4_Init	64	static
main.c:659:13:MX_TIM8_Init	56	static
main.c:709:13:MX_UART4_Init	8	static
main.c:742:13:MX_UART5_Init	8	static
main.c:775:13:MX_USART1_UART_Init	8	static
main.c:808:13:MX_USART2_UART_Init	8	static
main.c:841:13:MX_USART3_UART_Init	8	static
main.c:874:13:MX_USART6_UART_Init	8	static
main.c:907:13:MX_GPIO_Init	56	static
main.c:960:6:Car_Initial	8	static
main.c:976:6:Car_Stop	8	static
main.c:984:6:delay	24	static
main.c:990:7:Angle_Diff	24	static
main.c:1038:5:PID_Turning	80	static
main.c:1117:6:PID_Straight	80	static
main.c:1170:10:Ultrasonic_Feedback	40	static
main.c:1189:6:Ultrasonic_Feedback_front	8	static
main.c:1197:7:Ultrasonic_Feedback_front_gomile6	32	static
main.c:1224:7:Ultrasonic_Feedback_right	16	static
main.c:1312:6:HAL_UART_RxCpltCallback	24	static
main.c:1366:6:HAL_UART_ErrorCallback	24	static
main.c:1380:6:color_judge	4	static
main.c:1394:6:PWM_SET_LEFT	16	static
main.c:1415:6:PWM_SET_RIGHT	16	static
main.c:1437:5:PID_Apriltag	64	static
main.c:1511:5:Apriltag_Verify	16	static
main.c:1525:6:stepping	48	static
main.c:1590:6:stepping2	56	static
main.c:1659:6:feeding	16	static
main.c:1670:6:sendall	8	static
stdio.h:214:5:fputc	24	static
main.c:1692:9:State_Transition	24	static
main.c:1992:6:StreamTask	24	static
main.c:2627:6:PIDCameraTask	40	static
main.c:2683:6:GyroReceiveTask	64	static
main.c:2763:6:DistanceCheckTask	40	static
main.c:2800:6:MileageTask	16	static
main.c:2833:6:GoStraightTask	16	static
main.c:2855:6:ColorcheckTask	24	static
main.c:2902:6:WirelessTask	24	static
main.c:2935:6:HAL_TIM_PeriodElapsedCallback	16	static
main.c:2959:6:Error_Handler	4	static,ignoring_inline_asm
