core_cm4.h:1939:34:__NVIC_SystemReset	4	static,ignoring_inline_asm
main.c:171:5:main	320	static
main.c:309:6:SystemClock_Config	88	static
main.c:356:13:MX_TIM2_Init	56	static
main.c:405:13:MX_TIM3_Init	64	static
main.c:464:13:MX_TIM4_Init	64	static
main.c:523:13:MX_TIM8_Init	56	static
main.c:573:13:MX_UART5_Init	8	static
main.c:606:13:MX_USART1_UART_Init	8	static
main.c:639:13:MX_USART2_UART_Init	8	static
main.c:672:13:MX_USART3_UART_Init	8	static
main.c:705:13:MX_GPIO_Init	56	static
main.c:750:6:Car_Initial	8	static
main.c:766:6:Car_Stop	8	static
main.c:774:6:delay	24	static
main.c:780:7:Angle_Diff	24	static
main.c:828:5:PID_Turning	80	static
main.c:906:6:PID_Straight	80	static
main.c:959:7:PID_Line_Follow	64	static
main.c:1010:5:PID_Apriltag	64	static
main.c:1087:5:Apriltag_Verify	16	static
main.c:1101:6:Software_Reset	16	static,ignoring_inline_asm
main.c:1107:10:Ultrasonic_Feedback	40	static
main.c:1128:6:HAL_UART_RxCpltCallback	16	static
main.c:1167:6:HAL_UART_ErrorCallback	24	static
main.c:1173:9:State_Transition	24	static
main.c:1276:6:PWM_SET_LEFT	16	static
main.c:1297:6:PWM_SET_RIGHT	16	static
main.c:1329:6:StreamTask	24	static
main.c:1601:6:GyroReceiveTask	64	static
main.c:1682:6:DistanceCheckTask	40	static
main.c:1721:6:MileageTask	16	static
main.c:1754:6:GoStraightTask	16	static
main.c:1776:6:LineSearchTask	40	static
main.c:1819:6:LineSearch2Task	40	static
main.c:1862:6:PIDCameraTask	64	static
main.c:1914:6:PIDCamera2Task	64	static
main.c:1966:6:HAL_TIM_PeriodElapsedCallback	16	static
main.c:1990:6:Error_Handler	4	static,ignoring_inline_asm
