main.c:108:5:main	104	static
main.c:194:6:SystemClock_Config	88	static
main.c:241:13:MX_TIM3_Init	64	static
main.c:300:13:MX_TIM4_Init	64	static
main.c:359:13:MX_USART1_UART_Init	8	static
main.c:392:13:MX_USART2_UART_Init	8	static
main.c:425:13:MX_USART3_UART_Init	8	static
main.c:458:13:MX_GPIO_Init	48	static
main.c:502:6:Car_Initial	8	static
main.c:515:6:Car_Stop	8	static
main.c:521:6:delay	24	static
main.c:527:5:PID_Turning	80	static
main.c:628:6:HAL_UART_RxCpltCallback	16	static
main.c:648:9:State_Transition	24	static
main.c:674:6:PWM_SET_LEFT	16	static
main.c:695:6:PWM_SET_RIGHT	16	static
main.c:726:6:StreamTask	24	static
main.c:772:6:PIDCameraTask	48	static
main.c:826:6:GyroReceiveTask	56	static
main.c:883:6:HAL_TIM_PeriodElapsedCallback	16	static
main.c:900:6:Error_Handler	4	static,ignoring_inline_asm
