Archive member included to satisfy reference by file (symbol)

c:/st/stm32cubeide_1.6.0/stm32cubeide/plugins/com.st.stm32cube.ide.mcu.externaltools.gnu-tools-for-stm32.9-2020-q2-update.win32_1.5.0.202011040924/tools/bin/../lib/gcc/arm-none-eabi/9.3.1/../../../../arm-none-eabi/lib/thumb/v7e-m+fp/hard\libc_nano.a(lib_a-errno.o)
                              Core/Src/syscalls.o (__errno)
c:/st/stm32cubeide_1.6.0/stm32cubeide/plugins/com.st.stm32cube.ide.mcu.externaltools.gnu-tools-for-stm32.9-2020-q2-update.win32_1.5.0.202011040924/tools/bin/../lib/gcc/arm-none-eabi/9.3.1/../../../../arm-none-eabi/lib/thumb/v7e-m+fp/hard\libc_nano.a(lib_a-exit.o)
                              c:/st/stm32cubeide_1.6.0/stm32cubeide/plugins/com.st.stm32cube.ide.mcu.externaltools.gnu-tools-for-stm32.9-2020-q2-update.win32_1.5.0.202011040924/tools/bin/../lib/gcc/arm-none-eabi/9.3.1/../../../../arm-none-eabi/lib/thumb/v7e-m+fp/hard/crt0.o (exit)
c:/st/stm32cubeide_1.6.0/stm32cubeide/plugins/com.st.stm32cube.ide.mcu.externaltools.gnu-tools-for-stm32.9-2020-q2-update.win32_1.5.0.202011040924/tools/bin/../lib/gcc/arm-none-eabi/9.3.1/../../../../arm-none-eabi/lib/thumb/v7e-m+fp/hard\libc_nano.a(lib_a-impure.o)
                              c:/st/stm32cubeide_1.6.0/stm32cubeide/plugins/com.st.stm32cube.ide.mcu.externaltools.gnu-tools-for-stm32.9-2020-q2-update.win32_1.5.0.202011040924/tools/bin/../lib/gcc/arm-none-eabi/9.3.1/../../../../arm-none-eabi/lib/thumb/v7e-m+fp/hard\libc_nano.a(lib_a-exit.o) (_global_impure_ptr)
c:/st/stm32cubeide_1.6.0/stm32cubeide/plugins/com.st.stm32cube.ide.mcu.externaltools.gnu-tools-for-stm32.9-2020-q2-update.win32_1.5.0.202011040924/tools/bin/../lib/gcc/arm-none-eabi/9.3.1/../../../../arm-none-eabi/lib/thumb/v7e-m+fp/hard\libc_nano.a(lib_a-init.o)
                              c:/st/stm32cubeide_1.6.0/stm32cubeide/plugins/com.st.stm32cube.ide.mcu.externaltools.gnu-tools-for-stm32.9-2020-q2-update.win32_1.5.0.202011040924/tools/bin/../lib/gcc/arm-none-eabi/9.3.1/../../../../arm-none-eabi/lib/thumb/v7e-m+fp/hard/crt0.o (__libc_init_array)
c:/st/stm32cubeide_1.6.0/stm32cubeide/plugins/com.st.stm32cube.ide.mcu.externaltools.gnu-tools-for-stm32.9-2020-q2-update.win32_1.5.0.202011040924/tools/bin/../lib/gcc/arm-none-eabi/9.3.1/../../../../arm-none-eabi/lib/thumb/v7e-m+fp/hard\libc_nano.a(lib_a-memcpy-stub.o)
                              Middlewares/Third_Party/FreeRTOS/Source/queue.o (memcpy)
c:/st/stm32cubeide_1.6.0/stm32cubeide/plugins/com.st.stm32cube.ide.mcu.externaltools.gnu-tools-for-stm32.9-2020-q2-update.win32_1.5.0.202011040924/tools/bin/../lib/gcc/arm-none-eabi/9.3.1/../../../../arm-none-eabi/lib/thumb/v7e-m+fp/hard\libc_nano.a(lib_a-memset.o)
                              c:/st/stm32cubeide_1.6.0/stm32cubeide/plugins/com.st.stm32cube.ide.mcu.externaltools.gnu-tools-for-stm32.9-2020-q2-update.win32_1.5.0.202011040924/tools/bin/../lib/gcc/arm-none-eabi/9.3.1/../../../../arm-none-eabi/lib/thumb/v7e-m+fp/hard/crt0.o (memset)
c:/st/stm32cubeide_1.6.0/stm32cubeide/plugins/com.st.stm32cube.ide.mcu.externaltools.gnu-tools-for-stm32.9-2020-q2-update.win32_1.5.0.202011040924/tools/bin/../lib/gcc/arm-none-eabi/9.3.1/thumb/v7e-m+fp/hard\libgcc.a(_arm_muldf3.o)
                              Core/Src/main.o (__aeabi_dmul)
c:/st/stm32cubeide_1.6.0/stm32cubeide/plugins/com.st.stm32cube.ide.mcu.externaltools.gnu-tools-for-stm32.9-2020-q2-update.win32_1.5.0.202011040924/tools/bin/../lib/gcc/arm-none-eabi/9.3.1/thumb/v7e-m+fp/hard\libgcc.a(_arm_addsubdf3.o)
                              Core/Src/main.o (__aeabi_dadd)
c:/st/stm32cubeide_1.6.0/stm32cubeide/plugins/com.st.stm32cube.ide.mcu.externaltools.gnu-tools-for-stm32.9-2020-q2-update.win32_1.5.0.202011040924/tools/bin/../lib/gcc/arm-none-eabi/9.3.1/thumb/v7e-m+fp/hard\libgcc.a(_arm_muldivdf3.o)
                              Core/Src/main.o (__aeabi_ddiv)
c:/st/stm32cubeide_1.6.0/stm32cubeide/plugins/com.st.stm32cube.ide.mcu.externaltools.gnu-tools-for-stm32.9-2020-q2-update.win32_1.5.0.202011040924/tools/bin/../lib/gcc/arm-none-eabi/9.3.1/thumb/v7e-m+fp/hard\libgcc.a(_arm_fixdfsi.o)
                              Core/Src/main.o (__aeabi_d2iz)
c:/st/stm32cubeide_1.6.0/stm32cubeide/plugins/com.st.stm32cube.ide.mcu.externaltools.gnu-tools-for-stm32.9-2020-q2-update.win32_1.5.0.202011040924/tools/bin/../lib/gcc/arm-none-eabi/9.3.1/thumb/v7e-m+fp/hard\libgcc.a(_arm_truncdfsf2.o)
                              Core/Src/main.o (__aeabi_d2f)
c:/st/stm32cubeide_1.6.0/stm32cubeide/plugins/com.st.stm32cube.ide.mcu.externaltools.gnu-tools-for-stm32.9-2020-q2-update.win32_1.5.0.202011040924/tools/bin/../lib/gcc/arm-none-eabi/9.3.1/thumb/v7e-m+fp/hard\libgcc.a(_aeabi_ldivmod.o)
                              Drivers/STM32F4xx_HAL_Driver/Src/stm32f4xx_hal_rcc.o (__aeabi_ldivmod)
[...]
Memory Configuration

Name             Origin             Length             Attributes
CCMRAM           0x0000000010000000 0x0000000000010000 xrw
RAM              0x0000000020000000 0x0000000000020000 xrw
FLASH            0x0000000008000000 0x0000000000100000 xr
*default*        0x0000000000000000 0xffffffffffffffff

Linker script and memory map

LOAD c:/st/stm32cubeide_1.6.0/stm32cubeide/plugins/com.st.stm32cube.ide.mcu.externaltools.gnu-tools-for-stm32.9-2020-q2-update.win32_1.5.0.202011040924/tools/bin/../lib/gcc/arm-none-eabi/9.3.1/thumb/v7e-m+fp/hard/crti.o
LOAD c:/st/stm32cubeide_1.6.0/stm32cubeide/plugins/com.st.stm32cube.ide.mcu.externaltools.gnu-tools-for-stm32.9-2020-q2-update.win32_1.5.0.202011040924/tools/bin/../lib/gcc/arm-none-eabi/9.3.1/thumb/v7e-m+fp/hard/crtbegin.o
LOAD c:/st/stm32cubeide_1.6.0/stm32cubeide/plugins/com.st.stm32cube.ide.mcu.externaltools.gnu-tools-for-stm32.9-2020-q2-update.win32_1.5.0.202011040924/tools/bin/../lib/gcc/arm-none-eabi/9.3.1/../../../../arm-none-eabi/lib/thumb/v7e-m+fp/hard/crt0.o
LOAD Core/Src/freertos.o
LOAD Core/Src/main.o
LOAD Core/Src/stm32f4xx_hal_msp.o
LOAD Core/Src/stm32f4xx_hal_timebase_tim.o
LOAD Core/Src/stm32f4xx_it.o
LOAD Core/Src/syscalls.o
LOAD Core/Src/sysmem.o
LOAD Core/Src/system_stm32f4xx.o
LOAD Core/Startup/startup_stm32f407zgtx.o
LOAD Drivers/STM32F4xx_HAL_Driver/Src/stm32f4xx_hal.o
LOAD Drivers/STM32F4xx_HAL_Driver/Src/stm32f4xx_hal_cortex.o
LOAD Drivers/STM32F4xx_HAL_Driver/Src/stm32f4xx_hal_dma.o
LOAD Drivers/STM32F4xx_HAL_Driver/Src/stm32f4xx_hal_dma_ex.o
LOAD Drivers/STM32F4xx_HAL_Driver/Src/stm32f4xx_hal_exti.o
LOAD Drivers/STM32F4xx_HAL_Driver/Src/stm32f4xx_hal_flash.o
LOAD Drivers/STM32F4xx_HAL_Driver/Src/stm32f4xx_hal_flash_ex.o
LOAD Drivers/STM32F4xx_HAL_Driver/Src/stm32f4xx_hal_flash_ramfunc.o
LOAD Drivers/STM32F4xx_HAL_Driver/Src/stm32f4xx_hal_gpio.o
LOAD Drivers/STM32F4xx_HAL_Driver/Src/stm32f4xx_hal_pwr.o
LOAD Drivers/STM32F4xx_HAL_Driver/Src/stm32f4xx_hal_pwr_ex.o
LOAD Drivers/STM32F4xx_HAL_Driver/Src/stm32f4xx_hal_rcc.o
LOAD Drivers/STM32F4xx_HAL_Driver/Src/stm32f4xx_hal_rcc_ex.o
LOAD Drivers/STM32F4xx_HAL_Driver/Src/stm32f4xx_hal_rtc.o
LOAD Drivers/STM32F4xx_HAL_Driver/Src/stm32f4xx_hal_rtc_ex.o
LOAD Drivers/STM32F4xx_HAL_Driver/Src/stm32f4xx_hal_tim.o
LOAD Drivers/STM32F4xx_HAL_Driver/Src/stm32f4xx_hal_tim_ex.o
LOAD Drivers/STM32F4xx_HAL_Driver/Src/stm32f4xx_hal_uart.o
LOAD Middlewares/Third_Party/FreeRTOS/Source/CMSIS_RTOS/cmsis_os.o
LOAD Middlewares/Third_Party/FreeRTOS/Source/croutine.o
LOAD Middlewares/Third_Party/FreeRTOS/Source/event_groups.o
LOAD Middlewares/Third_Party/FreeRTOS/Source/list.o
LOAD Middlewares/Third_Party/FreeRTOS/Source/queue.o
LOAD Middlewares/Third_Party/FreeRTOS/Source/stream_buffer.o
LOAD Middlewares/Third_Party/FreeRTOS/Source/tasks.o
LOAD Middlewares/Third_Party/FreeRTOS/Source/timers.o
LOAD Middlewares/Third_Party/FreeRTOS/Source/portable/GCC/ARM_CM4F/port.o
LOAD Middlewares/Third_Party/FreeRTOS/Source/portable/MemMang/heap_4.o
START GROUP
LOAD c:/st/stm32cubeide_1.6.0/stm32cubeide/plugins/com.st.stm32cube.ide.mcu.externaltools.gnu-tools-for-stm32.9-2020-q2-update.win32_1.5.0.202011040924/tools/bin/../lib/gcc/arm-none-eabi/9.3.1/../../../../arm-none-eabi/lib/thumb/v7e-m+fp/hard\libstdc++_nano.a
LOAD c:/st/stm32cubeide_1.6.0/stm32cubeide/plugins/com.st.stm32cube.ide.mcu.externaltools.gnu-tools-for-stm32.9-2020-q2-update.win32_1.5.0.202011040924/tools/bin/../lib/gcc/arm-none-eabi/9.3.1/../../../../arm-none-eabi/lib/thumb/v7e-m+fp/hard\libsupc++_nano.a
END GROUP
LOAD c:/st/stm32cubeide_1.6.0/stm32cubeide/plugins/com.st.stm32cube.ide.mcu.externaltools.gnu-tools-for-stm32.9-2020-q2-update.win32_1.5.0.202011040924/tools/bin/../lib/gcc/arm-none-eabi/9.3.1/../../../../arm-none-eabi/lib/thumb/v7e-m+fp/hard\libstdc++_nano.a
LOAD c:/st/stm32cubeide_1.6.0/stm32cubeide/plugins/com.st.stm32cube.ide.mcu.externaltools.gnu-tools-for-stm32.9-2020-q2-update.win32_1.5.0.202011040924/tools/bin/../lib/gcc/arm-none-eabi/9.3.1/../../../../arm-none-eabi/lib/thumb/v7e-m+fp/hard\libm.a
LOAD c:/st/stm32cubeide_1.6.0/stm32cubeide/plugins/com.st.stm32cube.ide.mcu.externaltools.gnu-tools-for-stm32.9-2020-q2-update.win32_1.5.0.202011040924/tools/bin/../lib/gcc/arm-none-eabi/9.3.1/../../../../arm-none-eabi/lib/thumb/v7e-m+fp/hard\libc_nano.a
START GROUP
LOAD c:/st/stm32cubeide_1.6.0/stm32cubeide/plugins/com.st.stm32cube.ide.mcu.externaltools.gnu-tools-for-stm32.9-2020-q2-update.win32_1.5.0.202011040924/tools/bin/../lib/gcc/arm-none-eabi/9.3.1/thumb/v7e-m+fp/hard\libgcc.a
LOAD c:/st/stm32cubeide_1.6.0/stm32cubeide/plugins/com.st.stm32cube.ide.mcu.externaltools.gnu-tools-for-stm32.9-2020-q2-update.win32_1.5.0.202011040924/tools/bin/../lib/gcc/arm-none-eabi/9.3.1/../../../../arm-none-eabi/lib/thumb/v7e-m+fp/hard\libc_nano.a
END GROUP
START GROUP
LOAD c:/st/stm32cubeide_1.6.0/stm32cubeide/plugins/com.st.stm32cube.ide.mcu.externaltools.gnu-tools-for-stm32.9-2020-q2-update.win32_1.5.0.202011040924/tools/bin/../lib/gcc/arm-none-eabi/9.3.1/thumb/v7e-m+fp/hard\libgcc.a
LOAD c:/st/stm32cubeide_1.6.0/stm32cubeide/plugins/com.st.stm32cube.ide.mcu.externaltools.gnu-tools-for-stm32.9-2020-q2-update.win32_1.5.0.202011040924/tools/bin/../lib/gcc/arm-none-eabi/9.3.1/../../../../arm-none-eabi/lib/thumb/v7e-m+fp/hard\libc_nano.a
LOAD c:/st/stm32cubeide_1.6.0/stm32cubeide/plugins/com.st.stm32cube.ide.mcu.externaltools.gnu-tools-for-stm32.9-2020-q2-update.win32_1.5.0.202011040924/tools/bin/../lib/gcc/arm-none-eabi/9.3.1/../../../../arm-none-eabi/lib/thumb/v7e-m+fp/hard\libnosys.a
END GROUP
START GROUP
LOAD c:/st/stm32cubeide_1.6.0/stm32cubeide/plugins/com.st.stm32cube.ide.mcu.externaltools.gnu-tools-for-stm32.9-2020-q2-update.win32_1.5.0.202011040924/tools/bin/../lib/gcc/arm-none-eabi/9.3.1/thumb/v7e-m+fp/hard\libgcc.a
LOAD c:/st/stm32cubeide_1.6.0/stm32cubeide/plugins/com.st.stm32cube.ide.mcu.externaltools.gnu-tools-for-stm32.9-2020-q2-update.win32_1.5.0.202011040924/tools/bin/../lib/gcc/arm-none-eabi/9.3.1/../../../../arm-none-eabi/lib/thumb/v7e-m+fp/hard\libc_nano.a
LOAD c:/st/stm32cubeide_1.6.0/stm32cubeide/plugins/com.st.stm32cube.ide.mcu.externaltools.gnu-tools-for-stm32.9-2020-q2-update.win32_1.5.0.202011040924/tools/bin/../lib/gcc/arm-none-eabi/9.3.1/../../../../arm-none-eabi/lib/thumb/v7e-m+fp/hard\libnosys.a
END GROUP
LOAD c:/st/stm32cubeide_1.6.0/stm32cubeide/plugins/com.st.stm32cube.ide.mcu.externaltools.gnu-tools-for-stm32.9-2020-q2-update.win32_1.5.0.202011040924/tools/bin/../lib/gcc/arm-none-eabi/9.3.1/thumb/v7e-m+fp/hard/crtend.o
LOAD c:/st/stm32cubeide_1.6.0/stm32cubeide/plugins/com.st.stm32cube.ide.mcu.externaltools.gnu-tools-for-stm32.9-2020-q2-update.win32_1.5.0.202011040924/tools/bin/../lib/gcc/arm-none-eabi/9.3.1/thumb/v7e-m+fp/hard/crtn.o
                0x0000000020020000                _estack = (ORIGIN (RAM) + LENGTH (RAM))
                0x0000000000000200                _Min_Heap_Size = 0x200
                0x0000000000000400                _Min_Stack_Size = 0x400

.isr_vector     0x0000000008000000      0x188
                0x0000000008000000                . = ALIGN (0x4)
 *(.isr_vector)
 .isr_vector    0x0000000008000000      0x188 Core/Startup/startup_stm32f407zgtx.o
                0x0000000008000000                g_pfnVectors
                0x0000000008000188                . = ALIGN (0x4)

.text           0x0000000008000190     0x8d3c
                0x0000000008000190                . = ALIGN (0x4)
 *(.text)
 .text          0x0000000008000190       0x40 c:/st/stm32cubeide_1.6.0/stm32cubeide/plugins/com.st.stm32cube.ide.mcu.externaltools.gnu-tools-for-stm32.9-2020-q2-update.win32_1.5.0.202011040924/tools/bin/../lib/gcc/arm-none-eabi/9.3.1/thumb/v7e-m+fp/hard/crtbegin.o
 .text          0x00000000080001d0      0x378 c:/st/stm32cubeide_1.6.0/stm32cubeide/plugins/com.st.stm32cube.ide.mcu.externaltools.gnu-tools-for-stm32.9-2020-q2-update.win32_1.5.0.202011040924/tools/bin/../lib/gcc/arm-none-eabi/9.3.1/thumb/v7e-m+fp/hard\libgcc.a(_arm_addsubdf3.o)
                0x00000000080001d0                __aeabi_drsub
                0x00000000080001d8                __aeabi_dsub
                0x00000000080001d8                __subdf3
                0x00000000080001dc                __aeabi_dadd
                0x00000000080001dc                __adddf3
                0x0000000008000454                __floatunsidf
                0x0000000008000454                __aeabi_ui2d
                0x0000000008000474                __floatsidf
                0x0000000008000474                __aeabi_i2d
                0x0000000008000498                __aeabi_f2d
                0x0000000008000498                __extendsfdf2
                0x00000000080004dc                __floatundidf
                0x00000000080004dc                __aeabi_ul2d
                0x00000000080004ec                __floatdidf
                0x00000000080004ec                __aeabi_l2d
 .text          0x0000000008000548      0x424 c:/st/stm32cubeide_1.6.0/stm32cubeide/plugins/com.st.stm32cube.ide.mcu.externaltools.gnu-tools-for-stm32.9-2020-q2-update.win32_1.5.0.202011040924/tools/bin/../lib/gcc/arm-none-eabi/9.3.1/thumb/v7e-m+fp/hard\libgcc.a(_arm_muldivdf3.o)
                0x0000000008000548                __aeabi_dmul
                0x0000000008000548                __muldf3
                0x000000000800079c                __divdf3
                0x000000000800079c                __aeabi_ddiv
 .text          0x000000000800096c       0x50 c:/st/stm32cubeide_1.6.0/stm32cubeide/plugins/com.st.stm32cube.ide.mcu.externaltools.gnu-tools-for-stm32.9-2020-q2-update.win32_1.5.0.202011040924/tools/bin/../lib/gcc/arm-none-eabi/9.3.1/thumb/v7e-m+fp/hard\libgcc.a(_arm_fixdfsi.o)
                0x000000000800096c                __aeabi_d2iz
                0x000000000800096c                __fixdfsi
 .text          0x00000000080009bc       0xa0 c:/st/stm32cubeide_1.6.0/stm32cubeide/plugins/com.st.stm32cube.ide.mcu.externaltools.gnu-tools-for-stm32.9-2020-q2-update.win32_1.5.0.202011040924/tools/bin/../lib/gcc/arm-none-eabi/9.3.1/thumb/v7e-m+fp/hard\libgcc.a(_arm_truncdfsf2.o)
                0x00000000080009bc                __truncdfsf2
                0x00000000080009bc                __aeabi_d2f
 .text          0x0000000008000a5c       0x30 c:/st/stm32cubeide_1.6.0/stm32cubeide/plugins/com.st.stm32cube.ide.mcu.externaltools.gnu-tools-for-stm32.9-2020-q2-update.win32_1.5.0.202011040924/tools/bin/../lib/gcc/arm-none-eabi/9.3.1/thumb/v7e-m+fp/hard\libgcc.a(_aeabi_uldivmod.o)
                0x0000000008000a5c                __aeabi_uldivmod
 .text          0x0000000008000a8c      0x2c4 c:/st/stm32cubeide_1.6.0/stm32cubeide/plugins/com.st.stm32cube.ide.mcu.externaltools.gnu-tools-for-stm32.9-2020-q2-update.win32_1.5.0.202011040924/tools/bin/../lib/gcc/arm-none-eabi/9.3.1/thumb/v7e-m+fp/hard\libgcc.a(_udivmoddi4.o)
                0x0000000008000a8c                __udivmoddi4
 .text          0x0000000008000d50        0x4 c:/st/stm32cubeide_1.6.0/stm32cubeide/plugins/com.st.stm32cube.ide.mcu.externaltools.gnu-tools-for-stm32.9-2020-q2-update.win32_1.5.0.202011040924/tools/bin/../lib/gcc/arm-none-eabi/9.3.1/thumb/v7e-m+fp/hard\libgcc.a(_dvmd_tls.o)
                0x0000000008000d50                __aeabi_idiv0
                0x0000000008000d50                __aeabi_ldiv0
 *(.text*)
 .text.vApplicationGetIdleTaskMemory
                0x0000000008000d54       0x1c Core/Src/freertos.o
                0x0000000008000d54                vApplicationGetIdleTaskMemory
 .text.main     0x0000000008000d70      0x290 Core/Src/main.o
                0x0000000008000d70                main
 .text.SystemClock_Config
                0x0000000008001000      0x108 Core/Src/main.o
                0x0000000008001000                SystemClock_Config
 .text.MX_RTC_Init
                0x0000000008001108       0xb4 Core/Src/main.o
 .text.MX_TIM2_Init
                0x00000000080011bc       0xa8 Core/Src/main.o
 .text.MX_TIM3_Init
                0x0000000008001264       0xf0 Core/Src/main.o
 .text.MX_TIM4_Init
                0x0000000008001354       0xf0 Core/Src/main.o
 .text.MX_TIM8_Init
                0x0000000008001444       0xac Core/Src/main.o
 .text.MX_UART4_Init
                0x00000000080014f0       0x54 Core/Src/main.o
 .text.MX_UART5_Init
                0x0000000008001544       0x54 Core/Src/main.o
 .text.MX_USART1_UART_Init
                0x0000000008001598       0x54 Core/Src/main.o
 .text.MX_USART2_UART_Init
                0x00000000080015ec       0x54 Core/Src/main.o
 .text.MX_USART3_UART_Init
                0x0000000008001640       0x54 Core/Src/main.o
 .text.MX_GPIO_Init
                0x0000000008001694      0x170 Core/Src/main.o
 .text.Car_Initial
                0x0000000008001804       0x6c Core/Src/main.o
                0x0000000008001804                Car_Initial
 .text.Car_Stop
                0x0000000008001870       0x1c Core/Src/main.o
                0x0000000008001870                Car_Stop
 .text.delay    0x000000000800188c       0x24 Core/Src/main.o
                0x000000000800188c                delay
 .text.Angle_Diff
                0x00000000080018b0       0xcc Core/Src/main.o
                0x00000000080018b0                Angle_Diff
 .text.PID_Turning
                0x000000000800197c      0x328 Core/Src/main.o
                0x000000000800197c                PID_Turning
 .text.PID_Straight
                0x0000000008001ca4      0x20c Core/Src/main.o
                0x0000000008001ca4                PID_Straight
 .text.Ultrasonic_Feedback
                0x0000000008001eb0       0xc4 Core/Src/main.o
                0x0000000008001eb0                Ultrasonic_Feedback
 .text.Ultrasonic_Feedback_front
                0x0000000008001f74       0x2c Core/Src/main.o
                0x0000000008001f74                Ultrasonic_Feedback_front
 .text.Ultrasonic_Feedback_right
                0x0000000008001fa0       0x5c Core/Src/main.o
                0x0000000008001fa0                Ultrasonic_Feedback_right
 .text.HAL_UART_RxCpltCallback
                0x0000000008001ffc      0x210 Core/Src/main.o
                0x0000000008001ffc                HAL_UART_RxCpltCallback
 .text.HAL_UART_ErrorCallback
                0x000000000800220c       0x7c Core/Src/main.o
                0x000000000800220c                HAL_UART_ErrorCallback
 .text.color_judge
                0x0000000008002288       0x74 Core/Src/main.o
                0x0000000008002288                color_judge
 .text.PWM_SET_LEFT
                0x00000000080022fc       0x70 Core/Src/main.o
                0x00000000080022fc                PWM_SET_LEFT
 *fill*         0x000000000800236c        0x4 
 .text.PWM_SET_RIGHT
                0x0000000008002370       0xbc Core/Src/main.o
                0x0000000008002370                PWM_SET_RIGHT
 .text.PID_Apriltag
                0x000000000800242c      0x248 Core/Src/main.o
                0x000000000800242c                PID_Apriltag
 .text.Apriltag_Verify
                0x0000000008002674       0x50 Core/Src/main.o
                0x0000000008002674                Apriltag_Verify
 .text.stepping
                0x00000000080026c4      0x178 Core/Src/main.o
                0x00000000080026c4                stepping
 .text.stepping2
                0x000000000800283c      0x1c4 Core/Src/main.o
                0x000000000800283c                stepping2
 .text.feeding  0x0000000008002a00       0x4c Core/Src/main.o
                0x0000000008002a00                feeding
 .text.State_Transition
                0x0000000008002a4c      0x374 Core/Src/main.o
                0x0000000008002a4c                State_Transition
 .text.StreamTask
                0x0000000008002dc0     0x1144 Core/Src/main.o
                0x0000000008002dc0                StreamTask
 .text.PIDCameraTask
                0x0000000008003f04      0x1c8 Core/Src/main.o
                0x0000000008003f04                PIDCameraTask
 .text.GyroReceiveTask
                0x00000000080040cc      0x2c0 Core/Src/main.o
                0x00000000080040cc                GyroReceiveTask
 .text.DistanceCheckTask
                0x000000000800438c       0xb4 Core/Src/main.o
                0x000000000800438c                DistanceCheckTask
 .text.MileageTask
                0x0000000008004440       0x7c Core/Src/main.o
                0x0000000008004440                MileageTask
 .text.GoStraightTask
                0x00000000080044bc       0x48 Core/Src/main.o
                0x00000000080044bc                GoStraightTask
 .text.ColorcheckTask
                0x0000000008004504       0xa8 Core/Src/main.o
                0x0000000008004504                ColorcheckTask
 .text.HAL_TIM_PeriodElapsedCallback
                0x00000000080045ac       0x5c Core/Src/main.o
                0x00000000080045ac                HAL_TIM_PeriodElapsedCallback
 .text.Error_Handler
                0x0000000008004608        0xa Core/Src/main.o
                0x0000000008004608                Error_Handler
 *fill*         0x0000000008004612        0x2 
 .text.HAL_MspInit
                0x0000000008004614       0x40 Core/Src/stm32f4xx_hal_msp.o
                0x0000000008004614                HAL_MspInit
 .text.HAL_RTC_MspInit
                0x0000000008004654       0x1c Core/Src/stm32f4xx_hal_msp.o
                0x0000000008004654                HAL_RTC_MspInit
 .text.HAL_TIM_Encoder_MspInit
                0x0000000008004670       0xd8 Core/Src/stm32f4xx_hal_msp.o
                0x0000000008004670                HAL_TIM_Encoder_MspInit
 .text.HAL_TIM_Base_MspInit
                0x0000000008004748       0x58 Core/Src/stm32f4xx_hal_msp.o
                0x0000000008004748                HAL_TIM_Base_MspInit
 .text.HAL_TIM_MspPostInit
                0x00000000080047a0       0x90 Core/Src/stm32f4xx_hal_msp.o
                0x00000000080047a0                HAL_TIM_MspPostInit
 .text.HAL_UART_MspInit
                0x0000000008004830      0x230 Core/Src/stm32f4xx_hal_msp.o
                0x0000000008004830                HAL_UART_MspInit
 .text.HAL_InitTick
                0x0000000008004a60       0x80 Core/Src/stm32f4xx_hal_timebase_tim.o
                0x0000000008004a60                HAL_InitTick
 .text.NMI_Handler
                0x0000000008004ae0        0x8 Core/Src/stm32f4xx_it.o
                0x0000000008004ae0                NMI_Handler
 .text.HardFault_Handler
                0x0000000008004ae8        0x4 Core/Src/stm32f4xx_it.o
                0x0000000008004ae8                HardFault_Handler
 .text.MemManage_Handler
                0x0000000008004aec        0x4 Core/Src/stm32f4xx_it.o
                0x0000000008004aec                MemManage_Handler
 .text.BusFault_Handler
                0x0000000008004af0        0x4 Core/Src/stm32f4xx_it.o
                0x0000000008004af0                BusFault_Handler
 .text.UsageFault_Handler
                0x0000000008004af4        0x4 Core/Src/stm32f4xx_it.o
                0x0000000008004af4                UsageFault_Handler
 .text.DebugMon_Handler
                0x0000000008004af8        0x4 Core/Src/stm32f4xx_it.o
                0x0000000008004af8                DebugMon_Handler
 .text.TIM1_UP_TIM10_IRQHandler
                0x0000000008004afc        0xc Core/Src/stm32f4xx_it.o
                0x0000000008004afc                TIM1_UP_TIM10_IRQHandler
 .text.TIM2_IRQHandler
                0x0000000008004b08        0xc Core/Src/stm32f4xx_it.o
                0x0000000008004b08                TIM2_IRQHandler
 .text.USART1_IRQHandler
                0x0000000008004b14        0xc Core/Src/stm32f4xx_it.o
                0x0000000008004b14                USART1_IRQHandler
 .text.USART2_IRQHandler
                0x0000000008004b20        0xc Core/Src/stm32f4xx_it.o
                0x0000000008004b20                USART2_IRQHandler
 .text.UART4_IRQHandler
                0x0000000008004b2c        0xc Core/Src/stm32f4xx_it.o
                0x0000000008004b2c                UART4_IRQHandler
 .text.SystemInit
                0x0000000008004b38       0x14 Core/Src/system_stm32f4xx.o
                0x0000000008004b38                SystemInit
 .text.Reset_Handler
                0x0000000008004b4c       0x50 Core/Startup/startup_stm32f407zgtx.o
                0x0000000008004b4c                Reset_Handler
 .text.Default_Handler
                0x0000000008004b9c        0x2 Core/Startup/startup_stm32f407zgtx.o
                0x0000000008004b9c                RTC_Alarm_IRQHandler
                0x0000000008004b9c                HASH_RNG_IRQHandler
                0x0000000008004b9c                EXTI2_IRQHandler
                0x0000000008004b9c                TIM8_CC_IRQHandler
                0x0000000008004b9c                TIM1_CC_IRQHandler
                0x0000000008004b9c                DMA2_Stream5_IRQHandler
                0x0000000008004b9c                DMA1_Stream5_IRQHandler
                0x0000000008004b9c                PVD_IRQHandler
                0x0000000008004b9c                SDIO_IRQHandler
                0x0000000008004b9c                TAMP_STAMP_IRQHandler
                0x0000000008004b9c                CAN2_RX1_IRQHandler
                0x0000000008004b9c                EXTI3_IRQHandler
                0x0000000008004b9c                TIM8_TRG_COM_TIM14_IRQHandler
                0x0000000008004b9c                TIM8_UP_TIM13_IRQHandler
                0x0000000008004b9c                I2C3_ER_IRQHandler
                0x0000000008004b9c                EXTI0_IRQHandler
                0x0000000008004b9c                I2C2_EV_IRQHandler
                0x0000000008004b9c                DMA1_Stream2_IRQHandler
                0x0000000008004b9c                CAN1_RX0_IRQHandler
                0x0000000008004b9c                FPU_IRQHandler
                0x0000000008004b9c                OTG_HS_WKUP_IRQHandler
                0x0000000008004b9c                CAN2_SCE_IRQHandler
                0x0000000008004b9c                DMA2_Stream2_IRQHandler
                0x0000000008004b9c                SPI1_IRQHandler
                0x0000000008004b9c                TIM6_DAC_IRQHandler
                0x0000000008004b9c                TIM1_BRK_TIM9_IRQHandler
                0x0000000008004b9c                DCMI_IRQHandler
                0x0000000008004b9c                CAN2_RX0_IRQHandler
                0x0000000008004b9c                DMA2_Stream3_IRQHandler
                0x0000000008004b9c                USART6_IRQHandler
                0x0000000008004b9c                USART3_IRQHandler
                0x0000000008004b9c                CAN1_RX1_IRQHandler
                0x0000000008004b9c                UART5_IRQHandler
                0x0000000008004b9c                DMA2_Stream0_IRQHandler
                0x0000000008004b9c                TIM4_IRQHandler
                0x0000000008004b9c                I2C1_EV_IRQHandler
                0x0000000008004b9c                DMA1_Stream6_IRQHandler
                0x0000000008004b9c                DMA1_Stream1_IRQHandler
                0x0000000008004b9c                TIM3_IRQHandler
                0x0000000008004b9c                RCC_IRQHandler
                0x0000000008004b9c                TIM8_BRK_TIM12_IRQHandler
                0x0000000008004b9c                Default_Handler
                0x0000000008004b9c                EXTI15_10_IRQHandler
                0x0000000008004b9c                ADC_IRQHandler
                0x0000000008004b9c                DMA1_Stream7_IRQHandler
                0x0000000008004b9c                TIM7_IRQHandler
                0x0000000008004b9c                CAN2_TX_IRQHandler
                0x0000000008004b9c                TIM5_IRQHandler
                0x0000000008004b9c                DMA2_Stream7_IRQHandler
                0x0000000008004b9c                I2C3_EV_IRQHandler
                0x0000000008004b9c                EXTI9_5_IRQHandler
                0x0000000008004b9c                RTC_WKUP_IRQHandler
                0x0000000008004b9c                ETH_WKUP_IRQHandler
                0x0000000008004b9c                SPI2_IRQHandler
                0x0000000008004b9c                OTG_HS_EP1_IN_IRQHandler
                0x0000000008004b9c                DMA1_Stream0_IRQHandler
                0x0000000008004b9c                CAN1_TX_IRQHandler
                0x0000000008004b9c                EXTI4_IRQHandler
                0x0000000008004b9c                FSMC_IRQHandler
                0x0000000008004b9c                ETH_IRQHandler
                0x0000000008004b9c                OTG_HS_EP1_OUT_IRQHandler
                0x0000000008004b9c                WWDG_IRQHandler
                0x0000000008004b9c                OTG_FS_WKUP_IRQHandler
                0x0000000008004b9c                TIM1_TRG_COM_TIM11_IRQHandler
                0x0000000008004b9c                OTG_HS_IRQHandler
                0x0000000008004b9c                EXTI1_IRQHandler
                0x0000000008004b9c                I2C2_ER_IRQHandler
                0x0000000008004b9c                DMA2_Stream1_IRQHandler
                0x0000000008004b9c                CAN1_SCE_IRQHandler
                0x0000000008004b9c                FLASH_IRQHandler
                0x0000000008004b9c                DMA2_Stream4_IRQHandler
                0x0000000008004b9c                OTG_FS_IRQHandler
                0x0000000008004b9c                SPI3_IRQHandler
                0x0000000008004b9c                DMA1_Stream4_IRQHandler
                0x0000000008004b9c                I2C1_ER_IRQHandler
                0x0000000008004b9c                DMA2_Stream6_IRQHandler
                0x0000000008004b9c                DMA1_Stream3_IRQHandler
 *fill*         0x0000000008004b9e        0x2 
 .text.HAL_Init
                0x0000000008004ba0       0x34 Drivers/STM32F4xx_HAL_Driver/Src/stm32f4xx_hal.o
                0x0000000008004ba0                HAL_Init
 .text.HAL_IncTick
                0x0000000008004bd4       0x18 Drivers/STM32F4xx_HAL_Driver/Src/stm32f4xx_hal.o
                0x0000000008004bd4                HAL_IncTick
 .text.HAL_GetTick
                0x0000000008004bec        0xc Drivers/STM32F4xx_HAL_Driver/Src/stm32f4xx_hal.o
                0x0000000008004bec                HAL_GetTick
 .text.HAL_NVIC_SetPriorityGrouping
                0x0000000008004bf8       0x28 Drivers/STM32F4xx_HAL_Driver/Src/stm32f4xx_hal_cortex.o
                0x0000000008004bf8                HAL_NVIC_SetPriorityGrouping
 .text.HAL_NVIC_SetPriority
                0x0000000008004c20       0x70 Drivers/STM32F4xx_HAL_Driver/Src/stm32f4xx_hal_cortex.o
                0x0000000008004c20                HAL_NVIC_SetPriority
 .text.HAL_NVIC_EnableIRQ
                0x0000000008004c90       0x1c Drivers/STM32F4xx_HAL_Driver/Src/stm32f4xx_hal_cortex.o
                0x0000000008004c90                HAL_NVIC_EnableIRQ
 .text.HAL_DMA_Abort
                0x0000000008004cac       0x90 Drivers/STM32F4xx_HAL_Driver/Src/stm32f4xx_hal_dma.o
                0x0000000008004cac                HAL_DMA_Abort
 .text.HAL_DMA_Abort_IT
                0x0000000008004d3c       0x24 Drivers/STM32F4xx_HAL_Driver/Src/stm32f4xx_hal_dma.o
                0x0000000008004d3c                HAL_DMA_Abort_IT
 .text.HAL_GPIO_Init
                0x0000000008004d60      0x220 Drivers/STM32F4xx_HAL_Driver/Src/stm32f4xx_hal_gpio.o
                0x0000000008004d60                HAL_GPIO_Init
 .text.HAL_GPIO_WritePin
                0x0000000008004f80        0x8 Drivers/STM32F4xx_HAL_Driver/Src/stm32f4xx_hal_gpio.o
                0x0000000008004f80                HAL_GPIO_WritePin
 .text.HAL_GPIO_TogglePin
                0x0000000008004f88       0x14 Drivers/STM32F4xx_HAL_Driver/Src/stm32f4xx_hal_gpio.o
                0x0000000008004f88                HAL_GPIO_TogglePin
 .text.HAL_RCC_OscConfig
                0x0000000008004f9c      0x3cc Drivers/STM32F4xx_HAL_Driver/Src/stm32f4xx_hal_rcc.o
                0x0000000008004f9c                HAL_RCC_OscConfig
 .text.HAL_RCC_EnableCSS
                0x0000000008005368        0xc Drivers/STM32F4xx_HAL_Driver/Src/stm32f4xx_hal_rcc.o
                0x0000000008005368                HAL_RCC_EnableCSS
 .text.HAL_RCC_GetSysClockFreq
                0x0000000008005374       0x6c Drivers/STM32F4xx_HAL_Driver/Src/stm32f4xx_hal_rcc.o
                0x0000000008005374                HAL_RCC_GetSysClockFreq
 .text.HAL_RCC_ClockConfig
                0x00000000080053e0      0x13c Drivers/STM32F4xx_HAL_Driver/Src/stm32f4xx_hal_rcc.o
                0x00000000080053e0                HAL_RCC_ClockConfig
 .text.HAL_RCC_GetPCLK1Freq
                0x000000000800551c       0x20 Drivers/STM32F4xx_HAL_Driver/Src/stm32f4xx_hal_rcc.o
                0x000000000800551c                HAL_RCC_GetPCLK1Freq
 .text.HAL_RCC_GetPCLK2Freq
                0x000000000800553c       0x20 Drivers/STM32F4xx_HAL_Driver/Src/stm32f4xx_hal_rcc.o
                0x000000000800553c                HAL_RCC_GetPCLK2Freq
 .text.HAL_RCC_GetClockConfig
                0x000000000800555c       0x44 Drivers/STM32F4xx_HAL_Driver/Src/stm32f4xx_hal_rcc.o
                0x000000000800555c                HAL_RCC_GetClockConfig
 .text.HAL_RCC_CSSCallback
                0x00000000080055a0        0x4 Drivers/STM32F4xx_HAL_Driver/Src/stm32f4xx_hal_rcc.o
                0x00000000080055a0                HAL_RCC_CSSCallback
 .text.HAL_RCC_NMI_IRQHandler
                0x00000000080055a4       0x20 Drivers/STM32F4xx_HAL_Driver/Src/stm32f4xx_hal_rcc.o
                0x00000000080055a4                HAL_RCC_NMI_IRQHandler
 .text.HAL_RCCEx_PeriphCLKConfig
                0x00000000080055c4      0x140 Drivers/STM32F4xx_HAL_Driver/Src/stm32f4xx_hal_rcc_ex.o
                0x00000000080055c4                HAL_RCCEx_PeriphCLKConfig
 .text.HAL_RTC_Init
                0x0000000008005704       0xdc Drivers/STM32F4xx_HAL_Driver/Src/stm32f4xx_hal_rtc.o
                0x0000000008005704                HAL_RTC_Init
 .text.HAL_RTC_SetTime
                0x00000000080057e0      0x170 Drivers/STM32F4xx_HAL_Driver/Src/stm32f4xx_hal_rtc.o
                0x00000000080057e0                HAL_RTC_SetTime
 .text.HAL_RTC_SetDate
                0x0000000008005950      0x150 Drivers/STM32F4xx_HAL_Driver/Src/stm32f4xx_hal_rtc.o
                0x0000000008005950                HAL_RTC_SetDate
 .text.HAL_TIM_Base_Init
                0x0000000008005aa0      0x11c Drivers/STM32F4xx_HAL_Driver/Src/stm32f4xx_hal_tim.o
                0x0000000008005aa0                HAL_TIM_Base_Init
 .text.HAL_TIM_Base_Start_IT
                0x0000000008005bbc       0x78 Drivers/STM32F4xx_HAL_Driver/Src/stm32f4xx_hal_tim.o
                0x0000000008005bbc                HAL_TIM_Base_Start_IT
 .text.HAL_TIM_PWM_MspInit
                0x0000000008005c34        0x4 Drivers/STM32F4xx_HAL_Driver/Src/stm32f4xx_hal_tim.o
                0x0000000008005c34                HAL_TIM_PWM_MspInit
 .text.HAL_TIM_PWM_Init
                0x0000000008005c38      0x11c Drivers/STM32F4xx_HAL_Driver/Src/stm32f4xx_hal_tim.o
                0x0000000008005c38                HAL_TIM_PWM_Init
 .text.HAL_TIM_PWM_Start
                0x0000000008005d54       0xe0 Drivers/STM32F4xx_HAL_Driver/Src/stm32f4xx_hal_tim.o
                0x0000000008005d54                HAL_TIM_PWM_Start
 .text.HAL_TIM_Encoder_Init
                0x0000000008005e34      0x17c Drivers/STM32F4xx_HAL_Driver/Src/stm32f4xx_hal_tim.o
                0x0000000008005e34                HAL_TIM_Encoder_Init
 .text.HAL_TIM_Encoder_Start
                0x0000000008005fb0       0xb8 Drivers/STM32F4xx_HAL_Driver/Src/stm32f4xx_hal_tim.o
                0x0000000008005fb0                HAL_TIM_Encoder_Start
 .text.HAL_TIM_PWM_ConfigChannel
                0x0000000008006068      0x22c Drivers/STM32F4xx_HAL_Driver/Src/stm32f4xx_hal_tim.o
                0x0000000008006068                HAL_TIM_PWM_ConfigChannel
 .text.HAL_TIM_ConfigClockSource
                0x0000000008006294      0x148 Drivers/STM32F4xx_HAL_Driver/Src/stm32f4xx_hal_tim.o
                0x0000000008006294                HAL_TIM_ConfigClockSource
 .text.HAL_TIM_OC_DelayElapsedCallback
                0x00000000080063dc        0x4 Drivers/STM32F4xx_HAL_Driver/Src/stm32f4xx_hal_tim.o
                0x00000000080063dc                HAL_TIM_OC_DelayElapsedCallback
 .text.HAL_TIM_IC_CaptureCallback
                0x00000000080063e0        0x4 Drivers/STM32F4xx_HAL_Driver/Src/stm32f4xx_hal_tim.o
                0x00000000080063e0                HAL_TIM_IC_CaptureCallback
 .text.HAL_TIM_PWM_PulseFinishedCallback
                0x00000000080063e4        0x4 Drivers/STM32F4xx_HAL_Driver/Src/stm32f4xx_hal_tim.o
                0x00000000080063e4                HAL_TIM_PWM_PulseFinishedCallback
 .text.HAL_TIM_TriggerCallback
                0x00000000080063e8        0x4 Drivers/STM32F4xx_HAL_Driver/Src/stm32f4xx_hal_tim.o
                0x00000000080063e8                HAL_TIM_TriggerCallback
 .text.HAL_TIM_IRQHandler
                0x00000000080063ec      0x154 Drivers/STM32F4xx_HAL_Driver/Src/stm32f4xx_hal_tim.o
                0x00000000080063ec                HAL_TIM_IRQHandler
 .text.HAL_TIMEx_MasterConfigSynchronization
                0x0000000008006540       0x84 Drivers/STM32F4xx_HAL_Driver/Src/stm32f4xx_hal_tim_ex.o
                0x0000000008006540                HAL_TIMEx_MasterConfigSynchronization
 .text.HAL_TIMEx_CommutCallback
                0x00000000080065c4        0x4 Drivers/STM32F4xx_HAL_Driver/Src/stm32f4xx_hal_tim_ex.o
                0x00000000080065c4                HAL_TIMEx_CommutCallback
 .text.HAL_TIMEx_BreakCallback
                0x00000000080065c8        0x4 Drivers/STM32F4xx_HAL_Driver/Src/stm32f4xx_hal_tim_ex.o
                0x00000000080065c8                HAL_TIMEx_BreakCallback
 .text.HAL_UART_Init
                0x00000000080065cc      0x138 Drivers/STM32F4xx_HAL_Driver/Src/stm32f4xx_hal_uart.o
                0x00000000080065cc                HAL_UART_Init
 .text.HAL_UART_Transmit
                0x0000000008006704      0x110 Drivers/STM32F4xx_HAL_Driver/Src/stm32f4xx_hal_uart.o
                0x0000000008006704                HAL_UART_Transmit
 .text.HAL_UART_Receive
                0x0000000008006814      0x108 Drivers/STM32F4xx_HAL_Driver/Src/stm32f4xx_hal_uart.o
                0x0000000008006814                HAL_UART_Receive
 .text.HAL_UART_Receive_IT
                0x000000000800691c       0x54 Drivers/STM32F4xx_HAL_Driver/Src/stm32f4xx_hal_uart.o
                0x000000000800691c                HAL_UART_Receive_IT
 .text.HAL_UART_TxCpltCallback
                0x0000000008006970        0x4 Drivers/STM32F4xx_HAL_Driver/Src/stm32f4xx_hal_uart.o
                0x0000000008006970                HAL_UART_TxCpltCallback
 .text.UART_DMAAbortOnError
                0x0000000008006974       0x10 Drivers/STM32F4xx_HAL_Driver/Src/stm32f4xx_hal_uart.o
 .text.HAL_UARTEx_RxEventCallback
                0x0000000008006984        0x4 Drivers/STM32F4xx_HAL_Driver/Src/stm32f4xx_hal_uart.o
                0x0000000008006984                HAL_UARTEx_RxEventCallback
 .text.UART_Receive_IT.part.0
                0x0000000008006988       0xa0 Drivers/STM32F4xx_HAL_Driver/Src/stm32f4xx_hal_uart.o
 .text.HAL_UART_IRQHandler
                0x0000000008006a28      0x25c Drivers/STM32F4xx_HAL_Driver/Src/stm32f4xx_hal_uart.o
                0x0000000008006a28                HAL_UART_IRQHandler
 .text.osKernelStart
                0x0000000008006c84        0xc Middlewares/Third_Party/FreeRTOS/Source/CMSIS_RTOS/cmsis_os.o
                0x0000000008006c84                osKernelStart
 .text.osKernelSysTick
                0x0000000008006c90       0x10 Middlewares/Third_Party/FreeRTOS/Source/CMSIS_RTOS/cmsis_os.o
                0x0000000008006c90                osKernelSysTick
 .text.osThreadCreate
                0x0000000008006ca0       0x58 Middlewares/Third_Party/FreeRTOS/Source/CMSIS_RTOS/cmsis_os.o
                0x0000000008006ca0                osThreadCreate
 .text.osSemaphoreCreate
                0x0000000008006cf8       0x4c Middlewares/Third_Party/FreeRTOS/Source/CMSIS_RTOS/cmsis_os.o
                0x0000000008006cf8                osSemaphoreCreate
 .text.osSemaphoreWait
                0x0000000008006d44       0x58 Middlewares/Third_Party/FreeRTOS/Source/CMSIS_RTOS/cmsis_os.o
                0x0000000008006d44                osSemaphoreWait
 .text.osSemaphoreRelease
                0x0000000008006d9c       0x50 Middlewares/Third_Party/FreeRTOS/Source/CMSIS_RTOS/cmsis_os.o
                0x0000000008006d9c                osSemaphoreRelease
 .text.osDelayUntil
                0x0000000008006dec       0x10 Middlewares/Third_Party/FreeRTOS/Source/CMSIS_RTOS/cmsis_os.o
                0x0000000008006dec                osDelayUntil
 .text.vListInitialise
                0x0000000008006dfc       0x18 Middlewares/Third_Party/FreeRTOS/Source/list.o
                0x0000000008006dfc                vListInitialise
 .text.vListInitialiseItem
                0x0000000008006e14        0x8 Middlewares/Third_Party/FreeRTOS/Source/list.o
                0x0000000008006e14                vListInitialiseItem
 .text.vListInsertEnd
                0x0000000008006e1c       0x20 Middlewares/Third_Party/FreeRTOS/Source/list.o
                0x0000000008006e1c                vListInsertEnd
 .text.vListInsert
                0x0000000008006e3c       0x30 Middlewares/Third_Party/FreeRTOS/Source/list.o
                0x0000000008006e3c                vListInsert
 .text.uxListRemove
                0x0000000008006e6c       0x28 Middlewares/Third_Party/FreeRTOS/Source/list.o
                0x0000000008006e6c                uxListRemove
 .text.prvCopyDataToQueue
                0x0000000008006e94       0x7c Middlewares/Third_Party/FreeRTOS/Source/queue.o
 .text.xQueueGenericCreateStatic
                0x0000000008006f10       0xdc Middlewares/Third_Party/FreeRTOS/Source/queue.o
                0x0000000008006f10                xQueueGenericCreateStatic
 .text.xQueueGenericCreate
                0x0000000008006fec       0x80 Middlewares/Third_Party/FreeRTOS/Source/queue.o
                0x0000000008006fec                xQueueGenericCreate
 .text.xQueueGenericSend
                0x000000000800706c      0x30c Middlewares/Third_Party/FreeRTOS/Source/queue.o
                0x000000000800706c                xQueueGenericSend
 .text.xQueueGiveFromISR
                0x0000000008007378       0xb0 Middlewares/Third_Party/FreeRTOS/Source/queue.o
                0x0000000008007378                xQueueGiveFromISR
 .text.xQueueSemaphoreTake
                0x0000000008007428      0x320 Middlewares/Third_Party/FreeRTOS/Source/queue.o
                0x0000000008007428                xQueueSemaphoreTake
 .text.xQueueReceiveFromISR
                0x0000000008007748       0xb8 Middlewares/Third_Party/FreeRTOS/Source/queue.o
                0x0000000008007748                xQueueReceiveFromISR
 .text.prvAddNewTaskToReadyList
                0x0000000008007800      0x13c Middlewares/Third_Party/FreeRTOS/Source/tasks.o
 .text.prvAddCurrentTaskToDelayedList
                0x000000000800793c       0x8c Middlewares/Third_Party/FreeRTOS/Source/tasks.o
 .text.prvIdleTask
                0x00000000080079c8       0xa0 Middlewares/Third_Party/FreeRTOS/Source/tasks.o
 .text.xTaskIncrementTick.part.0
                0x0000000008007a68      0x14c Middlewares/Third_Party/FreeRTOS/Source/tasks.o
 .text.xTaskResumeAll.part.0
                0x0000000008007bb4      0x140 Middlewares/Third_Party/FreeRTOS/Source/tasks.o
 .text.xTaskCreateStatic
                0x0000000008007cf4      0x170 Middlewares/Third_Party/FreeRTOS/Source/tasks.o
                0x0000000008007cf4                xTaskCreateStatic
 .text.xTaskCreate
                0x0000000008007e64      0x15c Middlewares/Third_Party/FreeRTOS/Source/tasks.o
                0x0000000008007e64                xTaskCreate
 .text.vTaskDelayUntil
                0x0000000008007fc0       0xa8 Middlewares/Third_Party/FreeRTOS/Source/tasks.o
                0x0000000008007fc0                vTaskDelayUntil
 .text.vTaskSuspend
                0x0000000008008068      0x15c Middlewares/Third_Party/FreeRTOS/Source/tasks.o
                0x0000000008008068                vTaskSuspend
 .text.vTaskResume
                0x00000000080081c4       0xa4 Middlewares/Third_Party/FreeRTOS/Source/tasks.o
                0x00000000080081c4                vTaskResume
 .text.vTaskStartScheduler
                0x0000000008008268       0xf4 Middlewares/Third_Party/FreeRTOS/Source/tasks.o
                0x0000000008008268                vTaskStartScheduler
 .text.vTaskSuspendAll
                0x000000000800835c       0x10 Middlewares/Third_Party/FreeRTOS/Source/tasks.o
                0x000000000800835c                vTaskSuspendAll
 .text.xTaskResumeAll
                0x000000000800836c       0x20 Middlewares/Third_Party/FreeRTOS/Source/tasks.o
                0x000000000800836c                xTaskResumeAll
 .text.xTaskGetTickCount
                0x000000000800838c        0xc Middlewares/Third_Party/FreeRTOS/Source/tasks.o
                0x000000000800838c                xTaskGetTickCount
 .text.xTaskGetTickCountFromISR
                0x0000000008008398       0x10 Middlewares/Third_Party/FreeRTOS/Source/tasks.o
                0x0000000008008398                xTaskGetTickCountFromISR
 .text.xTaskIncrementTick
                0x00000000080083a8       0x20 Middlewares/Third_Party/FreeRTOS/Source/tasks.o
                0x00000000080083a8                xTaskIncrementTick
 .text.vTaskSwitchContext
                0x00000000080083c8       0x78 Middlewares/Third_Party/FreeRTOS/Source/tasks.o
                0x00000000080083c8                vTaskSwitchContext
 .text.vTaskPlaceOnEventList
                0x0000000008008440       0xa0 Middlewares/Third_Party/FreeRTOS/Source/tasks.o
                0x0000000008008440                vTaskPlaceOnEventList
 .text.xTaskRemoveFromEventList
                0x00000000080084e0       0x94 Middlewares/Third_Party/FreeRTOS/Source/tasks.o
                0x00000000080084e0                xTaskRemoveFromEventList
 .text.vTaskInternalSetTimeOutState
                0x0000000008008574       0x18 Middlewares/Third_Party/FreeRTOS/Source/tasks.o
                0x0000000008008574                vTaskInternalSetTimeOutState
 .text.xTaskCheckForTimeOut
                0x000000000800858c       0x90 Middlewares/Third_Party/FreeRTOS/Source/tasks.o
                0x000000000800858c                xTaskCheckForTimeOut
 .text.vTaskMissedYield
                0x000000000800861c        0xc Middlewares/Third_Party/FreeRTOS/Source/tasks.o
                0x000000000800861c                vTaskMissedYield
 .text.xTaskGetSchedulerState
                0x0000000008008628       0x20 Middlewares/Third_Party/FreeRTOS/Source/tasks.o
                0x0000000008008628                xTaskGetSchedulerState
 .text.xTaskPriorityInherit
                0x0000000008008648       0xa0 Middlewares/Third_Party/FreeRTOS/Source/tasks.o
                0x0000000008008648                xTaskPriorityInherit
 .text.xTaskPriorityDisinherit
                0x00000000080086e8       0xb8 Middlewares/Third_Party/FreeRTOS/Source/tasks.o
                0x00000000080086e8                xTaskPriorityDisinherit
 .text.vTaskPriorityDisinheritAfterTimeout
                0x00000000080087a0       0xbc Middlewares/Third_Party/FreeRTOS/Source/tasks.o
                0x00000000080087a0                vTaskPriorityDisinheritAfterTimeout
 .text.pvTaskIncrementMutexHeldCount
                0x000000000800885c       0x18 Middlewares/Third_Party/FreeRTOS/Source/tasks.o
                0x000000000800885c                pvTaskIncrementMutexHeldCount
 .text.prvPortStartFirstTask
                0x0000000008008874       0x28 Middlewares/Third_Party/FreeRTOS/Source/portable/GCC/ARM_CM4F/port.o
 .text.vPortEnableVFP
                0x000000000800889c       0x14 Middlewares/Third_Party/FreeRTOS/Source/portable/GCC/ARM_CM4F/port.o
 .text.prvTaskExitError
                0x00000000080088b0       0x40 Middlewares/Third_Party/FreeRTOS/Source/portable/GCC/ARM_CM4F/port.o
 .text.pxPortInitialiseStack
                0x00000000080088f0       0x30 Middlewares/Third_Party/FreeRTOS/Source/portable/GCC/ARM_CM4F/port.o
                0x00000000080088f0                pxPortInitialiseStack
 .text.SVC_Handler
                0x0000000008008920       0x24 Middlewares/Third_Party/FreeRTOS/Source/portable/GCC/ARM_CM4F/port.o
                0x0000000008008920                SVC_Handler
 .text.vPortEnterCritical
                0x0000000008008944       0x44 Middlewares/Third_Party/FreeRTOS/Source/portable/GCC/ARM_CM4F/port.o
                0x0000000008008944                vPortEnterCritical
 .text.vPortExitCritical
                0x0000000008008988       0x28 Middlewares/Third_Party/FreeRTOS/Source/portable/GCC/ARM_CM4F/port.o
                0x0000000008008988                vPortExitCritical
 .text.PendSV_Handler
                0x00000000080089b0       0x64 Middlewares/Third_Party/FreeRTOS/Source/portable/GCC/ARM_CM4F/port.o
                0x00000000080089b0                PendSV_Handler
 .text.SysTick_Handler
                0x0000000008008a14       0x2c Middlewares/Third_Party/FreeRTOS/Source/portable/GCC/ARM_CM4F/port.o
                0x0000000008008a14                SysTick_Handler
 .text.vPortSetupTimerInterrupt
                0x0000000008008a40       0x3c Middlewares/Third_Party/FreeRTOS/Source/portable/GCC/ARM_CM4F/port.o
                0x0000000008008a40                vPortSetupTimerInterrupt
 .text.xPortStartScheduler
                0x0000000008008a7c      0x138 Middlewares/Third_Party/FreeRTOS/Source/portable/GCC/ARM_CM4F/port.o
                0x0000000008008a7c                xPortStartScheduler
 .text.vPortValidateInterruptPriority
                0x0000000008008bb4       0x5c Middlewares/Third_Party/FreeRTOS/Source/portable/GCC/ARM_CM4F/port.o
                0x0000000008008bb4                vPortValidateInterruptPriority
 .text.pvPortMalloc
                0x0000000008008c10      0x174 Middlewares/Third_Party/FreeRTOS/Source/portable/MemMang/heap_4.o
                0x0000000008008c10                pvPortMalloc
 .text.vPortFree
                0x0000000008008d84       0xbc Middlewares/Third_Party/FreeRTOS/Source/portable/MemMang/heap_4.o
                0x0000000008008d84                vPortFree
 .text.__libc_init_array
                0x0000000008008e40       0x48 c:/st/stm32cubeide_1.6.0/stm32cubeide/plugins/com.st.stm32cube.ide.mcu.externaltools.gnu-tools-for-stm32.9-2020-q2-update.win32_1.5.0.202011040924/tools/bin/../lib/gcc/arm-none-eabi/9.3.1/../../../../arm-none-eabi/lib/thumb/v7e-m+fp/hard\libc_nano.a(lib_a-init.o)
                0x0000000008008e40                __libc_init_array
 .text.memcpy   0x0000000008008e88       0x1c c:/st/stm32cubeide_1.6.0/stm32cubeide/plugins/com.st.stm32cube.ide.mcu.externaltools.gnu-tools-for-stm32.9-2020-q2-update.win32_1.5.0.202011040924/tools/bin/../lib/gcc/arm-none-eabi/9.3.1/../../../../arm-none-eabi/lib/thumb/v7e-m+fp/hard\libc_nano.a(lib_a-memcpy-stub.o)
                0x0000000008008e88                memcpy
 .text.memset   0x0000000008008ea4       0x10 c:/st/stm32cubeide_1.6.0/stm32cubeide/plugins/com.st.stm32cube.ide.mcu.externaltools.gnu-tools-for-stm32.9-2020-q2-update.win32_1.5.0.202011040924/tools/bin/../lib/gcc/arm-none-eabi/9.3.1/../../../../arm-none-eabi/lib/thumb/v7e-m+fp/hard\libc_nano.a(lib_a-memset.o)
                0x0000000008008ea4                memset
 *(.glue_7)
 .glue_7        0x0000000008008eb4        0x0 linker stubs
 *(.glue_7t)
 .glue_7t       0x0000000008008eb4        0x0 linker stubs
 *(.eh_frame)
 .eh_frame      0x0000000008008eb4        0x0 c:/st/stm32cubeide_1.6.0/stm32cubeide/plugins/com.st.stm32cube.ide.mcu.externaltools.gnu-tools-for-stm32.9-2020-q2-update.win32_1.5.0.202011040924/tools/bin/../lib/gcc/arm-none-eabi/9.3.1/thumb/v7e-m+fp/hard/crtbegin.o
 *(.init)
 .init          0x0000000008008eb4        0x4 c:/st/stm32cubeide_1.6.0/stm32cubeide/plugins/com.st.stm32cube.ide.mcu.externaltools.gnu-tools-for-stm32.9-2020-q2-update.win32_1.5.0.202011040924/tools/bin/../lib/gcc/arm-none-eabi/9.3.1/thumb/v7e-m+fp/hard/crti.o
                0x0000000008008eb4                _init
 .init          0x0000000008008eb8        0x8 c:/st/stm32cubeide_1.6.0/stm32cubeide/plugins/com.st.stm32cube.ide.mcu.externaltools.gnu-tools-for-stm32.9-2020-q2-update.win32_1.5.0.202011040924/tools/bin/../lib/gcc/arm-none-eabi/9.3.1/thumb/v7e-m+fp/hard/crtn.o
 *(.fini)
 .fini          0x0000000008008ec0        0x4 c:/st/stm32cubeide_1.6.0/stm32cubeide/plugins/com.st.stm32cube.ide.mcu.externaltools.gnu-tools-for-stm32.9-2020-q2-update.win32_1.5.0.202011040924/tools/bin/../lib/gcc/arm-none-eabi/9.3.1/thumb/v7e-m+fp/hard/crti.o
                0x0000000008008ec0                _fini
 .fini          0x0000000008008ec4        0x8 c:/st/stm32cubeide_1.6.0/stm32cubeide/plugins/com.st.stm32cube.ide.mcu.externaltools.gnu-tools-for-stm32.9-2020-q2-update.win32_1.5.0.202011040924/tools/bin/../lib/gcc/arm-none-eabi/9.3.1/thumb/v7e-m+fp/hard/crtn.o
                0x0000000008008ecc                . = ALIGN (0x4)
                0x0000000008008ecc                _etext = .

.vfp11_veneer   0x0000000008008ecc        0x0
 .vfp11_veneer  0x0000000008008ecc        0x0 linker stubs

.v4_bx          0x0000000008008ecc        0x0
 .v4_bx         0x0000000008008ecc        0x0 linker stubs

.iplt           0x0000000008008ecc        0x0
 .iplt          0x0000000008008ecc        0x0 c:/st/stm32cubeide_1.6.0/stm32cubeide/plugins/com.st.stm32cube.ide.mcu.externaltools.gnu-tools-for-stm32.9-2020-q2-update.win32_1.5.0.202011040924/tools/bin/../lib/gcc/arm-none-eabi/9.3.1/thumb/v7e-m+fp/hard/crtbegin.o

.rodata         0x0000000008008ecc      0x130
                0x0000000008008ecc                . = ALIGN (0x4)
 *(.rodata)
 .rodata        0x0000000008008ecc      0x117 Core/Src/main.o
 *(.rodata*)
 *fill*         0x0000000008008fe3        0x1 
 .rodata.AHBPrescTable
                0x0000000008008fe4       0x10 Core/Src/system_stm32f4xx.o
                0x0000000008008fe4                AHBPrescTable
 .rodata.APBPrescTable
                0x0000000008008ff4        0x8 Core/Src/system_stm32f4xx.o
                0x0000000008008ff4                APBPrescTable
                0x0000000008008ffc                . = ALIGN (0x4)

.ARM.extab      0x0000000008008ffc        0x0
                0x0000000008008ffc                . = ALIGN (0x4)
 *(.ARM.extab* .gnu.linkonce.armextab.*)
                0x0000000008008ffc                . = ALIGN (0x4)

.ARM            0x0000000008008ffc        0x8
                0x0000000008008ffc                . = ALIGN (0x4)
                0x0000000008008ffc                __exidx_start = .
 *(.ARM.exidx*)
 .ARM.exidx     0x0000000008008ffc        0x8 c:/st/stm32cubeide_1.6.0/stm32cubeide/plugins/com.st.stm32cube.ide.mcu.externaltools.gnu-tools-for-stm32.9-2020-q2-update.win32_1.5.0.202011040924/tools/bin/../lib/gcc/arm-none-eabi/9.3.1/thumb/v7e-m+fp/hard\libgcc.a(_udivmoddi4.o)
                0x0000000008009004                __exidx_end = .
                0x0000000008009004                . = ALIGN (0x4)

.rel.dyn        0x0000000008009004        0x0
 .rel.iplt      0x0000000008009004        0x0 c:/st/stm32cubeide_1.6.0/stm32cubeide/plugins/com.st.stm32cube.ide.mcu.externaltools.gnu-tools-for-stm32.9-2020-q2-update.win32_1.5.0.202011040924/tools/bin/../lib/gcc/arm-none-eabi/9.3.1/thumb/v7e-m+fp/hard/crtbegin.o

.preinit_array  0x0000000008009004        0x0
                0x0000000008009004                . = ALIGN (0x4)
                0x0000000008009004                PROVIDE (__preinit_array_start = .)
 *(.preinit_array*)
                0x0000000008009004                PROVIDE (__preinit_array_end = .)
                0x0000000008009004                . = ALIGN (0x4)

.init_array     0x0000000008009004        0x4
                0x0000000008009004                . = ALIGN (0x4)
                0x0000000008009004                PROVIDE (__init_array_start = .)
 *(SORT_BY_NAME(.init_array.*))
 *(.init_array*)
 .init_array    0x0000000008009004        0x4 c:/st/stm32cubeide_1.6.0/stm32cubeide/plugins/com.st.stm32cube.ide.mcu.externaltools.gnu-tools-for-stm32.9-2020-q2-update.win32_1.5.0.202011040924/tools/bin/../lib/gcc/arm-none-eabi/9.3.1/thumb/v7e-m+fp/hard/crtbegin.o
                0x0000000008009008                PROVIDE (__init_array_end = .)
                0x0000000008009008                . = ALIGN (0x4)

.fini_array     0x0000000008009008        0x4
                0x0000000008009008                . = ALIGN (0x4)
                [!provide]                        PROVIDE (__fini_array_start = .)
 *(SORT_BY_NAME(.fini_array.*))
 *(.fini_array*)
 .fini_array    0x0000000008009008        0x4 c:/st/stm32cubeide_1.6.0/stm32cubeide/plugins/com.st.stm32cube.ide.mcu.externaltools.gnu-tools-for-stm32.9-2020-q2-update.win32_1.5.0.202011040924/tools/bin/../lib/gcc/arm-none-eabi/9.3.1/thumb/v7e-m+fp/hard/crtbegin.o
                [!provide]                        PROVIDE (__fini_array_end = .)
                0x000000000800900c                . = ALIGN (0x4)
                0x000000000800900c                _sidata = LOADADDR (.data)

.data           0x0000000020000000       0x24 load address 0x000000000800900c
                0x0000000020000000                . = ALIGN (0x4)
                0x0000000020000000                _sdata = .
 *(.data)
 *(.data*)
 .data.go_straight_speed
                0x0000000020000000        0x4 Core/Src/main.o
                0x0000000020000000                go_straight_speed
 .data.mileage_IT_number
                0x0000000020000004        0x4 Core/Src/main.o
                0x0000000020000004                mileage_IT_number
 .data.PID_Straight_Reset_Flag
                0x0000000020000008        0x4 Core/Src/main.o
                0x0000000020000008                PID_Straight_Reset_Flag
 .data.info     0x000000002000000c        0x4 Core/Src/main.o
                0x000000002000000c                info
 .data.Kp       0x0000000020000010        0x4 Core/Src/main.o
                0x0000000020000010                Kp
 .data.SystemCoreClock
                0x0000000020000014        0x4 Core/Src/system_stm32f4xx.o
                0x0000000020000014                SystemCoreClock
 .data.uwTickFreq
                0x0000000020000018        0x1 Drivers/STM32F4xx_HAL_Driver/Src/stm32f4xx_hal.o
                0x0000000020000018                uwTickFreq
 *fill*         0x0000000020000019        0x3 
 .data.uwTickPrio
                0x000000002000001c        0x4 Drivers/STM32F4xx_HAL_Driver/Src/stm32f4xx_hal.o
                0x000000002000001c                uwTickPrio
 .data.uxCriticalNesting
                0x0000000020000020        0x4 Middlewares/Third_Party/FreeRTOS/Source/portable/GCC/ARM_CM4F/port.o
 *(.RamFunc)
 *(.RamFunc*)
                0x0000000020000024                . = ALIGN (0x4)
                0x0000000020000024                _edata = .

.igot.plt       0x0000000020000024        0x0 load address 0x0000000008009030
 .igot.plt      0x0000000020000024        0x0 c:/st/stm32cubeide_1.6.0/stm32cubeide/plugins/com.st.stm32cube.ide.mcu.externaltools.gnu-tools-for-stm32.9-2020-q2-update.win32_1.5.0.202011040924/tools/bin/../lib/gcc/arm-none-eabi/9.3.1/thumb/v7e-m+fp/hard/crtbegin.o
                0x0000000020000024                . = ALIGN (0x4)

.bss            0x0000000020000024     0x433c load address 0x0000000008009030
                0x0000000020000024                _sbss = .
                0x0000000020000024                __bss_start__ = _sbss
 *(.bss)
 .bss           0x0000000020000024       0x1c c:/st/stm32cubeide_1.6.0/stm32cubeide/plugins/com.st.stm32cube.ide.mcu.externaltools.gnu-tools-for-stm32.9-2020-q2-update.win32_1.5.0.202011040924/tools/bin/../lib/gcc/arm-none-eabi/9.3.1/thumb/v7e-m+fp/hard/crtbegin.o
 *(.bss*)
 .bss.xIdleStack
                0x0000000020000040      0x200 Core/Src/freertos.o
 .bss.xIdleTaskTCBBuffer
                0x0000000020000240       0x54 Core/Src/freertos.o
 .bss.Rx_Buf    0x0000000020000294        0x2 Core/Src/main.o
                0x0000000020000294                Rx_Buf
 .bss.Camera_Data
                0x0000000020000296        0x2 Core/Src/main.o
                0x0000000020000296                Camera_Data
 .bss.Rx_Buf_Right
                0x0000000020000298        0x3 Core/Src/main.o
                0x0000000020000298                Rx_Buf_Right
 *fill*         0x000000002000029b        0x1 
 .bss.Rx_Buf_Front
                0x000000002000029c        0x3 Core/Src/main.o
                0x000000002000029c                Rx_Buf_Front
 *fill*         0x000000002000029f        0x1 
 .bss.angle     0x00000000200002a0        0xc Core/Src/main.o
                0x00000000200002a0                angle
 .bss.critical_distance
                0x00000000200002ac        0x8 Core/Src/main.o
                0x00000000200002ac                critical_distance
 .bss.right_distance
                0x00000000200002b4        0x8 Core/Src/main.o
                0x00000000200002b4                right_distance
 .bss.front_distance
                0x00000000200002bc        0x8 Core/Src/main.o
                0x00000000200002bc                front_distance
 .bss.distance_flag
                0x00000000200002c4        0x4 Core/Src/main.o
                0x00000000200002c4                distance_flag
 .bss.camera_recieve_IT_flag
                0x00000000200002c8        0x4 Core/Src/main.o
                0x00000000200002c8                camera_recieve_IT_flag
 .bss.gyro_reset_flag
                0x00000000200002cc        0x4 Core/Src/main.o
                0x00000000200002cc                gyro_reset_flag
 .bss.number_of_pulses
                0x00000000200002d0        0x4 Core/Src/main.o
                0x00000000200002d0                number_of_pulses
 .bss.critical_pulses
                0x00000000200002d4        0x4 Core/Src/main.o
                0x00000000200002d4                critical_pulses
 .bss.blue      0x00000000200002d8        0x2 Core/Src/main.o
                0x00000000200002d8                blue
 .bss.pink      0x00000000200002da        0x2 Core/Src/main.o
                0x00000000200002da                pink
 .bss.yellow    0x00000000200002dc        0x2 Core/Src/main.o
                0x00000000200002dc                yellow
 .bss.PID_Target
                0x00000000200002de        0x2 Core/Src/main.o
                0x00000000200002de                PID_Target
 .bss.Ki        0x00000000200002e0        0x4 Core/Src/main.o
                0x00000000200002e0                Ki
 .bss.Kd        0x00000000200002e4        0x4 Core/Src/main.o
                0x00000000200002e4                Kd
 .bss.pxCurrentTCB
                0x00000000200002e8        0x4 Middlewares/Third_Party/FreeRTOS/Source/tasks.o
                0x00000000200002e8                pxCurrentTCB
 .bss.pxDelayedTaskList
                0x00000000200002ec        0x4 Middlewares/Third_Party/FreeRTOS/Source/tasks.o
 .bss.pxOverflowDelayedTaskList
                0x00000000200002f0        0x4 Middlewares/Third_Party/FreeRTOS/Source/tasks.o
 .bss.pxReadyTasksLists
                0x00000000200002f4       0x8c Middlewares/Third_Party/FreeRTOS/Source/tasks.o
 .bss.uxCurrentNumberOfTasks
                0x0000000020000380        0x4 Middlewares/Third_Party/FreeRTOS/Source/tasks.o
 .bss.uxDeletedTasksWaitingCleanUp
                0x0000000020000384        0x4 Middlewares/Third_Party/FreeRTOS/Source/tasks.o
 .bss.uxSchedulerSuspended
                0x0000000020000388        0x4 Middlewares/Third_Party/FreeRTOS/Source/tasks.o
 .bss.uxTaskNumber
                0x000000002000038c        0x4 Middlewares/Third_Party/FreeRTOS/Source/tasks.o
 .bss.uxTopReadyPriority
                0x0000000020000390        0x4 Middlewares/Third_Party/FreeRTOS/Source/tasks.o
 .bss.xDelayedTaskList1
                0x0000000020000394       0x14 Middlewares/Third_Party/FreeRTOS/Source/tasks.o
 .bss.xDelayedTaskList2
                0x00000000200003a8       0x14 Middlewares/Third_Party/FreeRTOS/Source/tasks.o
 .bss.xNextTaskUnblockTime
                0x00000000200003bc        0x4 Middlewares/Third_Party/FreeRTOS/Source/tasks.o
 .bss.xNumOfOverflows
                0x00000000200003c0        0x4 Middlewares/Third_Party/FreeRTOS/Source/tasks.o
 .bss.xPendedTicks
                0x00000000200003c4        0x4 Middlewares/Third_Party/FreeRTOS/Source/tasks.o
 .bss.xPendingReadyList
                0x00000000200003c8       0x14 Middlewares/Third_Party/FreeRTOS/Source/tasks.o
 .bss.xSchedulerRunning
                0x00000000200003dc        0x4 Middlewares/Third_Party/FreeRTOS/Source/tasks.o
 .bss.xSuspendedTaskList
                0x00000000200003e0       0x14 Middlewares/Third_Party/FreeRTOS/Source/tasks.o
 .bss.xTasksWaitingTermination
                0x00000000200003f4       0x14 Middlewares/Third_Party/FreeRTOS/Source/tasks.o
 .bss.xTickCount
                0x0000000020000408        0x4 Middlewares/Third_Party/FreeRTOS/Source/tasks.o
 .bss.xYieldPending
                0x000000002000040c        0x4 Middlewares/Third_Party/FreeRTOS/Source/tasks.o
 .bss.ucMaxSysCallPriority
                0x0000000020000410        0x1 Middlewares/Third_Party/FreeRTOS/Source/portable/GCC/ARM_CM4F/port.o
 *fill*         0x0000000020000411        0x3 
 .bss.ulMaxPRIGROUPValue
                0x0000000020000414        0x4 Middlewares/Third_Party/FreeRTOS/Source/portable/GCC/ARM_CM4F/port.o
 .bss.pxEnd     0x0000000020000418        0x4 Middlewares/Third_Party/FreeRTOS/Source/portable/MemMang/heap_4.o
 .bss.ucHeap    0x000000002000041c     0x3c00 Middlewares/Third_Party/FreeRTOS/Source/portable/MemMang/heap_4.o
 .bss.xBlockAllocatedBit
                0x000000002000401c        0x4 Middlewares/Third_Party/FreeRTOS/Source/portable/MemMang/heap_4.o
 .bss.xFreeBytesRemaining
                0x0000000020004020        0x4 Middlewares/Third_Party/FreeRTOS/Source/portable/MemMang/heap_4.o
 .bss.xMinimumEverFreeBytesRemaining
                0x0000000020004024        0x4 Middlewares/Third_Party/FreeRTOS/Source/portable/MemMang/heap_4.o
 .bss.xNumberOfSuccessfulAllocations
                0x0000000020004028        0x4 Middlewares/Third_Party/FreeRTOS/Source/portable/MemMang/heap_4.o
 .bss.xNumberOfSuccessfulFrees
                0x000000002000402c        0x4 Middlewares/Third_Party/FreeRTOS/Source/portable/MemMang/heap_4.o
 .bss.xStart    0x0000000020004030        0x8 Middlewares/Third_Party/FreeRTOS/Source/portable/MemMang/heap_4.o
 *(COMMON)
 COMMON         0x0000000020004038      0x2dc Core/Src/main.o
                0x0000000020004038                CriticalDistanceSemHandle
                0x000000002000403c                gomile6SemHandle
                0x0000000020004040                MileageHandle
                0x0000000020004044                htim8
                0x000000002000408c                finalcolor
                0x0000000020004090                htim4
                0x00000000200040d8                huart3
                0x000000002000411c                PIDCameraHandle
                0x0000000020004120                CameraUARTSemHandle
                0x0000000020004124                UltraFrontSemHandle
                0x0000000020004128                DistanceCheckHandle
                0x000000002000412c                GoStraightHandle
                0x0000000020004130                htim3
                0x0000000020004178                state
                0x000000002000417c                huart5
                0x00000000200041c0                huart1
                0x0000000020004204                StreamHandle
                0x0000000020004208                MileageSemHandle
                0x000000002000420c                hrtc
                0x000000002000422c                ColorcheckHandle
                0x0000000020004230                temp_state
                0x0000000020004234                GyroReadySemHandle
                0x0000000020004238                ApriltagSemHandle
                0x000000002000423c                MileageNegSemHandle
                0x0000000020004240                huart4
                0x0000000020004284                htim2
                0x00000000200042cc                huart2
                0x0000000020004310                GyroReceiveHandle
 COMMON         0x0000000020004314       0x48 Core/Src/stm32f4xx_hal_timebase_tim.o
                0x0000000020004314                htim1
 COMMON         0x000000002000435c        0x4 Drivers/STM32F4xx_HAL_Driver/Src/stm32f4xx_hal.o
                0x000000002000435c                uwTick
                0x0000000020004360                . = ALIGN (0x4)
                0x0000000020004360                _ebss = .
                0x0000000020004360                __bss_end__ = _ebss

._user_heap_stack
                0x0000000020004360      0x600 load address 0x0000000008009030
                0x0000000020004360                . = ALIGN (0x8)
                [!provide]                        PROVIDE (end = .)
                0x0000000020004360                PROVIDE (_end = .)
                0x0000000020004560                . = (. + _Min_Heap_Size)
 *fill*         0x0000000020004360      0x200 
                0x0000000020004960                . = (. + _Min_Stack_Size)
 *fill*         0x0000000020004560      0x400 
                0x0000000020004960                . = ALIGN (0x8)

/DISCARD/
 libc.a(*)
 libm.a(*)
 libgcc.a(*)

.ARM.attributes
                0x0000000000000000       0x30
 *(.ARM.attributes)
 .ARM.attributes
                0x0000000000000000       0x1e c:/st/stm32cubeide_1.6.0/stm32cubeide/plugins/com.st.stm32cube.ide.mcu.externaltools.gnu-tools-for-stm32.9-2020-q2-update.win32_1.5.0.202011040924/tools/bin/../lib/gcc/arm-none-eabi/9.3.1/thumb/v7e-m+fp/hard/crti.o
 .ARM.attributes
                0x000000000000001e       0x34 c:/st/stm32cubeide_1.6.0/stm32cubeide/plugins/com.st.stm32cube.ide.mcu.externaltools.gnu-tools-for-stm32.9-2020-q2-update.win32_1.5.0.202011040924/tools/bin/../lib/gcc/arm-none-eabi/9.3.1/thumb/v7e-m+fp/hard/crtbegin.o
 .ARM.attributes
                0x0000000000000052       0x34 Core/Src/freertos.o
 .ARM.attributes
                0x0000000000000086       0x34 Core/Src/main.o
 .ARM.attributes
                0x00000000000000ba       0x34 Core/Src/stm32f4xx_hal_msp.o
 .ARM.attributes
                0x00000000000000ee       0x34 Core/Src/stm32f4xx_hal_timebase_tim.o
 .ARM.attributes
                0x0000000000000122       0x34 Core/Src/stm32f4xx_it.o
 .ARM.attributes
                0x0000000000000156       0x34 Core/Src/system_stm32f4xx.o
 .ARM.attributes
                0x000000000000018a       0x21 Core/Startup/startup_stm32f407zgtx.o
 .ARM.attributes
                0x00000000000001ab       0x34 Drivers/STM32F4xx_HAL_Driver/Src/stm32f4xx_hal.o
 .ARM.attributes
                0x00000000000001df       0x34 Drivers/STM32F4xx_HAL_Driver/Src/stm32f4xx_hal_cortex.o
 .ARM.attributes
                0x0000000000000213       0x34 Drivers/STM32F4xx_HAL_Driver/Src/stm32f4xx_hal_dma.o
 .ARM.attributes
                0x0000000000000247       0x34 Drivers/STM32F4xx_HAL_Driver/Src/stm32f4xx_hal_gpio.o
 .ARM.attributes
                0x000000000000027b       0x34 Drivers/STM32F4xx_HAL_Driver/Src/stm32f4xx_hal_rcc.o
 .ARM.attributes
                0x00000000000002af       0x34 Drivers/STM32F4xx_HAL_Driver/Src/stm32f4xx_hal_rcc_ex.o
 .ARM.attributes
                0x00000000000002e3       0x34 Drivers/STM32F4xx_HAL_Driver/Src/stm32f4xx_hal_rtc.o
 .ARM.attributes
                0x0000000000000317       0x34 Drivers/STM32F4xx_HAL_Driver/Src/stm32f4xx_hal_tim.o
 .ARM.attributes
                0x000000000000034b       0x34 Drivers/STM32F4xx_HAL_Driver/Src/stm32f4xx_hal_tim_ex.o
 .ARM.attributes
                0x000000000000037f       0x34 Drivers/STM32F4xx_HAL_Driver/Src/stm32f4xx_hal_uart.o
 .ARM.attributes
                0x00000000000003b3       0x34 Middlewares/Third_Party/FreeRTOS/Source/CMSIS_RTOS/cmsis_os.o
 .ARM.attributes
                0x00000000000003e7       0x34 Middlewares/Third_Party/FreeRTOS/Source/list.o
 .ARM.attributes
                0x000000000000041b       0x34 Middlewares/Third_Party/FreeRTOS/Source/queue.o
 .ARM.attributes
                0x000000000000044f       0x34 Middlewares/Third_Party/FreeRTOS/Source/tasks.o
 .ARM.attributes
                0x0000000000000483       0x34 Middlewares/Third_Party/FreeRTOS/Source/portable/GCC/ARM_CM4F/port.o
 .ARM.attributes
                0x00000000000004b7       0x34 Middlewares/Third_Party/FreeRTOS/Source/portable/MemMang/heap_4.o
 .ARM.attributes
                0x00000000000004eb       0x34 c:/st/stm32cubeide_1.6.0/stm32cubeide/plugins/com.st.stm32cube.ide.mcu.externaltools.gnu-tools-for-stm32.9-2020-q2-update.win32_1.5.0.202011040924/tools/bin/../lib/gcc/arm-none-eabi/9.3.1/../../../../arm-none-eabi/lib/thumb/v7e-m+fp/hard\libc_nano.a(lib_a-init.o)
 .ARM.attributes
                0x000000000000051f       0x34 c:/st/stm32cubeide_1.6.0/stm32cubeide/plugins/com.st.stm32cube.ide.mcu.externaltools.gnu-tools-for-stm32.9-2020-q2-update.win32_1.5.0.202011040924/tools/bin/../lib/gcc/arm-none-eabi/9.3.1/../../../../arm-none-eabi/lib/thumb/v7e-m+fp/hard\libc_nano.a(lib_a-memcpy-stub.o)
 .ARM.attributes
                0x0000000000000553       0x34 c:/st/stm32cubeide_1.6.0/stm32cubeide/plugins/com.st.stm32cube.ide.mcu.externaltools.gnu-tools-for-stm32.9-2020-q2-update.win32_1.5.0.202011040924/tools/bin/../lib/gcc/arm-none-eabi/9.3.1/../../../../arm-none-eabi/lib/thumb/v7e-m+fp/hard\libc_nano.a(lib_a-memset.o)
 .ARM.attributes
                0x0000000000000587       0x1e c:/st/stm32cubeide_1.6.0/stm32cubeide/plugins/com.st.stm32cube.ide.mcu.externaltools.gnu-tools-for-stm32.9-2020-q2-update.win32_1.5.0.202011040924/tools/bin/../lib/gcc/arm-none-eabi/9.3.1/thumb/v7e-m+fp/hard\libgcc.a(_arm_addsubdf3.o)
 .ARM.attributes
                0x00000000000005a5       0x1e c:/st/stm32cubeide_1.6.0/stm32cubeide/plugins/com.st.stm32cube.ide.mcu.externaltools.gnu-tools-for-stm32.9-2020-q2-update.win32_1.5.0.202011040924/tools/bin/../lib/gcc/arm-none-eabi/9.3.1/thumb/v7e-m+fp/hard\libgcc.a(_arm_muldivdf3.o)
 .ARM.attributes
                0x00000000000005c3       0x1e c:/st/stm32cubeide_1.6.0/stm32cubeide/plugins/com.st.stm32cube.ide.mcu.externaltools.gnu-tools-for-stm32.9-2020-q2-update.win32_1.5.0.202011040924/tools/bin/../lib/gcc/arm-none-eabi/9.3.1/thumb/v7e-m+fp/hard\libgcc.a(_arm_fixdfsi.o)
 .ARM.attributes
                0x00000000000005e1       0x1e c:/st/stm32cubeide_1.6.0/stm32cubeide/plugins/com.st.stm32cube.ide.mcu.externaltools.gnu-tools-for-stm32.9-2020-q2-update.win32_1.5.0.202011040924/tools/bin/../lib/gcc/arm-none-eabi/9.3.1/thumb/v7e-m+fp/hard\libgcc.a(_arm_truncdfsf2.o)
 .ARM.attributes
                0x00000000000005ff       0x1e c:/st/stm32cubeide_1.6.0/stm32cubeide/plugins/com.st.stm32cube.ide.mcu.externaltools.gnu-tools-for-stm32.9-2020-q2-update.win32_1.5.0.202011040924/tools/bin/../lib/gcc/arm-none-eabi/9.3.1/thumb/v7e-m+fp/hard\libgcc.a(_aeabi_uldivmod.o)
 .ARM.attributes
                0x000000000000061d       0x34 c:/st/stm32cubeide_1.6.0/stm32cubeide/plugins/com.st.stm32cube.ide.mcu.externaltools.gnu-tools-for-stm32.9-2020-q2-update.win32_1.5.0.202011040924/tools/bin/../lib/gcc/arm-none-eabi/9.3.1/thumb/v7e-m+fp/hard\libgcc.a(_udivmoddi4.o)
 .ARM.attributes
                0x0000000000000651       0x1e c:/st/stm32cubeide_1.6.0/stm32cubeide/plugins/com.st.stm32cube.ide.mcu.externaltools.gnu-tools-for-stm32.9-2020-q2-update.win32_1.5.0.202011040924/tools/bin/../lib/gcc/arm-none-eabi/9.3.1/thumb/v7e-m+fp/hard\libgcc.a(_dvmd_tls.o)
 .ARM.attributes
                0x000000000000066f       0x1e c:/st/stm32cubeide_1.6.0/stm32cubeide/plugins/com.st.stm32cube.ide.mcu.externaltools.gnu-tools-for-stm32.9-2020-q2-update.win32_1.5.0.202011040924/tools/bin/../lib/gcc/arm-none-eabi/9.3.1/thumb/v7e-m+fp/hard/crtn.o
OUTPUT(os2.elf elf32-littlearm)
LOAD linker stubs
LOAD c:/st/stm32cubeide_1.6.0/stm32cubeide/plugins/com.st.stm32cube.ide.mcu.externaltools.gnu-tools-for-stm32.9-2020-q2-update.win32_1.5.0.202011040924/tools/bin/../lib/gcc/arm-none-eabi/9.3.1/../../../../arm-none-eabi/lib/thumb/v7e-m+fp/hard\libc.a
LOAD c:/st/stm32cubeide_1.6.0/stm32cubeide/plugins/com.st.stm32cube.ide.mcu.externaltools.gnu-tools-for-stm32.9-2020-q2-update.win32_1.5.0.202011040924/tools/bin/../lib/gcc/arm-none-eabi/9.3.1/../../../../arm-none-eabi/lib/thumb/v7e-m+fp/hard\libm.a
LOAD c:/st/stm32cubeide_1.6.0/stm32cubeide/plugins/com.st.stm32cube.ide.mcu.externaltools.gnu-tools-for-stm32.9-2020-q2-update.win32_1.5.0.202011040924/tools/bin/../lib/gcc/arm-none-eabi/9.3.1/thumb/v7e-m+fp/hard\libgcc.a

.comment        0x0000000000000000       0x53
 .comment       0x0000000000000000       0x53 Core/Src/freertos.o
                                         0x54 (size before relaxing)
 .comment       0x0000000000000053       0x54 Core/Src/main.o
 .comment       0x0000000000000053       0x54 Core/Src/stm32f4xx_hal_msp.o
 .comment       0x0000000000000053       0x54 Core/Src/stm32f4xx_hal_timebase_tim.o
 .comment       0x0000000000000053       0x54 Core/Src/stm32f4xx_it.o
 .comment       0x0000000000000053       0x54 Core/Src/system_stm32f4xx.o
 .comment       0x0000000000000053       0x54 Drivers/STM32F4xx_HAL_Driver/Src/stm32f4xx_hal.o
 .comment       0x0000000000000053       0x54 Drivers/STM32F4xx_HAL_Driver/Src/stm32f4xx_hal_cortex.o
 .comment       0x0000000000000053       0x54 Drivers/STM32F4xx_HAL_Driver/Src/stm32f4xx_hal_dma.o
 .comment       0x0000000000000053       0x54 Drivers/STM32F4xx_HAL_Driver/Src/stm32f4xx_hal_gpio.o
 .comment       0x0000000000000053       0x54 Drivers/STM32F4xx_HAL_Driver/Src/stm32f4xx_hal_rcc.o
 .comment       0x0000000000000053       0x54 Drivers/STM32F4xx_HAL_Driver/Src/stm32f4xx_hal_rcc_ex.o
 .comment       0x0000000000000053       0x54 Drivers/STM32F4xx_HAL_Driver/Src/stm32f4xx_hal_rtc.o
 .comment       0x0000000000000053       0x54 Drivers/STM32F4xx_HAL_Driver/Src/stm32f4xx_hal_tim.o
 .comment       0x0000000000000053       0x54 Drivers/STM32F4xx_HAL_Driver/Src/stm32f4xx_hal_tim_ex.o
 .comment       0x0000000000000053       0x54 Drivers/STM32F4xx_HAL_Driver/Src/stm32f4xx_hal_uart.o
 .comment       0x0000000000000053       0x54 Middlewares/Third_Party/FreeRTOS/Source/CMSIS_RTOS/cmsis_os.o
 .comment       0x0000000000000053       0x54 Middlewares/Third_Party/FreeRTOS/Source/list.o
 .comment       0x0000000000000053       0x54 Middlewares/Third_Party/FreeRTOS/Source/queue.o
 .comment       0x0000000000000053       0x54 Middlewares/Third_Party/FreeRTOS/Source/tasks.o
 .comment       0x0000000000000053       0x54 Middlewares/Third_Party/FreeRTOS/Source/portable/GCC/ARM_CM4F/port.o
 .comment       0x0000000000000053       0x54 Middlewares/Third_Party/FreeRTOS/Source/portable/MemMang/heap_4.o

.debug_frame    0x0000000000000000      0x218
 .debug_frame   0x0000000000000000       0x2c c:/st/stm32cubeide_1.6.0/stm32cubeide/plugins/com.st.stm32cube.ide.mcu.externaltools.gnu-tools-for-stm32.9-2020-q2-update.win32_1.5.0.202011040924/tools/bin/../lib/gcc/arm-none-eabi/9.3.1/../../../../arm-none-eabi/lib/thumb/v7e-m+fp/hard\libc_nano.a(lib_a-init.o)
 .debug_frame   0x000000000000002c       0x28 c:/st/stm32cubeide_1.6.0/stm32cubeide/plugins/com.st.stm32cube.ide.mcu.externaltools.gnu-tools-for-stm32.9-2020-q2-update.win32_1.5.0.202011040924/tools/bin/../lib/gcc/arm-none-eabi/9.3.1/../../../../arm-none-eabi/lib/thumb/v7e-m+fp/hard\libc_nano.a(lib_a-memcpy-stub.o)
 .debug_frame   0x0000000000000054       0x20 c:/st/stm32cubeide_1.6.0/stm32cubeide/plugins/com.st.stm32cube.ide.mcu.externaltools.gnu-tools-for-stm32.9-2020-q2-update.win32_1.5.0.202011040924/tools/bin/../lib/gcc/arm-none-eabi/9.3.1/../../../../arm-none-eabi/lib/thumb/v7e-m+fp/hard\libc_nano.a(lib_a-memset.o)
 .debug_frame   0x0000000000000074       0xac c:/st/stm32cubeide_1.6.0/stm32cubeide/plugins/com.st.stm32cube.ide.mcu.externaltools.gnu-tools-for-stm32.9-2020-q2-update.win32_1.5.0.202011040924/tools/bin/../lib/gcc/arm-none-eabi/9.3.1/thumb/v7e-m+fp/hard\libgcc.a(_arm_addsubdf3.o)
 .debug_frame   0x0000000000000120       0x50 c:/st/stm32cubeide_1.6.0/stm32cubeide/plugins/com.st.stm32cube.ide.mcu.externaltools.gnu-tools-for-stm32.9-2020-q2-update.win32_1.5.0.202011040924/tools/bin/../lib/gcc/arm-none-eabi/9.3.1/thumb/v7e-m+fp/hard\libgcc.a(_arm_muldivdf3.o)
 .debug_frame   0x0000000000000170       0x24 c:/st/stm32cubeide_1.6.0/stm32cubeide/plugins/com.st.stm32cube.ide.mcu.externaltools.gnu-tools-for-stm32.9-2020-q2-update.win32_1.5.0.202011040924/tools/bin/../lib/gcc/arm-none-eabi/9.3.1/thumb/v7e-m+fp/hard\libgcc.a(_arm_fixdfsi.o)
 .debug_frame   0x0000000000000194       0x24 c:/st/stm32cubeide_1.6.0/stm32cubeide/plugins/com.st.stm32cube.ide.mcu.externaltools.gnu-tools-for-stm32.9-2020-q2-update.win32_1.5.0.202011040924/tools/bin/../lib/gcc/arm-none-eabi/9.3.1/thumb/v7e-m+fp/hard\libgcc.a(_arm_truncdfsf2.o)
 .debug_frame   0x00000000000001b8       0x2c c:/st/stm32cubeide_1.6.0/stm32cubeide/plugins/com.st.stm32cube.ide.mcu.externaltools.gnu-tools-for-stm32.9-2020-q2-update.win32_1.5.0.202011040924/tools/bin/../lib/gcc/arm-none-eabi/9.3.1/thumb/v7e-m+fp/hard\libgcc.a(_aeabi_uldivmod.o)
 .debug_frame   0x00000000000001e4       0x34 c:/st/stm32cubeide_1.6.0/stm32cubeide/plugins/com.st.stm32cube.ide.mcu.externaltools.gnu-tools-for-stm32.9-2020-q2-update.win32_1.5.0.202011040924/tools/bin/../lib/gcc/arm-none-eabi/9.3.1/thumb/v7e-m+fp/hard\libgcc.a(_udivmoddi4.o)
